Component: ARM Compiler 5.06 update 6 (build 750) Tool: armlink [4d35ed]

==============================================================================

Section Cross References

    startup_stm32l433xx.o(RESET) refers to startup_stm32l433xx.o(STACK) for __initial_sp
    startup_stm32l433xx.o(RESET) refers to startup_stm32l433xx.o(.text) for Reset_Handler
    startup_stm32l433xx.o(RESET) refers to stm32l4xx_it.o(i.NMI_Handler) for NMI_Handler
    startup_stm32l433xx.o(RESET) refers to stm32l4xx_it.o(i.HardFault_Handler) for HardFault_Handler
    startup_stm32l433xx.o(RESET) refers to stm32l4xx_it.o(i.MemManage_Handler) for MemManage_Handler
    startup_stm32l433xx.o(RESET) refers to stm32l4xx_it.o(i.BusFault_Handler) for BusFault_Handler
    startup_stm32l433xx.o(RESET) refers to stm32l4xx_it.o(i.UsageFault_Handler) for UsageFault_Handler
    startup_stm32l433xx.o(RESET) refers to port.o(.emb_text) for SVC_Handler
    startup_stm32l433xx.o(RESET) refers to stm32l4xx_it.o(i.DebugMon_Handler) for DebugMon_Handler
    startup_stm32l433xx.o(RESET) refers to stm32l4xx_it.o(i.SysTick_Handler) for SysTick_Handler
    startup_stm32l433xx.o(RESET) refers to gpio-board.o(i.EXTI0_IRQHandler) for EXTI0_IRQHandler
    startup_stm32l433xx.o(RESET) refers to gpio-board.o(i.EXTI1_IRQHandler) for EXTI1_IRQHandler
    startup_stm32l433xx.o(RESET) refers to gpio-board.o(i.EXTI2_IRQHandler) for EXTI2_IRQHandler
    startup_stm32l433xx.o(RESET) refers to gpio-board.o(i.EXTI3_IRQHandler) for EXTI3_IRQHandler
    startup_stm32l433xx.o(RESET) refers to gpio-board.o(i.EXTI4_IRQHandler) for EXTI4_IRQHandler
    startup_stm32l433xx.o(RESET) refers to gpio-board.o(i.EXTI9_5_IRQHandler) for EXTI9_5_IRQHandler
    startup_stm32l433xx.o(RESET) refers to stm32l4xx_it.o(i.USART1_IRQHandler) for USART1_IRQHandler
    startup_stm32l433xx.o(RESET) refers to stm32l4xx_it.o(i.USART3_IRQHandler) for USART3_IRQHandler
    startup_stm32l433xx.o(RESET) refers to gpio-board.o(i.EXTI15_10_IRQHandler) for EXTI15_10_IRQHandler
    startup_stm32l433xx.o(RESET) refers to stm32l4xx_it.o(i.TIM7_IRQHandler) for TIM7_IRQHandler
    startup_stm32l433xx.o(.text) refers to system_stm32l4xx.o(i.SystemInit) for SystemInit
    startup_stm32l433xx.o(.text) refers to entry.o(.ARM.Collect$$$$00000000) for __main
    ext_flash.o(i.ext_flash_Get_Size) refers to ext_flash.o(.data) for u32_ext_flash_size
    ext_flash.o(i.ext_flash_deep_powerdown) refers to ext_flash.o(i.flash_ext_wr_rd) for flash_ext_wr_rd
    ext_flash.o(i.ext_flash_deinit) refers to ext_flash.o(i.ext_flash_deep_powerdown) for ext_flash_deep_powerdown
    ext_flash.o(i.ext_flash_deinit) refers to ext_flash.o(i.ext_flash_power_off) for ext_flash_power_off
    ext_flash.o(i.ext_flash_deinit) refers to queue.o(i.vQueueDelete) for vQueueDelete
    ext_flash.o(i.ext_flash_deinit) refers to ext_flash.o(.data) for xMutex
    ext_flash.o(i.ext_flash_erase_block) refers to queue.o(i.xQueueTakeMutexRecursive) for xQueueTakeMutexRecursive
    ext_flash.o(i.ext_flash_erase_block) refers to ext_flash.o(i.ext_flash_power_on) for ext_flash_power_on
    ext_flash.o(i.ext_flash_erase_block) refers to ext_flash.o(i.ext_flash_last_write_or_erase_done) for ext_flash_last_write_or_erase_done
    ext_flash.o(i.ext_flash_erase_block) refers to ext_flash.o(i.flash_ext_wr_rd) for flash_ext_wr_rd
    ext_flash.o(i.ext_flash_erase_block) refers to queue.o(i.xQueueGiveMutexRecursive) for xQueueGiveMutexRecursive
    ext_flash.o(i.ext_flash_erase_block) refers to ext_flash.o(.data) for xMutex
    ext_flash.o(i.ext_flash_erase_block) refers to ext_flash.o(.constdata) for .constdata
    ext_flash.o(i.ext_flash_erase_sector) refers to queue.o(i.xQueueTakeMutexRecursive) for xQueueTakeMutexRecursive
    ext_flash.o(i.ext_flash_erase_sector) refers to ext_flash.o(i.ext_flash_power_on) for ext_flash_power_on
    ext_flash.o(i.ext_flash_erase_sector) refers to ext_flash.o(i.ext_flash_last_write_or_erase_done) for ext_flash_last_write_or_erase_done
    ext_flash.o(i.ext_flash_erase_sector) refers to ext_flash.o(i.flash_ext_wr_rd) for flash_ext_wr_rd
    ext_flash.o(i.ext_flash_erase_sector) refers to queue.o(i.xQueueGiveMutexRecursive) for xQueueGiveMutexRecursive
    ext_flash.o(i.ext_flash_erase_sector) refers to ext_flash.o(.data) for xMutex
    ext_flash.o(i.ext_flash_erase_sector) refers to ext_flash.o(.constdata) for .constdata
    ext_flash.o(i.ext_flash_init) refers to queue.o(i.xQueueCreateMutex) for xQueueCreateMutex
    ext_flash.o(i.ext_flash_init) refers to ext_flash.o(.data) for xMutex
    ext_flash.o(i.ext_flash_is_detected) refers to ext_flash.o(i.ext_flash_power_on) for ext_flash_power_on
    ext_flash.o(i.ext_flash_is_detected) refers to ext_flash.o(i.vd_ext_flash_reset) for vd_ext_flash_reset
    ext_flash.o(i.ext_flash_is_detected) refers to ext_flash.o(i.ext_flash_read_id) for ext_flash_read_id
    ext_flash.o(i.ext_flash_is_detected) refers to ext_flash.o(.data) for ext_flash_is_enable
[...]
    SX1276SetOpMode                          0x0800cbd5   Thumb Code    50  sx1276.o(i.SX1276SetOpMode)
    SX1276SetPublicNetwork                   0x0800cc09   Thumb Code    40  sx1276.o(i.SX1276SetPublicNetwork)
    SX1276SetRfTxPower                       0x0800cc35   Thumb Code   188  sx1276-board.o(i.SX1276SetRfTxPower)
    SX1276SetRx                              0x0800ccf5   Thumb Code   644  sx1276.o(i.SX1276SetRx)
    SX1276SetRxConfig                        0x0800cf89   Thumb Code   810  sx1276.o(i.SX1276SetRxConfig)
    SX1276SetSleep                           0x0800d2f1   Thumb Code    30  sx1276.o(i.SX1276SetSleep)
    SX1276SetStby                            0x0800d31d   Thumb Code    30  sx1276.o(i.SX1276SetStby)
    SX1276SetTx                              0x0800d349   Thumb Code   188  sx1276.o(i.SX1276SetTx)
    SX1276SetTxConfig                        0x0800d40d   Thumb Code   612  sx1276.o(i.SX1276SetTxConfig)
    SX1276SetTxContinuousWave                0x0800d68d   Thumb Code   132  sx1276.o(i.SX1276SetTxContinuousWave)
    SX1276StartCad                           0x0800d719   Thumb Code    66  sx1276.o(i.SX1276StartCad)
    SX1276Write                              0x0800d761   Thumb Code    16  sx1276.o(i.SX1276Write)
    SX1276WriteBuffer                        0x0800d771   Thumb Code    64  sx1276.o(i.SX1276WriteBuffer)
    SX1276WriteFifo                          0x0800d7b5   Thumb Code    18  sx1276.o(i.SX1276WriteFifo)
    Send                                     0x0800d94d   Thumb Code   122  loramac.o(i.Send)
    SendFrameOnChannel                       0x0800d9d5   Thumb Code   156  loramac.o(i.SendFrameOnChannel)
    SendMsgOnly                              0x0800da99   Thumb Code   150  stpm32.o(i.SendMsgOnly)
    SetTxContinuousWave                      0x0800db59   Thumb Code    94  loramac.o(i.SetTxContinuousWave)
    SetTxContinuousWave1                     0x0800dbcd   Thumb Code    52  loramac.o(i.SetTxContinuousWave1)
    SpiInOut                                 0x0800dc0d   Thumb Code    14  spi-board.o(i.SpiInOut)
    StartDefaultTask                         0x0800dc1b   Thumb Code    10  freertos.o(i.StartDefaultTask)
    StartSPI2                                0x0800dc25   Thumb Code  1794  freertos.o(i.StartSPI2)
    StartUSART1                              0x0800e391   Thumb Code   602  freertos.o(i.StartUSART1)
    StartUSART3                              0x0800e6e9   Thumb Code   764  freertos.o(i.StartUSART3)
    SysTick_Handler                          0x0800ec01   Thumb Code    20  stm32l4xx_it.o(i.SysTick_Handler)
    SystemClock_Config                       0x0800ec15   Thumb Code   210  main.o(i.SystemClock_Config)
    SystemInit                               0x0800eced   Thumb Code    68  system_stm32l4xx.o(i.SystemInit)
    SystemReset                              0x0800ed3d   Thumb Code    88  freertos.o(i.SystemReset)
    TIM7_GetTimeMs                           0x0800edbd   Thumb Code    36  tim.o(i.TIM7_GetTimeMs)
    TIM7_IRQHandler                          0x0800ede9   Thumb Code    10  stm32l4xx_it.o(i.TIM7_IRQHandler)
    TIM_Base_SetConfig                       0x0800edf9   Thumb Code   104  stm32l4xx_hal_tim.o(i.TIM_Base_SetConfig)
    TimerGetCurrentTime                      0x0800ee8d   Thumb Code     8  timer.o(i.TimerGetCurrentTime)
    TimerGetElapsedTime                      0x0800ee95   Thumb Code    12  timer.o(i.TimerGetElapsedTime)
    TimerGetValue                            0x0800eea1   Thumb Code     8  timer.o(i.TimerGetValue)
    TimerInit                                0x0800eea9   Thumb Code    14  timer.o(i.TimerInit)
    TimerIrqHandler                          0x0800ef51   Thumb Code   136  timer.o(i.TimerIrqHandler)
    TimerSetValue                            0x0800effd   Thumb Code    18  timer.o(i.TimerSetValue)
    TimerStart                               0x0800f011   Thumb Code   132  timer.o(i.TimerStart)
    TimerStop                                0x0800f099   Thumb Code   230  timer.o(i.TimerStop)
    UART_AdvFeatureConfig                    0x0800f185   Thumb Code   248  stm32l4xx_hal_uart.o(i.UART_AdvFeatureConfig)
    UART_CheckIdleState                      0x0800f27d   Thumb Code   110  stm32l4xx_hal_uart.o(i.UART_CheckIdleState)
    UART_SetConfig                           0x0800f415   Thumb Code   972  stm32l4xx_hal_uart.o(i.UART_SetConfig)
    UART_WaitOnFlagUntilTimeout              0x0800f80b   Thumb Code   180  stm32l4xx_hal_uart.o(i.UART_WaitOnFlagUntilTimeout)
    USART1_IRQHandler                        0x0800f8c1   Thumb Code    10  stm32l4xx_it.o(i.USART1_IRQHandler)
    USART3_IRQHandler                        0x0800f8d1   Thumb Code    54  stm32l4xx_it.o(i.USART3_IRQHandler)
    USART3_PINSET_RX                         0x0800f919   Thumb Code    26  usart.o(i.USART3_PINSET_RX)
    USART3_PINSET_TX                         0x0800f939   Thumb Code    26  usart.o(i.USART3_PINSET_TX)
    USB_CoreInit                             0x0800f959   Thumb Code     8  stm32l4xx_ll_usb.o(i.USB_CoreInit)
    USB_DevDisconnect                        0x0800f961   Thumb Code    18  stm32l4xx_ll_usb.o(i.USB_DevDisconnect)
    USB_DevInit                              0x0800f973   Thumb Code    30  stm32l4xx_ll_usb.o(i.USB_DevInit)
    USB_DisableGlobalInt                     0x0800f991   Thumb Code    20  stm32l4xx_ll_usb.o(i.USB_DisableGlobalInt)
    USB_EnableGlobalInt                      0x0800f9a5   Thumb Code    20  stm32l4xx_ll_usb.o(i.USB_EnableGlobalInt)
    USB_SetCurrentMode                       0x0800f9b9   Thumb Code     6  stm32l4xx_ll_usb.o(i.USB_SetCurrentMode)
    UsageFault_Handler                       0x0800f9bf   Thumb Code     4  stm32l4xx_it.o(i.UsageFault_Handler)
    __0vsprintf                              0x0800fa29   Thumb Code    30  printfa.o(i.__0vsprintf)
    __1vsprintf                              0x0800fa29   Thumb Code     0  printfa.o(i.__0vsprintf)
    __2vsprintf                              0x0800fa29   Thumb Code     0  printfa.o(i.__0vsprintf)
    __c89vsprintf                            0x0800fa29   Thumb Code     0  printfa.o(i.__0vsprintf)
    vsprintf                                 0x0800fa29   Thumb Code     0  printfa.o(i.__0vsprintf)
    __hardfp_ceil                            0x0800fa89   Thumb Code   252  ceil.o(i.__hardfp_ceil)
    __hardfp_floor                           0x0800fba1   Thumb Code   252  floor.o(i.__hardfp_floor)
    __hardfp_round                           0x0800fcb9   Thumb Code   194  round.o(i.__hardfp_round)
    __scatterload_copy                       0x0800fd99   Thumb Code    14  handlers.o(i.__scatterload_copy)
    __scatterload_null                       0x0800fda7   Thumb Code     2  handlers.o(i.__scatterload_null)
    __scatterload_zeroinit                   0x0800fda9   Thumb Code    14  handlers.o(i.__scatterload_zeroinit)
    aes_encrypt                              0x08010693   Thumb Code    90  aes.o(i.aes_encrypt)
    aes_set_key                              0x080106ed   Thumb Code   312  aes.o(i.aes_set_key)
    defaultIDLE                              0x08010939   Thumb Code    10  freertos.o(i.defaultIDLE)
    ext_flash_erase_block                    0x08010945   Thumb Code    98  ext_flash.o(i.ext_flash_erase_block)
    ext_flash_erase_sector                   0x080109b9   Thumb Code    98  ext_flash.o(i.ext_flash_erase_sector)
    ext_flash_init                           0x08010a2d   Thumb Code    14  ext_flash.o(i.ext_flash_init)
    ext_flash_is_detected                    0x08010a41   Thumb Code    40  ext_flash.o(i.ext_flash_is_detected)
    ext_flash_last_write_or_erase_done       0x08010a6d   Thumb Code    40  ext_flash.o(i.ext_flash_last_write_or_erase_done)
    ext_flash_power_on                       0x08010a9d   Thumb Code    36  ext_flash.o(i.ext_flash_power_on)
    ext_flash_read                           0x08010ae5   Thumb Code   104  ext_flash.o(i.ext_flash_read)
    ext_flash_write                          0x08010c41   Thumb Code   144  ext_flash.o(i.ext_flash_write)
    main                                     0x08010de9   Thumb Code   282  main.o(i.main)
    memcpy1                                  0x0801109f   Thumb Code    24  utilities.o(i.memcpy1)
    memcpyr                                  0x080110b7   Thumb Code    28  utilities.o(i.memcpyr)
    memset1                                  0x080110d3   Thumb Code    20  utilities.o(i.memset1)
    myprintf                                 0x0801136d   Thumb Code    64  usart.o(i.myprintf)
    osDelay                                  0x080113b1   Thumb Code    24  cmsis_os.o(i.osDelay)
    osKernelStart                            0x080113c9   Thumb Code    10  cmsis_os.o(i.osKernelStart)
    osSemaphoreCreate                        0x080113d3   Thumb Code    74  cmsis_os.o(i.osSemaphoreCreate)
    osThreadCreate                           0x0801141d   Thumb Code    94  cmsis_os.o(i.osThreadCreate)
    pvPortMalloc                             0x08011a95   Thumb Code   296  heap_4.o(i.pvPortMalloc)
    pvTaskIncrementMutexHeldCount            0x08011bd1   Thumb Code    26  tasks.o(i.pvTaskIncrementMutexHeldCount)
    pxPortInitialiseStack                    0x08011bf1   Thumb Code    38  port.o(i.pxPortInitialiseStack)
    rand1                                    0x08011c1d   Thumb Code    32  utilities.o(i.rand1)
    randr                                    0x08011c45   Thumb Code    26  utilities.o(i.randr)
    srand1                                   0x08011cd1   Thumb Code     6  utilities.o(i.srand1)
    strcmp_n                                 0x08011cdd   Thumb Code    54  freertos.o(i.strcmp_n)
    strcpy_n                                 0x08011d13   Thumb Code    24  freertos.o(i.strcpy_n)
    uint8_cpy                                0x08011d2b   Thumb Code    20  freertos.o(i.uint8_cpy)
    uxListRemove                             0x08011d3f   Thumb Code    40  list.o(i.uxListRemove)
    uxTaskPriorityGet                        0x08011d69   Thumb Code    30  tasks.o(i.uxTaskPriorityGet)
    vApplicationGetIdleTaskMemory            0x08011d8d   Thumb Code    14  freertos.o(i.vApplicationGetIdleTaskMemory)
    vListInitialise                          0x08011da5   Thumb Code    26  list.o(i.vListInitialise)
    vListInitialiseItem                      0x08011dbf   Thumb Code     6  list.o(i.vListInitialiseItem)
    vListInsert                              0x08011dc5   Thumb Code    52  list.o(i.vListInsert)
    vListInsertEnd                           0x08011df9   Thumb Code    24  list.o(i.vListInsertEnd)
    vPortEnterCritical                       0x08011e11   Thumb Code    76  port.o(i.vPortEnterCritical)
    vPortExitCritical                        0x08011e65   Thumb Code    56  port.o(i.vPortExitCritical)
    vPortFree                                0x08011ea1   Thumb Code   140  heap_4.o(i.vPortFree)
    vPortSetupTimerInterrupt                 0x08011f35   Thumb Code    36  port.o(i.vPortSetupTimerInterrupt)
    vTaskDelay                               0x08011f5d   Thumb Code    82  tasks.o(i.vTaskDelay)
    vTaskInternalSetTimeOutState             0x08011fb9   Thumb Code    14  tasks.o(i.vTaskInternalSetTimeOutState)
    vTaskMissedYield                         0x08011fd1   Thumb Code     8  tasks.o(i.vTaskMissedYield)
    vTaskPlaceOnEventList                    0x08011fdd   Thumb Code    52  tasks.o(i.vTaskPlaceOnEventList)
    vTaskPriorityDisinheritAfterTimeout      0x08012015   Thumb Code   230  tasks.o(i.vTaskPriorityDisinheritAfterTimeout)
    vTaskStartScheduler                      0x08012109   Thumb Code   146  tasks.o(i.vTaskStartScheduler)
    vTaskSuspendAll                          0x080121b9   Thumb Code    12  tasks.o(i.vTaskSuspendAll)
    vTaskSwitchContext                       0x080121c9   Thumb Code   118  tasks.o(i.vTaskSwitchContext)
    xPortStartScheduler                      0x08012285   Thumb Code   330  port.o(i.xPortStartScheduler)
    xPortSysTickHandler                      0x080123ed   Thumb Code    46  port.o(i.xPortSysTickHandler)
    xQueueCreateMutex                        0x08012421   Thumb Code    34  queue.o(i.xQueueCreateMutex)
    xQueueGenericCreate                      0x08012443   Thumb Code    96  queue.o(i.xQueueGenericCreate)
    xQueueGenericCreateStatic                0x080124a3   Thumb Code   224  queue.o(i.xQueueGenericCreateStatic)
    xQueueGenericReset                       0x08012585   Thumb Code   146  queue.o(i.xQueueGenericReset)
    xQueueGenericSend                        0x0801261d   Thumb Code   420  queue.o(i.xQueueGenericSend)
    xQueueGiveMutexRecursive                 0x080127c5   Thumb Code    72  queue.o(i.xQueueGiveMutexRecursive)
    xQueueSemaphoreTake                      0x0801280d   Thumb Code   434  queue.o(i.xQueueSemaphoreTake)
    xQueueTakeMutexRecursive                 0x080129c5   Thumb Code    78  queue.o(i.xQueueTakeMutexRecursive)
    xTaskCheckForTimeOut                     0x08012a15   Thumb Code   132  tasks.o(i.xTaskCheckForTimeOut)
    xTaskCreate                              0x08012aa1   Thumb Code   100  tasks.o(i.xTaskCreate)
    xTaskCreateStatic                        0x08012b0b   Thumb Code   186  tasks.o(i.xTaskCreateStatic)
    xTaskGetCurrentTaskHandle                0x08012bcd   Thumb Code     6  tasks.o(i.xTaskGetCurrentTaskHandle)
    xTaskGetSchedulerState                   0x08012bd9   Thumb Code    24  tasks.o(i.xTaskGetSchedulerState)
    xTaskIncrementTick                       0x08012bf9   Thumb Code   282  tasks.o(i.xTaskIncrementTick)
    xTaskPriorityDisinherit                  0x08012d41   Thumb Code   188  tasks.o(i.xTaskPriorityDisinherit)
    xTaskPriorityInherit                     0x08012e09   Thumb Code   186  tasks.o(i.xTaskPriorityInherit)
    xTaskRemoveFromEventList                 0x08012ed1   Thumb Code   128  tasks.o(i.xTaskRemoveFromEventList)
    xTaskResumeAll                           0x08012f69   Thumb Code   224  tasks.o(i.xTaskResumeAll)
    AHBPrescTable                            0x080131cc   Data          16  system_stm32l4xx.o(.constdata)
    APBPrescTable                            0x080131dc   Data           8  system_stm32l4xx.o(.constdata)
    MSIRangeTable                            0x080131e4   Data          48  system_stm32l4xx.o(.constdata)
    RadioRegsInit                            0x08013260   Data          48  sx1276.o(.constdata)
    FskBandwidths                            0x08013290   Data         176  sx1276.o(.constdata)
    Radio                                    0x08013640   Data         108  sx1276-board.o(.constdata)
    Region$$Table$$Base                      0x08014350   Number         0  anon$$obj.o(Region$$Table)
    Region$$Table$$Limit                     0x08014370   Number         0  anon$$obj.o(Region$$Table)
    PH_Period                                0x20000049   Data           5  stpm32.o(.data)
    CH1_RMS                                  0x2000004e   Data           5  stpm32.o(.data)
    C1_PHA                                   0x20000053   Data           5  stpm32.o(.data)
    PH1_Active_Energy                        0x20000058   Data           5  stpm32.o(.data)
    PH1_Fundamental_Energy                   0x2000005d   Data           5  stpm32.o(.data)
    PH1_Reactive_Energy                      0x20000062   Data           5  stpm32.o(.data)
    PH1_Apparent_Energy                      0x20000067   Data           5  stpm32.o(.data)
    PH1_Active_Power                         0x2000006c   Data           5  stpm32.o(.data)
    PH1_Fundamental_Power                    0x20000071   Data           5  stpm32.o(.data)
    PH1_Reactive_Power                       0x20000076   Data           5  stpm32.o(.data)
    PH1_Apparent_RMS_Power                   0x2000007b   Data           5  stpm32.o(.data)
    Total_Active_Energy                      0x20000080   Data           5  stpm32.o(.data)
    Total_Fundamental_Energy                 0x20000085   Data           5  stpm32.o(.data)
    Total_Reactive_Energy                    0x2000008a   Data           5  stpm32.o(.data)
    Total_Apparent_Energy                    0x2000008f   Data           5  stpm32.o(.data)
    RT_V1_RMS                                0x20000098   Data           8  stpm32.o(.data)
    RT_C1_RMS                                0x200000a0   Data           8  stpm32.o(.data)
    RT_Active_Pwr                            0x200000a8   Data           8  stpm32.o(.data)
    RT_Tot_Active_Energy                     0x200000b0   Data           8  stpm32.o(.data)
    LoRaMacCallbacks                         0x200000e0   Data           4  hal_loramac.o(.data)
    frame_count                              0x200000e4   Data           4  hal_loramac.o(.data)
    LoRa_RxBuf_Size                          0x200000e8   Data           1  hal_loramac.o(.data)
    LoRa_RxBuf                               0x200000ec   Data           4  hal_loramac.o(.data)
    LoRa_RxPort                              0x200000f0   Data           1  hal_loramac.o(.data)
    Is_LORAWAN_ADR_ON                        0x200000f1   Data           1  hal_loramac.o(.data)
    DevEui                                   0x200000f2   Data           8  hal_loramac.o(.data)
    AppEui                                   0x200000fa   Data           8  hal_loramac.o(.data)
    AppKey                                   0x20000102   Data          16  hal_loramac.o(.data)
    NwkSKey                                  0x20000112   Data          16  hal_loramac.o(.data)
    AppSKey                                  0x20000122   Data          16  hal_loramac.o(.data)
    DevAddr                                  0x20000134   Data           4  hal_loramac.o(.data)
    IsTxConfirmed                            0x2000013b   Data           1  hal_loramac.o(.data)
    TIM7_Irq_Num                             0x20000168   Data           4  main.o(.data)
    ReadBuffer                               0x20000194   Data           5  freertos.o(.data)
    HAL_RxBuffer                             0x20000199   Data           5  freertos.o(.data)
    i                                        0x2000019e   Data           1  freertos.o(.data)
    count                                    0x200001a0   Data           4  freertos.o(.data)
    FlashPointer                             0x200001a4   Data           2  freertos.o(.data)
    STPM32_Task_Count                        0x200001a8   Data           4  freertos.o(.data)
    RxCounter1                               0x200001ac   Data           1  freertos.o(.data)
    ReceiveState                             0x200001ad   Data           1  freertos.o(.data)
    Is_OTAA                                  0x200001ae   Data           1  freertos.o(.data)
    loramac_send_retry_count                 0x200001af   Data           1  freertos.o(.data)
    LoRa_DL_Flag                             0x200001b0   Data           4  freertos.o(.data)
    LoRa_Sendtype                            0x200001b4   Data           1  freertos.o(.data)
    LoRa_UL_Buffer                           0x200001b5   Data           8  freertos.o(.data)
    LoRa_UL_Addr                             0x200001c0   Data           4  freertos.o(.data)
    LoRa_Restart_Flag                        0x200001c4   Data           1  freertos.o(.data)
    LoRa_Task_Count                          0x200001c8   Data           4  freertos.o(.data)
    USART1_Priority                          0x200001d4   Data           4  freertos.o(.data)
    USART3_Priority                          0x200001d8   Data           4  freertos.o(.data)
    SPI1_Priority                            0x200001dc   Data           4  freertos.o(.data)
    SPI2_Priority                            0x200001e0   Data           4  freertos.o(.data)
    defaultTaskHandle                        0x200001e4   Data           4  freertos.o(.data)
    IDLEHandle                               0x200001e8   Data           4  freertos.o(.data)
    USART1Handle                             0x200001ec   Data           4  freertos.o(.data)
    USART3Handle                             0x200001f0   Data           4  freertos.o(.data)
    SPI2Handle                               0x200001f4   Data           4  freertos.o(.data)
    myBinarySem01Handle                      0x200001f8   Data           4  freertos.o(.data)
    uwTick                                   0x200001fc   Data           4  stm32l4xx_hal.o(.data)
    uwTickPrio                               0x20000200   Data           4  stm32l4xx_hal.o(.data)
    uwTickFreq                               0x20000204   Data           4  stm32l4xx_hal.o(.data)
    SystemCoreClock                          0x20000208   Data           4  system_stm32l4xx.o(.data)
    pxCurrentTCB                             0x2000020c   Data           4  tasks.o(.data)
    UpLinkCounter                            0x200002ac   Data           4  loramac.o(.data)
    LoRaMacState                             0x200002d8   Data           4  loramac.o(.data)
    TxTimeOnAir                              0x200002f0   Data           4  loramac.o(.data)
    LoRaMacFlags                             0x200002f6   Data           1  loramac.o(.data)
    DioIrq                                   0x20000344   Data          24  sx1276.o(.data)
    HasLoopedThroughMain                     0x2000035c   Data           1  timer.o(.data)
    RtcCalendarContext                       0x200003a8   Data           2  rtc-board.o(.data)
    McuWakeUpTime                            0x200003ac   Data           4  rtc-board.o(.data)
    LoRaMacPrimitives                        0x200004c4   Data          16  hal_loramac.o(.bss)
    mibReq                                   0x200004d4   Data          12  hal_loramac.o(.bss)
    ComplianceTest                           0x200004e0   Data          20  hal_loramac.o(.bss)
    GpioIrq                                  0x200004f4   Data          64  hal_gpio.o(.bss)
    hspi1                                    0x20000534   Data         100  hal_spi.o(.bss)
    hspi2                                    0x20000598   Data         100  hal_spi.o(.bss)
    aRxBuffer                                0x200006ee   Data         128  freertos.o(.bss)
    htim7                                    0x200009c4   Data          64  tim.o(.bss)
    huart1                                   0x20000a04   Data         128  usart.o(.bss)
    huart3                                   0x20000a84   Data         128  usart.o(.bss)
    hpcd_USB_FS                              0x20000b04   Data         628  usb.o(.bss)
    LoRaMacParams                            0x200086b8   Data          56  loramac.o(.bss)
    LoRaMacParamsDefaults                    0x200086f0   Data          56  loramac.o(.bss)
    SX1276                                   0x20008fcc   Data         236  sx1276.o(.bss)
    TxTimeoutTimer                           0x200090b8   Data          20  sx1276.o(.bss)
    RxTimeoutTimer                           0x200090cc   Data          20  sx1276.o(.bss)
    RxTimeoutSyncWord                        0x200090e0   Data          20  sx1276.o(.bss)
    AntSwitchLf                              0x200090f4   Data          12  sx1276-board.o(.bss)
    AntSwitchHf                              0x20009100   Data          12  sx1276-board.o(.bss)
    __initial_sp                             0x2000e110   Data           0  startup_stm32l433xx.o(STACK)



==============================================================================

Memory Map of the image

  Image Entry point : 0x0800018d

  Load Region LR_IROM1 (Base: 0x08000000, Size: 0x00014740, Max: 0x00040000, ABSOLUTE, COMPRESSED[0x000143e0])

    Execution Region ER_IROM1 (Exec base: 0x08000000, Load base: 0x08000000, Size: 0x00014370, Max: 0x00040000, ABSOLUTE)

    Exec Addr    Load Addr    Size         Type   Attr      Idx    E Section Name        Object

    0x08000000   0x08000000   0x0000018c   Data   RO            3    RESET               startup_stm32l433xx.o
    0x0800018c   0x0800018c   0x00000000   Code   RO         9119  * .ARM.Collect$$$$00000000  mc_w.l(entry.o)
    0x0800018c   0x0800018c   0x00000004   Code   RO         9195    .ARM.Collect$$$$00000001  mc_w.l(entry2.o)
    0x08000190   0x08000190   0x00000004   Code   RO         9198    .ARM.Collect$$$$00000004  mc_w.l(entry5.o)
    0x08000194   0x08000194   0x00000000   Code   RO         9200    .ARM.Collect$$$$00000008  mc_w.l(entry7b.o)
    0x08000194   0x08000194   0x00000000   Code   RO         9202    .ARM.Collect$$$$0000000A  mc_w.l(entry8b.o)
    0x08000194   0x08000194   0x00000008   Code   RO         9203    .ARM.Collect$$$$0000000B  mc_w.l(entry9a.o)
    0x0800019c   0x0800019c   0x00000000   Code   RO         9205    .ARM.Collect$$$$0000000D  mc_w.l(entry10a.o)
    0x0800019c   0x0800019c   0x00000000   Code   RO         9207    .ARM.Collect$$$$0000000F  mc_w.l(entry11a.o)
    0x0800019c   0x0800019c   0x00000004   Code   RO         9196    .ARM.Collect$$$$00002712  mc_w.l(entry2.o)
    0x080001a0   0x080001a0   0x000000de   Code   RO         7018    .emb_text           port.o
    0x0800027e   0x0800027e   0x00000002   PAD
    0x08000280   0x08000280   0x00000024   Code   RO            4    .text               startup_stm32l433xx.o
    0x080002a4   0x080002a4   0x00000068   Code   RO         9122    .text               mc_w.l(uldiv.o)
    0x0800030c   0x0800030c   0x00000024   Code   RO         9127    .text               mc_w.l(memcpya.o)
    0x08000330   0x08000330   0x00000024   Code   RO         9131    .text               mc_w.l(memseta.o)
    0x08000354   0x08000354   0x00000018   Code   RO         9133    .text               mc_w.l(strncpy.o)
    0x0800036c   0x0800036c   0x0000000e   Code   RO         9135    .text               mc_w.l(strlen.o)
    0x0800037a   0x0800037a   0x0000001c   Code   RO         9137    .text               mc_w.l(strcmp.o)
    0x08000396   0x08000396   0x0000001a   Code   RO         9139    .text               mc_w.l(memcmp.o)
    0x080003b0   0x080003b0   0x00000012   Code   RO         9141    .text               mc_w.l(strcpy.o)
    0x080003c2   0x080003c2   0x0000001e   Code   RO         9143    .text               mc_w.l(strncmp.o)
    0x080003e0   0x080003e0   0x0000015e   Code   RO         9175    .text               mf_w.l(dadd.o)
    0x0800053e   0x0800053e   0x000000ea   Code   RO         9177    .text               mf_w.l(dmul.o)
    0x08000628   0x08000628   0x000000de   Code   RO         9179    .text               mf_w.l(ddiv.o)
    0x08000706   0x08000706   0x00000022   Code   RO         9181    .text               mf_w.l(dflti.o)
    0x08000728   0x08000728   0x0000001a   Code   RO         9183    .text               mf_w.l(dfltui.o)
    0x08000742   0x08000742   0x0000003e   Code   RO         9185    .text               mf_w.l(dfixi.o)
    0x08000780   0x08000780   0x00000032   Code   RO         9187    .text               mf_w.l(dfixui.o)
    0x080007b2   0x080007b2   0x00000026   Code   RO         9189    .text               mf_w.l(f2d.o)
    0x080007d8   0x080007d8   0x00000030   Code   RO         9191    .text               mf_w.l(cdcmple.o)
    0x08000808   0x08000808   0x00000030   Code   RO         9193    .text               mf_w.l(cdrcmple.o)
    0x08000838   0x08000838   0x0000002c   Code   RO         9212    .text               mc_w.l(uidiv.o)
    0x08000864   0x08000864   0x0000001e   Code   RO         9214    .text               mc_w.l(llshl.o)
    0x08000882   0x08000882   0x00000020   Code   RO         9216    .text               mc_w.l(llushr.o)
    0x080008a2   0x080008a2   0x00000024   Code   RO         9218    .text               mc_w.l(llsshr.o)
    0x080008c6   0x080008c6   0x00000000   Code   RO         9220    .text               mc_w.l(iusefp.o)
    0x080008c6   0x080008c6   0x000000ba   Code   RO         9221    .text               mf_w.l(depilogue.o)
    0x08000980   0x08000980   0x00000088   Code   RO         9223    .text               mf_w.l(drnd.o)
    0x08000a08   0x08000a08   0x00000030   Code   RO         9225    .text               mf_w.l(dfixul.o)
    0x08000a38   0x08000a38   0x00000024   Code   RO         9227    .text               mc_w.l(init.o)
    0x08000a5c   0x08000a5c   0x00000056   Code   RO         9239    .text               mc_w.l(__dczerorl2.o)
    0x08000ab2   0x08000ab2   0x000001ba   Code   RO         8422    i.AES_CMAC_Final    cmac.o
    0x08000c6c   0x08000c6c   0x00000022   Code   RO         8423    i.AES_CMAC_Init     cmac.o
    0x08000c8e   0x08000c8e   0x00000012   Code   RO         8424    i.AES_CMAC_SetKey   cmac.o
    0x08000ca0   0x08000ca0   0x000000ee   Code   RO         8425    i.AES_CMAC_Update   cmac.o
    0x08000d8e   0x08000d8e   0x00000002   PAD
    0x08000d90   0x08000d90   0x00000508   Code   RO          967    i.AT_HelpString     freertos.o
    0x08001298   0x08001298   0x000001cc   Code   RO         7098    i.AddMacCommand     loramac.o
    0x08001464   0x08001464   0x00000014   Code   RO         8460    i.BoardDisableIrq   board.o
    0x08001478   0x08001478   0x00000018   Code   RO         8461    i.BoardEnableIrq    board.o
    0x08001490   0x08001490   0x00000004   Code   RO         8462    i.BoardGetBatteryLevel  board.o
    0x08001494   0x08001494   0x00000018   Code   RO         8464    i.BoardGetRandomSeed  board.o
    0x080014ac   0x080014ac   0x00000034   Code   RO         8466    i.BoardInitMcu      board.o
    0x080014e0   0x080014e0   0x00000004   Code   RO         1395    i.BusFault_Handler  stm32l4xx_it.o
    0x080014e4   0x080014e4   0x00000028   Code   RO          384    i.CalcCRC8          stpm32.o
    0x0800150c   0x0800150c   0x00000164   Code   RO          385    i.CalcPrint_Active_Energy  stpm32.o
    0x08001670   0x08001670   0x00000168   Code   RO          386    i.CalcPrint_Active_Pwr  stpm32.o
    0x080017d8   0x080017d8   0x00000168   Code   RO          387    i.CalcPrint_App_Energy  stpm32.o
    0x08001940   0x08001940   0x0000016c   Code   RO          388    i.CalcPrint_App_RMS_Pwr  stpm32.o
    0x08001aac   0x08001aac   0x000000b0   Code   RO          389    i.CalcPrint_C1_RMS  stpm32.o
    0x08001b5c   0x08001b5c   0x000001b8   Code   RO          390    i.CalcPrint_Freq    stpm32.o
    0x08001d14   0x08001d14   0x00000168   Code   RO          391    i.CalcPrint_Funda_Energy  stpm32.o
    0x08001e7c   0x08001e7c   0x0000016c   Code   RO          392    i.CalcPrint_Funda_Pwr  stpm32.o
    0x08001fe8   0x08001fe8   0x00000168   Code   RO          393    i.CalcPrint_Phase   stpm32.o
    0x08002150   0x08002150   0x00000168   Code   RO          394    i.CalcPrint_React_Energy  stpm32.o
    0x080022b8   0x080022b8   0x00000168   Code   RO          395    i.CalcPrint_React_Pwr  stpm32.o
    0x08002420   0x08002420   0x0000018c   Code   RO          396    i.CalcPrint_Tot_Active_Energy  stpm32.o
    0x080025ac   0x080025ac   0x0000018c   Code   RO          397    i.CalcPrint_Tot_App_Energy  stpm32.o
    0x08002738   0x08002738   0x00000190   Code   RO          398    i.CalcPrint_Tot_Funda_Energy  stpm32.o
    0x080028c8   0x080028c8   0x0000018c   Code   RO          399    i.CalcPrint_Tot_React_Energy  stpm32.o
    0x08002a54   0x08002a54   0x00000160   Code   RO          400    i.CalcPrint_V1_RMS  stpm32.o
    0x08002bb4   0x08002bb4   0x00000070   Code   RO         7099    i.CalculateBackOff  loramac.o
    0x08002c24   0x08002c24   0x0000003c   Code   RO         7100    i.CheckToDisableAckTimeout  loramac.o
    0x08002c60   0x08002c60   0x00000028   Code   RO         7760    i.CountChannels     regioncommon.o
    0x08002c88   0x08002c88   0x000000c0   Code   RO         7595    i.CountNbOfEnabledChannels  regioncn470.o
    0x08002d48   0x08002d48   0x0000003c   Code   RO          401    i.Crc8Calc          stpm32.o
    0x08002d84   0x08002d84   0x00000002   Code   RO         1396    i.DebugMon_Handler  stm32l4xx_it.o
    0x08002d86   0x08002d86   0x0000000c   Code   RO         8133    i.DelayMs           delay.o
    0x08002d92   0x08002d92   0x0000000c   Code   RO         8607    i.DelayMsMcu        delay-board.o
    0x08002d9e   0x08002d9e   0x0000001a   Code   RO         1185    i.DelayMsPoll       tim.o
    0x08002db8   0x08002db8   0x0000000a   Code   RO         8631    i.EXTI0_IRQHandler  gpio-board.o
    0x08002dc2   0x08002dc2   0x0000000c   Code   RO         8632    i.EXTI15_10_IRQHandler  gpio-board.o
    0x08002dce   0x08002dce   0x0000000a   Code   RO         8633    i.EXTI1_IRQHandler  gpio-board.o
    0x08002dd8   0x08002dd8   0x0000000a   Code   RO         8634    i.EXTI2_IRQHandler  gpio-board.o
    0x08002de2   0x08002de2   0x0000000a   Code   RO         8635    i.EXTI3_IRQHandler  gpio-board.o
    0x08002dec   0x08002dec   0x0000000a   Code   RO         8636    i.EXTI4_IRQHandler  gpio-board.o
    0x08002df6   0x08002df6   0x00000002   Code   RO         8637    i.EXTI9_5_IRQHandler  gpio-board.o
    0x08002df8   0x08002df8   0x0000002c   Code   RO          905    i.Error_Handler     main.o
    0x08002e24   0x08002e24   0x00000034   Code   RO         7596    i.GetBandwidth      regioncn470.o
    0x08002e58   0x08002e58   0x00000038   Code   RO         7870    i.GetFskBandwidthRegValue  sx1276.o
    0x08002e90   0x08002e90   0x00000014   Code   RO         7597    i.GetNextLowerTxDr  regioncn470.o
    0x08002ea4   0x08002ea4   0x0000002a   Code   RO         8206    i.GpioInit          gpio_1.o
    0x08002ece   0x08002ece   0x00000008   Code   RO         8638    i.GpioMcuInit       gpio-board.o
    0x08002ed6   0x08002ed6   0x00000026   Code   RO         8643    i.GpioMcuWrite      gpio-board.o
    0x08002efc   0x08002efc   0x00000010   Code   RO         8211    i.GpioWrite         gpio_1.o
    0x08002f0c   0x08002f0c   0x0000005c   Code   RO         2846    i.HAL_DMA_Abort_IT  stm32l4xx_hal_dma.o
    0x08002f68   0x08002f68   0x00000028   Code   RO         1518    i.HAL_Delay         stm32l4xx_hal.o
    0x08002f90   0x08002f90   0x0000002c   Code   RO         8644    i.HAL_GPIO_EXTI_Callback  gpio-board.o
    0x08002fbc   0x08002fbc   0x0000001c   Code   RO         2780    i.HAL_GPIO_EXTI_IRQHandler  stm32l4xx_hal_gpio.o
    0x08002fd8   0x08002fd8   0x000001c8   Code   RO         2781    i.HAL_GPIO_Init     stm32l4xx_hal_gpio.o
    0x080031a0   0x080031a0   0x0000000a   Code   RO         2785    i.HAL_GPIO_WritePin  stm32l4xx_hal_gpio.o
    0x080031aa   0x080031aa   0x00000002   PAD
    0x080031ac   0x080031ac   0x0000000c   Code   RO         1522    i.HAL_GetTick       stm32l4xx_hal.o
    0x080031b8   0x080031b8   0x00000018   Code   RO         1528    i.HAL_IncTick       stm32l4xx_hal.o
    0x080031d0   0x080031d0   0x0000001e   Code   RO         1529    i.HAL_Init          stm32l4xx_hal.o
    0x080031ee   0x080031ee   0x00000002   PAD
    0x080031f0   0x080031f0   0x00000058   Code   RO         1530    i.HAL_InitTick      stm32l4xx_hal.o
    0x08003248   0x08003248   0x00000048   Code   RO         1476    i.HAL_MspInit       stm32l4xx_hal_msp.o
    0x08003290   0x08003290   0x00000044   Code   RO         3297    i.HAL_NVIC_DisableIRQ  stm32l4xx_hal_cortex.o
    0x080032d4   0x080032d4   0x00000020   Code   RO         3298    i.HAL_NVIC_EnableIRQ  stm32l4xx_hal_cortex.o
    0x080032f4   0x080032f4   0x00000082   Code   RO         3304    i.HAL_NVIC_SetPriority  stm32l4xx_hal_cortex.o
    0x08003376   0x08003376   0x00000002   PAD
    0x08003378   0x08003378   0x00000028   Code   RO         3305    i.HAL_NVIC_SetPriorityGrouping  stm32l4xx_hal_cortex.o
    0x080033a0   0x080033a0   0x00000028   Code   RO         5489    i.HAL_PCDEx_ActivateLPM  stm32l4xx_hal_pcd_ex.o
    0x080033c8   0x080033c8   0x0000013a   Code   RO         5294    i.HAL_PCD_Init      stm32l4xx_hal_pcd.o
    0x08003502   0x08003502   0x00000002   PAD
    0x08003504   0x08003504   0x00000030   Code   RO         1353    i.HAL_PCD_MspInit   usb.o
    0x08003534   0x08003534   0x0000008c   Code   RO         3072    i.HAL_PWREx_ControlVoltageScaling  stm32l4xx_hal_pwr_ex.o
    0x080035c0   0x080035c0   0x00000010   Code   RO         3099    i.HAL_PWREx_GetVoltageRange  stm32l4xx_hal_pwr_ex.o
    0x080035d0   0x080035d0   0x00000014   Code   RO         2964    i.HAL_PWR_EnableBkUpAccess  stm32l4xx_hal_pwr.o
    0x080035e4   0x080035e4   0x00000014   Code   RO         2378    i.HAL_RCCEx_EnableMSIPLLMode  stm32l4xx_hal_rcc_ex.o
    0x080035f8   0x080035f8   0x000003d4   Code   RO         2384    i.HAL_RCCEx_PeriphCLKConfig  stm32l4xx_hal_rcc_ex.o
    0x080039cc   0x080039cc   0x0000017c   Code   RO         2262    i.HAL_RCC_ClockConfig  stm32l4xx_hal_rcc.o
    0x08003b48   0x08003b48   0x0000000c   Code   RO         2266    i.HAL_RCC_GetHCLKFreq  stm32l4xx_hal_rcc.o
    0x08003b54   0x08003b54   0x00000024   Code   RO         2268    i.HAL_RCC_GetPCLK1Freq  stm32l4xx_hal_rcc.o
    0x08003b78   0x08003b78   0x00000024   Code   RO         2269    i.HAL_RCC_GetPCLK2Freq  stm32l4xx_hal_rcc.o
    0x08003b9c   0x08003b9c   0x000000ec   Code   RO         2270    i.HAL_RCC_GetSysClockFreq  stm32l4xx_hal_rcc.o
    0x08003c88   0x08003c88   0x00000768   Code   RO         2273    i.HAL_RCC_OscConfig  stm32l4xx_hal_rcc.o
    0x080043f0   0x080043f0   0x000000c0   Code   RO         3516    i.HAL_SPI_Init      stm32l4xx_hal_spi.o
    0x080044b0   0x080044b0   0x000000dc   Code   RO          851    i.HAL_SPI_MspInit   hal_spi.o
    0x0800458c   0x0800458c   0x0000019a   Code   RO         3519    i.HAL_SPI_Receive   stm32l4xx_hal_spi.o
    0x08004726   0x08004726   0x000001e4   Code   RO         3524    i.HAL_SPI_Transmit  stm32l4xx_hal_spi.o
    0x0800490a   0x0800490a   0x000002c2   Code   RO         3525    i.HAL_SPI_TransmitReceive  stm32l4xx_hal_spi.o
    0x08004bcc   0x08004bcc   0x00000034   Code   RO         3309    i.HAL_SYSTICK_Config  stm32l4xx_hal_cortex.o
    0x08004c00   0x08004c00   0x00000002   Code   RO         4554    i.HAL_TIMEx_Break2Callback  stm32l4xx_hal_tim_ex.o
    0x08004c02   0x08004c02   0x00000002   Code   RO         4555    i.HAL_TIMEx_BreakCallback  stm32l4xx_hal_tim_ex.o
    0x08004c04   0x08004c04   0x00000002   Code   RO         4556    i.HAL_TIMEx_CommutCallback  stm32l4xx_hal_tim_ex.o
    0x08004c06   0x08004c06   0x00000034   Code   RO         3858    i.HAL_TIM_Base_Init  stm32l4xx_hal_tim.o
    0x08004c3a   0x08004c3a   0x00000002   PAD
    0x08004c3c   0x08004c3c   0x00000044   Code   RO         1187    i.HAL_TIM_Base_MspInit  tim.o
    0x08004c80   0x08004c80   0x00000038   Code   RO         3863    i.HAL_TIM_Base_Start_IT  stm32l4xx_hal_tim.o
    0x08004cb8   0x08004cb8   0x00000002   Code   RO         3887    i.HAL_TIM_IC_CaptureCallback  stm32l4xx_hal_tim.o
    0x08004cba   0x08004cba   0x000001b8   Code   RO         3901    i.HAL_TIM_IRQHandler  stm32l4xx_hal_tim.o
    0x08004e72   0x08004e72   0x00000002   Code   RO         3904    i.HAL_TIM_OC_DelayElapsedCallback  stm32l4xx_hal_tim.o
    0x08004e74   0x08004e74   0x00000002   Code   RO         3931    i.HAL_TIM_PWM_PulseFinishedCallback  stm32l4xx_hal_tim.o
    0x08004e76   0x08004e76   0x00000002   PAD
    0x08004e78   0x08004e78   0x00000024   Code   RO          906    i.HAL_TIM_PeriodElapsedCallback  main.o
    0x08004e9c   0x08004e9c   0x00000002   Code   RO         3944    i.HAL_TIM_TriggerCallback  stm32l4xx_hal_tim.o
    0x08004e9e   0x08004e9e   0x00000002   Code   RO         5209    i.HAL_UARTEx_WakeupCallback  stm32l4xx_hal_uart_ex.o
    0x08004ea0   0x08004ea0   0x00000002   Code   RO         4847    i.HAL_UART_ErrorCallback  stm32l4xx_hal_uart.o
    0x08004ea2   0x08004ea2   0x00000002   PAD
    0x08004ea4   0x08004ea4   0x000001b4   Code   RO         4850    i.HAL_UART_IRQHandler  stm32l4xx_hal_uart.o
    0x08005058   0x08005058   0x00000074   Code   RO         4851    i.HAL_UART_Init     stm32l4xx_hal_uart.o
    0x080050cc   0x080050cc   0x0000010c   Code   RO         1242    i.HAL_UART_MspInit  usart.o
    0x080051d8   0x080051d8   0x000000e4   Code   RO         4856    i.HAL_UART_Receive_IT  stm32l4xx_hal_uart.o
    0x080052bc   0x080052bc   0x0000002c   Code   RO          970    i.HAL_UART_RxCpltCallback  freertos.o
    0x080052e8   0x080052e8   0x0000002a   Code   RO         1243    i.HAL_UART_SendBytes  usart.o
    0x08005312   0x08005312   0x000000d8   Code   RO         4860    i.HAL_UART_Transmit  stm32l4xx_hal_uart.o
    0x080053ea   0x080053ea   0x00000002   PAD
    0x080053ec   0x080053ec   0x0000002c   Code   RO          971    i.HAL_UART_TxCpltCallback  freertos.o
    0x08005418   0x08005418   0x00000012   Code   RO         1244    i.HAL_USART_GET_FLAG  usart.o
    0x0800542a   0x0800542a   0x0000000a   Code   RO         1397    i.HardFault_Handler  stm32l4xx_it.o
    0x08005434   0x08005434   0x0000000e   Code   RO         7101    i.IsFPortAllowed    loramac.o
    0x08005442   0x08005442   0x00000002   PAD
    0x08005444   0x08005444   0x00000014   Code   RO         7102    i.IsStickyMacCommandPending  loramac.o
    0x08005458   0x08005458   0x00000014   Code   RO         7598    i.LimitTxPower      regioncn470.o
    0x0800546c   0x0800546c   0x00000084   Code   RO          666    i.LoRaMAC_Init      hal_loramac.o
    0x080054f0   0x080054f0   0x000000a0   Code   RO          667    i.LoRaMAC_Join      hal_loramac.o
    0x08005590   0x08005590   0x000002f0   Code   RO          668    i.LoRaMAC_Send      hal_loramac.o
    0x08005880   0x08005880   0x00000094   Code   RO         7395    i.LoRaMacComputeMic  loramaccrypto.o
    0x08005914   0x08005914   0x0000000c   Code   RO         7105    i.LoRaMacGetState   loramac.o
    0x08005920   0x08005920   0x0000032c   Code   RO         7106    i.LoRaMacInitialization  loramac.o
    0x08005c4c   0x08005c4c   0x00000058   Code   RO         7396    i.LoRaMacJoinComputeMic  loramaccrypto.o
    0x08005ca4   0x08005ca4   0x00000088   Code   RO         7397    i.LoRaMacJoinComputeSKeys  loramaccrypto.o
    0x08005d2c   0x08005d2c   0x00000044   Code   RO         7398    i.LoRaMacJoinDecrypt  loramaccrypto.o
    0x08005d70   0x08005d70   0x0000017c   Code   RO         7107    i.LoRaMacMcpsRequest  loramac.o
    0x08005eec   0x08005eec   0x000001b4   Code   RO         7108    i.LoRaMacMibGetRequestConfirm  loramac.o
    0x080060a0   0x080060a0   0x00000340   Code   RO         7109    i.LoRaMacMibSetRequestConfirm  loramac.o
    0x080063e0   0x080063e0   0x00000154   Code   RO         7110    i.LoRaMacMlmeRequest  loramac.o
    0x08006534   0x08006534   0x0000002e   Code   RO         7399    i.LoRaMacPayloadDecrypt  loramaccrypto.o
    0x08006562   0x08006562   0x00000002   PAD
    0x08006564   0x08006564   0x000000e6   Code   RO         7400    i.LoRaMacPayloadEncrypt  loramaccrypto.o
    0x0800664a   0x0800664a   0x00000002   PAD
    0x0800664c   0x0800664c   0x000000f4   Code   RO         7113    i.LoRaMacQueryTxPossible  loramac.o
    0x08006740   0x08006740   0x00000010   Code   RO         7118    i.LoRa_CheckStateIDLE  loramac.o
    0x08006750   0x08006750   0x00000070   Code   RO          572    i.LoRa_Init         lora.o
    0x080067c0   0x080067c0   0x00000060   Code   RO          573    i.LoRa_ReadReg      lora.o
    0x08006820   0x08006820   0x0000001c   Code   RO          574    i.LoRa_SetFskMode   lora.o
    0x0800683c   0x0800683c   0x0000001c   Code   RO          575    i.LoRa_SetOpMode    lora.o
    0x08006858   0x08006858   0x0000006c   Code   RO          576    i.LoRa_SetRFFrequency  lora.o
    0x080068c4   0x080068c4   0x0000005c   Code   RO          577    i.LoRa_WriteReg     lora.o
    0x08006920   0x08006920   0x0000006c   Code   RO          578    i.LoRa_is_detected  lora.o
    0x0800698c   0x0800698c   0x000000ac   Code   RO          972    i.MX_FREERTOS_Init  freertos.o
    0x08006a38   0x08006a38   0x00000160   Code   RO          778    i.MX_GPIO_Init      hal_gpio.o
    0x08006b98   0x08006b98   0x00000050   Code   RO          852    i.MX_SPI1_Init      hal_spi.o
    0x08006be8   0x08006be8   0x00000050   Code   RO          853    i.MX_SPI2_Init      hal_spi.o
    0x08006c38   0x08006c38   0x0000005c   Code   RO         1188    i.MX_TIM7_Init      tim.o
    0x08006c94   0x08006c94   0x00000040   Code   RO         1245    i.MX_USART1_UART_Init  usart.o
    0x08006cd4   0x08006cd4   0x00000040   Code   RO         1246    i.MX_USART3_UART_Init  usart.o
    0x08006d14   0x08006d14   0x00000034   Code   RO         1354    i.MX_USB_PCD_Init   usb.o
    0x08006d48   0x08006d48   0x00000028   Code   RO          669    i.McpsConfirm       hal_loramac.o
    0x08006d70   0x08006d70   0x0000025c   Code   RO          670    i.McpsIndication    hal_loramac.o
    0x08006fcc   0x08006fcc   0x00000004   Code   RO         1398    i.MemManage_Handler  stm32l4xx_it.o
    0x08006fd0   0x08006fd0   0x00000090   Code   RO          671    i.MlmeConfirm       hal_loramac.o
    0x08007060   0x08007060   0x0000000e   Code   RO          672    i.MlmeIndication    hal_loramac.o
    0x0800706e   0x0800706e   0x00000002   Code   RO         1399    i.NMI_Handler       stm32l4xx_it.o
    0x08007070   0x08007070   0x00000050   Code   RO         7120    i.OnAckTimeoutTimerEvent  loramac.o
    0x080070c0   0x080070c0   0x000003c0   Code   RO         7121    i.OnMacStateCheckTimerEvent  loramac.o
    0x08007480   0x08007480   0x000006ce   Code   RO         7122    i.OnRadioRxDone     loramac.o
    0x08007b4e   0x08007b4e   0x00000002   PAD
    0x08007b50   0x08007b50   0x000000b8   Code   RO         7123    i.OnRadioRxError    loramac.o
    0x08007c08   0x08007c08   0x000000c4   Code   RO         7124    i.OnRadioRxTimeout  loramac.o
    0x08007ccc   0x08007ccc   0x0000016c   Code   RO         7125    i.OnRadioTxDone     loramac.o
    0x08007e38   0x08007e38   0x00000044   Code   RO         7126    i.OnRadioTxTimeout  loramac.o
    0x08007e7c   0x08007e7c   0x00000088   Code   RO         7127    i.OnRxWindow1TimerEvent  loramac.o
    0x08007f04   0x08007f04   0x00000084   Code   RO         7128    i.OnRxWindow2TimerEvent  loramac.o
    0x08007f88   0x08007f88   0x00000024   Code   RO         7129    i.OnTxDelayedTimerEvent  loramac.o
    0x08007fac   0x08007fac   0x00000014   Code   RO         7130    i.OpenContinuousRx2Window  loramac.o
    0x08007fc0   0x08007fc0   0x0000007a   Code   RO         7131    i.ParseMacCommandsToRepeat  loramac.o
    0x0800803a   0x0800803a   0x00000002   PAD
    0x0800803c   0x0800803c   0x0000042a   Code   RO         7132    i.PrepareFrame      loramac.o
    0x08008466   0x08008466   0x00000002   PAD
    0x08008468   0x08008468   0x00000054   Code   RO         7133    i.PrepareRxDoneAbort  loramac.o
    0x080084bc   0x080084bc   0x00000094   Code   RO          973    i.ProcessAT_ADR     freertos.o
    0x08008550   0x08008550   0x000000c0   Code   RO          974    i.ProcessAT_APPEUI  freertos.o
    0x08008610   0x08008610   0x000000b0   Code   RO          975    i.ProcessAT_APPKEY  freertos.o
    0x080086c0   0x080086c0   0x000000d0   Code   RO          976    i.ProcessAT_APPSKEY  freertos.o
    0x08008790   0x08008790   0x00000094   Code   RO          977    i.ProcessAT_CFM     freertos.o
    0x08008824   0x08008824   0x000000cc   Code   RO          978    i.ProcessAT_DADDR   freertos.o
    0x080088f0   0x080088f0   0x000000bc   Code   RO          979    i.ProcessAT_DEUI    freertos.o
    0x080089ac   0x080089ac   0x000003f4   Code   RO          980    i.ProcessAT_ERASEFLASH  freertos.o
    0x08008da0   0x08008da0   0x00000074   Code   RO          981    i.ProcessAT_NJM     freertos.o
    0x08008e14   0x08008e14   0x000000d0   Code   RO          982    i.ProcessAT_NWKSKEY  freertos.o
    0x08008ee4   0x08008ee4   0x000002e8   Code   RO          983    i.ProcessAT_STATE   freertos.o
    0x080091cc   0x080091cc   0x000003b2   Code   RO          984    i.ProcessAT_ULSET   freertos.o
    0x0800957e   0x0800957e   0x00000002   PAD
    0x08009580   0x08009580   0x00000394   Code   RO          985    i.ProcessAddress    freertos.o
    0x08009914   0x08009914   0x00000188   Code   RO          986    i.ProcessBool       freertos.o
    0x08009a9c   0x08009a9c   0x0000038c   Code   RO         7134    i.ProcessMacCommands  loramac.o
    0x08009e28   0x08009e28   0x00000188   Code   RO         2388    i.RCCEx_PLLSAI1_Config  stm32l4xx_hal_rcc_ex.o
    0x08009fb0   0x08009fb0   0x0000009c   Code   RO         2274    i.RCC_SetFlashLatencyFromMSIRange  stm32l4xx_hal_rcc.o
    0x0800a04c   0x0800a04c   0x00000074   Code   RO          403    i.RT_CalcPrint_Active_Pwr  stpm32.o
    0x0800a0c0   0x0800a0c0   0x0000006c   Code   RO          404    i.RT_CalcPrint_C1_RMS  stpm32.o
    0x0800a12c   0x0800a12c   0x00000090   Code   RO          405    i.RT_CalcPrint_Tot_Active_Energy  stpm32.o
    0x0800a1bc   0x0800a1bc   0x0000007c   Code   RO          406    i.RT_CalcPrint_V1_RMS  stpm32.o
    0x0800a238   0x0800a238   0x00000098   Code   RO          407    i.ReadMsgOnly       stpm32.o
    0x0800a2d0   0x0800a2d0   0x00000028   Code   RO         7446    i.RegionAdrNext     region.o
    0x0800a2f8   0x0800a2f8   0x00000016   Code   RO         7447    i.RegionAlternateDr  region.o
    0x0800a30e   0x0800a30e   0x00000018   Code   RO         7448    i.RegionApplyCFList  region.o
    0x0800a326   0x0800a326   0x00000022   Code   RO         7449    i.RegionApplyDrOffset  region.o
    0x0800a348   0x0800a348   0x0000009e   Code   RO         7599    i.RegionCN470AdrNext  regioncn470.o
    0x0800a3e6   0x0800a3e6   0x00000002   Code   RO         7600    i.RegionCN470AlternateDr  regioncn470.o
    0x0800a3e8   0x0800a3e8   0x00000002   Code   RO         7601    i.RegionCN470ApplyCFList  regioncn470.o
    0x0800a3ea   0x0800a3ea   0x00000012   Code   RO         7602    i.RegionCN470ApplyDrOffset  regioncn470.o
    0x0800a3fc   0x0800a3fc   0x00000040   Code   RO         7603    i.RegionCN470CalcBackOff  regioncn470.o
    0x0800a43c   0x0800a43c   0x00000038   Code   RO         7604    i.RegionCN470ChanMaskSet  regioncn470.o
    0x0800a474   0x0800a474   0x00000090   Code   RO         7607    i.RegionCN470ComputeRxWindowParameters  regioncn470.o
    0x0800a504   0x0800a504   0x00000006   Code   RO         7608    i.RegionCN470DlChannelReq  regioncn470.o
    0x0800a50a   0x0800a50a   0x00000002   PAD
    0x0800a50c   0x0800a50c   0x00000128   Code   RO         7609    i.RegionCN470GetPhyParam  regioncn470.o
    0x0800a634   0x0800a634   0x00000094   Code   RO         7610    i.RegionCN470InitDefaults  regioncn470.o
    0x0800a6c8   0x0800a6c8   0x00000182   Code   RO         7611    i.RegionCN470LinkAdrReq  regioncn470.o
    0x0800a84a   0x0800a84a   0x00000006   Code   RO         7612    i.RegionCN470NewChannelReq  regioncn470.o
    0x0800a850   0x0800a850   0x000000d0   Code   RO         7613    i.RegionCN470NextChannel  regioncn470.o
    0x0800a920   0x0800a920   0x000000c0   Code   RO         7614    i.RegionCN470RxConfig  regioncn470.o
    0x0800a9e0   0x0800a9e0   0x0000006c   Code   RO         7615    i.RegionCN470RxParamSetupReq  regioncn470.o
    0x0800aa4c   0x0800aa4c   0x0000002c   Code   RO         7616    i.RegionCN470SetBandTxDone  regioncn470.o
    0x0800aa78   0x0800aa78   0x00000078   Code   RO         7617    i.RegionCN470SetContinuousWave  regioncn470.o
    0x0800aaf0   0x0800aaf0   0x000000d4   Code   RO         7618    i.RegionCN470TxConfig  regioncn470.o
    0x0800abc4   0x0800abc4   0x00000008   Code   RO         7619    i.RegionCN470TxParamSetupReq  regioncn470.o
    0x0800abcc   0x0800abcc   0x00000066   Code   RO         7620    i.RegionCN470Verify  regioncn470.o
    0x0800ac32   0x0800ac32   0x00000018   Code   RO         7450    i.RegionCalcBackOff  region.o
    0x0800ac4a   0x0800ac4a   0x00000016   Code   RO         7451    i.RegionChanMaskSet  region.o
    0x0800ac60   0x0800ac60   0x00000088   Code   RO         7761    i.RegionCommonCalcBackOff  regioncommon.o
    0x0800ace8   0x0800ace8   0x0000001e   Code   RO         7763    i.RegionCommonChanMaskCopy  regioncommon.o
    0x0800ad06   0x0800ad06   0x00000088   Code   RO         7764    i.RegionCommonChanVerifyDr  regioncommon.o
    0x0800ad8e   0x0800ad8e   0x00000002   PAD
    0x0800ad90   0x0800ad90   0x0000015c   Code   RO         7765    i.RegionCommonComputeRxWindowParameters  regioncommon.o
    0x0800aeec   0x0800aeec   0x0000004c   Code   RO         7767    i.RegionCommonComputeSymbolTimeLoRa  regioncommon.o
    0x0800af38   0x0800af38   0x00000058   Code   RO         7768    i.RegionCommonComputeTxPower  regioncommon.o
    0x0800af90   0x0800af90   0x00000036   Code   RO         7769    i.RegionCommonCountChannels  regioncommon.o
    0x0800afc6   0x0800afc6   0x00000002   PAD
    0x0800afc8   0x0800afc8   0x00000028   Code   RO         7770    i.RegionCommonGetJoinDc  regioncommon.o
    0x0800aff0   0x0800aff0   0x000000a2   Code   RO         7771    i.RegionCommonLinkAdrReqVerifyParams  regioncommon.o
    0x0800b092   0x0800b092   0x00000048   Code   RO         7772    i.RegionCommonParseLinkAdrReq  regioncommon.o
    0x0800b0da   0x0800b0da   0x0000000e   Code   RO         7773    i.RegionCommonSetBandTxDone  regioncommon.o
    0x0800b0e8   0x0800b0e8   0x0000010c   Code   RO         7774    i.RegionCommonUpdateBandTimeOff  regioncommon.o
    0x0800b1f4   0x0800b1f4   0x00000012   Code   RO         7775    i.RegionCommonValueInRange  regioncommon.o
    0x0800b206   0x0800b206   0x0000002a   Code   RO         7454    i.RegionComputeRxWindowParameters  region.o
    0x0800b230   0x0800b230   0x00000016   Code   RO         7455    i.RegionDlChannelReq  region.o
    0x0800b246   0x0800b246   0x0000001c   Code   RO         7456    i.RegionGetPhyParam  region.o
    0x0800b262   0x0800b262   0x00000018   Code   RO         7457    i.RegionInitDefaults  region.o
    0x0800b27a   0x0800b27a   0x0000000e   Code   RO         7458    i.RegionIsActive    region.o
    0x0800b288   0x0800b288   0x0000002c   Code   RO         7459    i.RegionLinkAdrReq  region.o
    0x0800b2b4   0x0800b2b4   0x00000016   Code   RO         7460    i.RegionNewChannelReq  region.o
    0x0800b2ca   0x0800b2ca   0x00000028   Code   RO         7461    i.RegionNextChannel  region.o
    0x0800b2f2   0x0800b2f2   0x0000001a   Code   RO         7462    i.RegionRxConfig    region.o
    0x0800b30c   0x0800b30c   0x00000016   Code   RO         7463    i.RegionRxParamSetupReq  region.o
    0x0800b322   0x0800b322   0x0000001a   Code   RO         7464    i.RegionSetBandTxDone  region.o
    0x0800b33c   0x0800b33c   0x00000018   Code   RO         7465    i.RegionSetContinuousWave  region.o
    0x0800b354   0x0800b354   0x00000022   Code   RO         7466    i.RegionTxConfig    region.o
    0x0800b376   0x0800b376   0x00000016   Code   RO         7467    i.RegionTxParamSetupReq  region.o
    0x0800b38c   0x0800b38c   0x0000001a   Code   RO         7468    i.RegionVerify      region.o
    0x0800b3a6   0x0800b3a6   0x00000002   PAD
    0x0800b3a8   0x0800b3a8   0x00000124   Code   RO         7135    i.ResetMacParameters  loramac.o
    0x0800b4cc   0x0800b4cc   0x0000000c   Code   RO         8737    i.RtcComputeElapsedTime  rtc-board.o
    0x0800b4d8   0x0800b4d8   0x00000002   Code   RO         8740    i.RtcGetAdjustedTimeoutValue  rtc-board.o
    0x0800b4da   0x0800b4da   0x00000002   PAD
    0x0800b4dc   0x0800b4dc   0x00000014   Code   RO         8741    i.RtcGetElapsedAlarmTime  rtc-board.o
    0x0800b4f0   0x0800b4f0   0x00000008   Code   RO         8742    i.RtcGetTimerValue  rtc-board.o
    0x0800b4f8   0x0800b4f8   0x00000014   Code   RO         8746    i.RtcSetTimeout     rtc-board.o
    0x0800b50c   0x0800b50c   0x000000c8   Code   RO         7871    i.RxChainCalibration  sx1276.o
    0x0800b5d4   0x0800b5d4   0x00000020   Code   RO         7136    i.RxWindowSetup     loramac.o
    0x0800b5f4   0x0800b5f4   0x0000002c   Code   RO          854    i.SPI2_InOut        hal_spi.o
    0x0800b620   0x0800b620   0x00000082   Code   RO         3553    i.SPI_EndRxTransaction  stm32l4xx_hal_spi.o
    0x0800b6a2   0x0800b6a2   0x00000064   Code   RO         3554    i.SPI_EndRxTxTransaction  stm32l4xx_hal_spi.o
    0x0800b706   0x0800b706   0x000000aa   Code   RO         3559    i.SPI_WaitFifoStateUntilTimeout  stm32l4xx_hal_spi.o
    0x0800b7b0   0x0800b7b0   0x000000a8   Code   RO         3560    i.SPI_WaitFlagStateUntilTimeout  stm32l4xx_hal_spi.o
    0x0800b858   0x0800b858   0x00000114   Code   RO          408    i.STPM32_Init       stpm32.o
    0x0800b96c   0x0800b96c   0x00000030   Code   RO         8945    i.SX1276AntSwDeInit  sx1276-board.o
    0x0800b99c   0x0800b99c   0x00000034   Code   RO         8946    i.SX1276AntSwInit   sx1276-board.o
    0x0800b9d0   0x0800b9d0   0x00000006   Code   RO         8947    i.SX1276CheckRfFrequency  sx1276-board.o
    0x0800b9d6   0x0800b9d6   0x00000004   Code   RO         8948    i.SX1276GetBoardTcxoWakeupTime  sx1276-board.o
    0x0800b9da   0x0800b9da   0x00000002   PAD
    0x0800b9dc   0x0800b9dc   0x00000014   Code   RO         8949    i.SX1276GetPaSelect  sx1276-board.o
    0x0800b9f0   0x0800b9f0   0x0000000c   Code   RO         7872    i.SX1276GetStatus   sx1276.o
    0x0800b9fc   0x0800b9fc   0x0000039c   Code   RO         7873    i.SX1276GetTimeOnAir  sx1276.o
    0x0800bd98   0x0800bd98   0x0000000a   Code   RO         7874    i.SX1276GetWakeupTime  sx1276.o
    0x0800bda2   0x0800bda2   0x00000002   PAD
    0x0800bda4   0x0800bda4   0x0000009c   Code   RO         7875    i.SX1276Init        sx1276.o
    0x0800be40   0x0800be40   0x000000cc   Code   RO          779    i.SX1276IoIrqInit   hal_gpio.o
    0x0800bf0c   0x0800bf0c   0x00000060   Code   RO         7876    i.SX1276IsChannelFree  sx1276.o
    0x0800bf6c   0x0800bf6c   0x00000398   Code   RO         7877    i.SX1276OnDio0Irq   sx1276.o
    0x0800c304   0x0800c304   0x000001a8   Code   RO         7878    i.SX1276OnDio1Irq   sx1276.o
    0x0800c4ac   0x0800c4ac   0x00000164   Code   RO         7879    i.SX1276OnDio2Irq   sx1276.o
    0x0800c610   0x0800c610   0x00000070   Code   RO         7880    i.SX1276OnDio3Irq   sx1276.o
    0x0800c680   0x0800c680   0x0000002c   Code   RO         7881    i.SX1276OnDio4Irq   sx1276.o
    0x0800c6ac   0x0800c6ac   0x0000010c   Code   RO         7883    i.SX1276OnTimeoutIrq  sx1276.o
    0x0800c7b8   0x0800c7b8   0x00000040   Code   RO         7884    i.SX1276Random      sx1276.o
    0x0800c7f8   0x0800c7f8   0x00000014   Code   RO         7885    i.SX1276Read        sx1276.o
    0x0800c80c   0x0800c80c   0x00000048   Code   RO         7886    i.SX1276ReadBuffer  sx1276.o
    0x0800c854   0x0800c854   0x00000012   Code   RO         7887    i.SX1276ReadFifo    sx1276.o
    0x0800c866   0x0800c866   0x00000002   PAD
    0x0800c868   0x0800c868   0x00000054   Code   RO         7888    i.SX1276ReadRssi    sx1276.o
    0x0800c8bc   0x0800c8bc   0x00000030   Code   RO         8952    i.SX1276Reset       sx1276-board.o
    0x0800c8ec   0x0800c8ec   0x00000134   Code   RO         7889    i.SX1276Send        sx1276.o
    0x0800ca20   0x0800ca20   0x0000004c   Code   RO         8953    i.SX1276SetAntSw    sx1276-board.o
    0x0800ca6c   0x0800ca6c   0x00000030   Code   RO         8954    i.SX1276SetAntSwLowPower  sx1276-board.o
    0x0800ca9c   0x0800ca9c   0x00000002   Code   RO         8955    i.SX1276SetBoardTcxo  sx1276-board.o
    0x0800ca9e   0x0800ca9e   0x00000002   PAD
    0x0800caa0   0x0800caa0   0x0000005c   Code   RO         7890    i.SX1276SetChannel  sx1276.o
    0x0800cafc   0x0800cafc   0x00000038   Code   RO         7891    i.SX1276SetMaxPayloadLength  sx1276.o
    0x0800cb34   0x0800cb34   0x000000a0   Code   RO         7892    i.SX1276SetModem    sx1276.o
    0x0800cbd4   0x0800cbd4   0x00000032   Code   RO         7893    i.SX1276SetOpMode   sx1276.o
    0x0800cc06   0x0800cc06   0x00000002   PAD
    0x0800cc08   0x0800cc08   0x0000002c   Code   RO         7894    i.SX1276SetPublicNetwork  sx1276.o
    0x0800cc34   0x0800cc34   0x000000c0   Code   RO         8956    i.SX1276SetRfTxPower  sx1276-board.o
    0x0800ccf4   0x0800ccf4   0x00000294   Code   RO         7895    i.SX1276SetRx       sx1276.o
    0x0800cf88   0x0800cf88   0x00000366   Code   RO         7896    i.SX1276SetRxConfig  sx1276.o
    0x0800d2ee   0x0800d2ee   0x00000002   PAD
    0x0800d2f0   0x0800d2f0   0x0000002c   Code   RO         7897    i.SX1276SetSleep    sx1276.o
    0x0800d31c   0x0800d31c   0x0000002c   Code   RO         7898    i.SX1276SetStby     sx1276.o
    0x0800d348   0x0800d348   0x000000c4   Code   RO         7899    i.SX1276SetTx       sx1276.o
    0x0800d40c   0x0800d40c   0x0000027e   Code   RO         7900    i.SX1276SetTxConfig  sx1276.o
    0x0800d68a   0x0800d68a   0x00000002   PAD
    0x0800d68c   0x0800d68c   0x0000008c   Code   RO         7901    i.SX1276SetTxContinuousWave  sx1276.o
    0x0800d718   0x0800d718   0x00000048   Code   RO         7902    i.SX1276StartCad    sx1276.o
    0x0800d760   0x0800d760   0x00000010   Code   RO         7904    i.SX1276Write       sx1276.o
    0x0800d770   0x0800d770   0x00000044   Code   RO         7905    i.SX1276WriteBuffer  sx1276.o
    0x0800d7b4   0x0800d7b4   0x00000012   Code   RO         7906    i.SX1276WriteFifo   sx1276.o
    0x0800d7c6   0x0800d7c6   0x00000002   PAD
    0x0800d7c8   0x0800d7c8   0x00000184   Code   RO         7137    i.ScheduleTx        loramac.o
    0x0800d94c   0x0800d94c   0x00000088   Code   RO         7138    i.Send              loramac.o
    0x0800d9d4   0x0800d9d4   0x000000c4   Code   RO         7139    i.SendFrameOnChannel  loramac.o
    0x0800da98   0x0800da98   0x000000a0   Code   RO          409    i.SendMsgOnly       stpm32.o
    0x0800db38   0x0800db38   0x00000020   Code   RO         7140    i.SetMlmeScheduleUplinkIndication  loramac.o
    0x0800db58   0x0800db58   0x00000074   Code   RO         7141    i.SetTxContinuousWave  loramac.o
    0x0800dbcc   0x0800dbcc   0x00000040   Code   RO         7142    i.SetTxContinuousWave1  loramac.o
    0x0800dc0c   0x0800dc0c   0x0000000e   Code   RO         8826    i.SpiInOut          spi-board.o
    0x0800dc1a   0x0800dc1a   0x0000000a   Code   RO          988    i.StartDefaultTask  freertos.o
    0x0800dc24   0x0800dc24   0x0000076c   Code   RO          989    i.StartSPI2         freertos.o
    0x0800e390   0x0800e390   0x00000358   Code   RO          990    i.StartUSART1       freertos.o
    0x0800e6e8   0x0800e6e8   0x00000518   Code   RO          991    i.StartUSART3       freertos.o
    0x0800ec00   0x0800ec00   0x00000014   Code   RO         1400    i.SysTick_Handler   stm32l4xx_it.o
    0x0800ec14   0x0800ec14   0x000000d8   Code   RO          907    i.SystemClock_Config  main.o
    0x0800ecec   0x0800ecec   0x00000050   Code   RO         5753    i.SystemInit        system_stm32l4xx.o
    0x0800ed3c   0x0800ed3c   0x00000080   Code   RO          992    i.SystemReset       freertos.o
    0x0800edbc   0x0800edbc   0x0000002c   Code   RO         1189    i.TIM7_GetTimeMs    tim.o
    0x0800ede8   0x0800ede8   0x00000010   Code   RO         1401    i.TIM7_IRQHandler   stm32l4xx_it.o
    0x0800edf8   0x0800edf8   0x00000074   Code   RO         3946    i.TIM_Base_SetConfig  stm32l4xx_hal_tim.o
    0x0800ee6c   0x0800ee6c   0x00000020   Code   RO         8251    i.TimerExists       timer.o
    0x0800ee8c   0x0800ee8c   0x00000008   Code   RO         8252    i.TimerGetCurrentTime  timer.o
    0x0800ee94   0x0800ee94   0x0000000c   Code   RO         8253    i.TimerGetElapsedTime  timer.o
    0x0800eea0   0x0800eea0   0x00000008   Code   RO         8255    i.TimerGetValue     timer.o
    0x0800eea8   0x0800eea8   0x0000000e   Code   RO         8256    i.TimerInit         timer.o
    0x0800eeb6   0x0800eeb6   0x00000002   PAD
    0x0800eeb8   0x0800eeb8   0x0000002c   Code   RO         8257    i.TimerInsertNewHeadTimer  timer.o
    0x0800eee4   0x0800eee4   0x0000006c   Code   RO         8258    i.TimerInsertTimer  timer.o
    0x0800ef50   0x0800ef50   0x0000008c   Code   RO         8259    i.TimerIrqHandler   timer.o
    0x0800efdc   0x0800efdc   0x00000020   Code   RO         8263    i.TimerSetTimeout   timer.o
    0x0800effc   0x0800effc   0x00000012   Code   RO         8264    i.TimerSetValue     timer.o
    0x0800f00e   0x0800f00e   0x00000002   PAD
    0x0800f010   0x0800f010   0x00000088   Code   RO         8265    i.TimerStart        timer.o
    0x0800f098   0x0800f098   0x000000ec   Code   RO         8266    i.TimerStop         timer.o
    0x0800f184   0x0800f184   0x000000f8   Code   RO         4865    i.UART_AdvFeatureConfig  stm32l4xx_hal_uart.o
    0x0800f27c   0x0800f27c   0x0000006e   Code   RO         4866    i.UART_CheckIdleState  stm32l4xx_hal_uart.o
    0x0800f2ea   0x0800f2ea   0x00000018   Code   RO         4867    i.UART_DMAAbortOnError  stm32l4xx_hal_uart.o
    0x0800f302   0x0800f302   0x00000022   Code   RO         4877    i.UART_EndRxTransfer  stm32l4xx_hal_uart.o
    0x0800f324   0x0800f324   0x00000020   Code   RO         4878    i.UART_EndTransmit_IT  stm32l4xx_hal_uart.o
    0x0800f344   0x0800f344   0x0000006a   Code   RO         4880    i.UART_RxISR_16BIT  stm32l4xx_hal_uart.o
    0x0800f3ae   0x0800f3ae   0x00000066   Code   RO         4881    i.UART_RxISR_8BIT   stm32l4xx_hal_uart.o
    0x0800f414   0x0800f414   0x000003f6   Code   RO         4882    i.UART_SetConfig    stm32l4xx_hal_uart.o
    0x0800f80a   0x0800f80a   0x000000b4   Code   RO         4885    i.UART_WaitOnFlagUntilTimeout  stm32l4xx_hal_uart.o
    0x0800f8be   0x0800f8be   0x00000002   PAD
    0x0800f8c0   0x0800f8c0   0x00000010   Code   RO         1402    i.USART1_IRQHandler  stm32l4xx_it.o
    0x0800f8d0   0x0800f8d0   0x00000048   Code   RO         1403    i.USART3_IRQHandler  stm32l4xx_it.o
    0x0800f918   0x0800f918   0x00000020   Code   RO         1247    i.USART3_PINSET_RX  usart.o
    0x0800f938   0x0800f938   0x00000020   Code   RO         1252    i.USART3_PINSET_TX  usart.o
    0x0800f958   0x0800f958   0x00000008   Code   RO         5557    i.USB_CoreInit      stm32l4xx_ll_usb.o
    0x0800f960   0x0800f960   0x00000012   Code   RO         5561    i.USB_DevDisconnect  stm32l4xx_ll_usb.o
    0x0800f972   0x0800f972   0x0000001e   Code   RO         5562    i.USB_DevInit       stm32l4xx_ll_usb.o
    0x0800f990   0x0800f990   0x00000014   Code   RO         5563    i.USB_DisableGlobalInt  stm32l4xx_ll_usb.o
    0x0800f9a4   0x0800f9a4   0x00000014   Code   RO         5568    i.USB_EnableGlobalInt  stm32l4xx_ll_usb.o
    0x0800f9b8   0x0800f9b8   0x00000006   Code   RO         5578    i.USB_SetCurrentMode  stm32l4xx_ll_usb.o
    0x0800f9be   0x0800f9be   0x00000004   Code   RO         1404    i.UsageFault_Handler  stm32l4xx_it.o
    0x0800f9c2   0x0800f9c2   0x00000002   PAD
    0x0800f9c4   0x0800f9c4   0x00000064   Code   RO         7145    i.ValidatePayloadLength  loramac.o
    0x0800fa28   0x0800fa28   0x00000024   Code   RO         9154    i.__0vsprintf       mc_w.l(printfa.o)
    0x0800fa4c   0x0800fa4c   0x00000010   Code   RO         3311    i.__NVIC_GetPriorityGrouping  stm32l4xx_hal_cortex.o
    0x0800fa5c   0x0800fa5c   0x00000028   Code   RO         3312    i.__NVIC_SetPriority  stm32l4xx_hal_cortex.o
    0x0800fa84   0x0800fa84   0x00000004   PAD
    0x0800fa88   0x0800fa88   0x00000118   Code   RO         9103    i.__hardfp_ceil     m_wm.l(ceil.o)
    0x0800fba0   0x0800fba0   0x00000118   Code   RO         9109    i.__hardfp_floor    m_wm.l(floor.o)
    0x0800fcb8   0x0800fcb8   0x000000e0   Code   RO         9115    i.__hardfp_round    m_wm.l(round.o)
    0x0800fd98   0x0800fd98   0x0000000e   Code   RO         9233    i.__scatterload_copy  mc_w.l(handlers.o)
    0x0800fda6   0x0800fda6   0x00000002   Code   RO         9234    i.__scatterload_null  mc_w.l(handlers.o)
    0x0800fda8   0x0800fda8   0x0000000e   Code   RO         9235    i.__scatterload_zeroinit  mc_w.l(handlers.o)
    0x0800fdb6   0x0800fdb6   0x00000002   PAD
    0x0800fdb8   0x0800fdb8   0x0000018a   Code   RO         9155    i._fp_digits        mc_w.l(printfa.o)
    0x0800ff42   0x0800ff42   0x00000002   PAD
    0x0800ff44   0x0800ff44   0x000006e2   Code   RO         9156    i._printf_core      mc_w.l(printfa.o)
    0x08010626   0x08010626   0x00000024   Code   RO         9157    i._printf_post_padding  mc_w.l(printfa.o)
    0x0801064a   0x0801064a   0x0000002e   Code   RO         9158    i._printf_pre_padding  mc_w.l(printfa.o)
    0x08010678   0x08010678   0x0000000a   Code   RO         9160    i._sputc            mc_w.l(printfa.o)
    0x08010682   0x08010682   0x00000010   Code   RO         8358    i.add_round_key     aes.o
    0x08010692   0x08010692   0x0000005a   Code   RO         8360    i.aes_encrypt       aes.o
    0x080106ec   0x080106ec   0x00000142   Code   RO         8361    i.aes_set_key       aes.o
    0x0801082e   0x0801082e   0x0000002c   Code   RO          410    i.byteReverse       stpm32.o
    0x0801085a   0x0801085a   0x00000084   Code   RO         8362    i.copy_and_key      aes.o
    0x080108de   0x080108de   0x00000042   Code   RO         8363    i.copy_block        aes.o
    0x08010920   0x08010920   0x00000018   Code   RO         8364    i.copy_block_nn     aes.o
    0x08010938   0x08010938   0x0000000a   Code   RO          993    i.defaultIDLE       freertos.o
    0x08010942   0x08010942   0x00000002   PAD
    0x08010944   0x08010944   0x00000074   Code   RO           16    i.ext_flash_erase_block  ext_flash.o
    0x080109b8   0x080109b8   0x00000074   Code   RO           17    i.ext_flash_erase_sector  ext_flash.o
    0x08010a2c   0x08010a2c   0x00000014   Code   RO           18    i.ext_flash_init    ext_flash.o
    0x08010a40   0x08010a40   0x0000002c   Code   RO           19    i.ext_flash_is_detected  ext_flash.o
    0x08010a6c   0x08010a6c   0x00000030   Code   RO           20    i.ext_flash_last_write_or_erase_done  ext_flash.o
    0x08010a9c   0x08010a9c   0x00000048   Code   RO           22    i.ext_flash_power_on  ext_flash.o
    0x08010ae4   0x08010ae4   0x00000074   Code   RO           23    i.ext_flash_read    ext_flash.o
    0x08010b58   0x08010b58   0x000000e8   Code   RO           24    i.ext_flash_read_id  ext_flash.o
    0x08010c40   0x08010c40   0x000000a0   Code   RO           26    i.ext_flash_write   ext_flash.o
    0x08010ce0   0x08010ce0   0x00000060   Code   RO           27    i.flash_ext_begin_wr  ext_flash.o
    0x08010d40   0x08010d40   0x0000005c   Code   RO           28    i.flash_ext_end_wr  ext_flash.o
    0x08010d9c   0x08010d9c   0x0000004c   Code   RO           29    i.flash_ext_wr_rd   ext_flash.o
    0x08010de8   0x08010de8   0x000002a8   Code   RO          908    i.main              main.o
    0x08011090   0x08011090   0x0000000e   Code   RO         6590    i.makeFreeRtosPriority  cmsis_os.o
    0x0801109e   0x0801109e   0x00000018   Code   RO         9050    i.memcpy1           utilities.o
    0x080110b6   0x080110b6   0x0000001c   Code   RO         9051    i.memcpyr           utilities.o
    0x080110d2   0x080110d2   0x00000014   Code   RO         9052    i.memset1           utilities.o
    0x080110e6   0x080110e6   0x00000002   PAD
    0x080110e8   0x080110e8   0x00000284   Code   RO         8365    i.mix_sub_columns   aes.o
    0x0801136c   0x0801136c   0x00000044   Code   RO         1253    i.myprintf          usart.o
    0x080113b0   0x080113b0   0x00000018   Code   RO         6592    i.osDelay           cmsis_os.o
    0x080113c8   0x080113c8   0x0000000a   Code   RO         6595    i.osKernelStart     cmsis_os.o
    0x080113d2   0x080113d2   0x0000004a   Code   RO         6621    i.osSemaphoreCreate  cmsis_os.o
    0x0801141c   0x0801141c   0x0000005e   Code   RO         6629    i.osThreadCreate    cmsis_os.o
    0x0801147a   0x0801147a   0x00000002   PAD
    0x0801147c   0x0801147c   0x00000098   Code   RO         6273    i.prvAddCurrentTaskToDelayedList  tasks.o
    0x08011514   0x08011514   0x000000b4   Code   RO         6274    i.prvAddNewTaskToReadyList  tasks.o
    0x080115c8   0x080115c8   0x00000048   Code   RO         6275    i.prvCheckTasksWaitingTermination  tasks.o
    0x08011610   0x08011610   0x0000007e   Code   RO         5928    i.prvCopyDataToQueue  queue.o
    0x0801168e   0x0801168e   0x00000050   Code   RO         6276    i.prvDeleteTCB      tasks.o
    0x080116de   0x080116de   0x00000014   Code   RO         5929    i.prvGetDisinheritPriorityAfterTimeout  queue.o
    0x080116f2   0x080116f2   0x00000002   PAD
    0x080116f4   0x080116f4   0x0000007c   Code   RO         6957    i.prvHeapInit       heap_4.o
    0x08011770   0x08011770   0x00000028   Code   RO         6277    i.prvIdleTask       tasks.o
    0x08011798   0x08011798   0x0000001e   Code   RO         5930    i.prvInitialiseMutex  queue.o
    0x080117b6   0x080117b6   0x00000026   Code   RO         5931    i.prvInitialiseNewQueue  queue.o
    0x080117dc   0x080117dc   0x000000ba   Code   RO         6278    i.prvInitialiseNewTask  tasks.o
    0x08011896   0x08011896   0x00000002   PAD
    0x08011898   0x08011898   0x00000068   Code   RO         6279    i.prvInitialiseTaskLists  tasks.o
    0x08011900   0x08011900   0x00000068   Code   RO         6958    i.prvInsertBlockIntoFreeList  heap_4.o
    0x08011968   0x08011968   0x0000001a   Code   RO         5932    i.prvIsQueueEmpty   queue.o
    0x08011982   0x08011982   0x0000001e   Code   RO         5933    i.prvIsQueueFull    queue.o
    0x080119a0   0x080119a0   0x00000034   Code   RO         6280    i.prvResetNextTaskUnblockTime  tasks.o
    0x080119d4   0x080119d4   0x00000040   Code   RO         7019    i.prvTaskExitError  port.o
    0x08011a14   0x08011a14   0x0000007e   Code   RO         5934    i.prvUnlockQueue    queue.o
    0x08011a92   0x08011a92   0x00000002   PAD
    0x08011a94   0x08011a94   0x0000013c   Code   RO         6959    i.pvPortMalloc      heap_4.o
    0x08011bd0   0x08011bd0   0x00000020   Code   RO         6282    i.pvTaskIncrementMutexHeldCount  tasks.o
    0x08011bf0   0x08011bf0   0x0000002c   Code   RO         7020    i.pxPortInitialiseStack  port.o
    0x08011c1c   0x08011c1c   0x00000028   Code   RO         9053    i.rand1             utilities.o
    0x08011c44   0x08011c44   0x0000001a   Code   RO         9054    i.randr             utilities.o
    0x08011c5e   0x08011c5e   0x00000002   PAD
    0x08011c60   0x08011c60   0x00000070   Code   RO         8366    i.shift_sub_rows    aes.o
    0x08011cd0   0x08011cd0   0x0000000c   Code   RO         9055    i.srand1            utilities.o
    0x08011cdc   0x08011cdc   0x00000036   Code   RO          994    i.strcmp_n          freertos.o
    0x08011d12   0x08011d12   0x00000018   Code   RO          995    i.strcpy_n          freertos.o
    0x08011d2a   0x08011d2a   0x00000014   Code   RO          996    i.uint8_cpy         freertos.o
    0x08011d3e   0x08011d3e   0x00000028   Code   RO         5887    i.uxListRemove      list.o
    0x08011d66   0x08011d66   0x00000002   PAD
    0x08011d68   0x08011d68   0x00000024   Code   RO         6285    i.uxTaskPriorityGet  tasks.o
    0x08011d8c   0x08011d8c   0x00000018   Code   RO          997    i.vApplicationGetIdleTaskMemory  freertos.o
    0x08011da4   0x08011da4   0x0000001a   Code   RO         5888    i.vListInitialise   list.o
    0x08011dbe   0x08011dbe   0x00000006   Code   RO         5889    i.vListInitialiseItem  list.o
    0x08011dc4   0x08011dc4   0x00000034   Code   RO         5890    i.vListInsert       list.o
    0x08011df8   0x08011df8   0x00000018   Code   RO         5891    i.vListInsertEnd    list.o
    0x08011e10   0x08011e10   0x00000054   Code   RO         7022    i.vPortEnterCritical  port.o
    0x08011e64   0x08011e64   0x0000003c   Code   RO         7023    i.vPortExitCritical  port.o
    0x08011ea0   0x08011ea0   0x00000094   Code   RO         6960    i.vPortFree         heap_4.o
    0x08011f34   0x08011f34   0x00000028   Code   RO         7024    i.vPortSetupTimerInterrupt  port.o
    0x08011f5c   0x08011f5c   0x0000005c   Code   RO         6288    i.vTaskDelay        tasks.o
    0x08011fb8   0x08011fb8   0x00000018   Code   RO         6291    i.vTaskInternalSetTimeOutState  tasks.o
    0x08011fd0   0x08011fd0   0x0000000c   Code   RO         6292    i.vTaskMissedYield  tasks.o
    0x08011fdc   0x08011fdc   0x00000038   Code   RO         6294    i.vTaskPlaceOnEventList  tasks.o
    0x08012014   0x08012014   0x000000f4   Code   RO         6296    i.vTaskPriorityDisinheritAfterTimeout  tasks.o
    0x08012108   0x08012108   0x000000b0   Code   RO         6301    i.vTaskStartScheduler  tasks.o
    0x080121b8   0x080121b8   0x00000010   Code   RO         6303    i.vTaskSuspendAll   tasks.o
    0x080121c8   0x080121c8   0x0000008c   Code   RO         6304    i.vTaskSwitchContext  tasks.o
    0x08012254   0x08012254   0x00000030   Code   RO           30    i.vd_ext_flash_reset  ext_flash.o
    0x08012284   0x08012284   0x00000168   Code   RO         7026    i.xPortStartScheduler  port.o
    0x080123ec   0x080123ec   0x00000034   Code   RO         7027    i.xPortSysTickHandler  port.o
    0x08012420   0x08012420   0x00000022   Code   RO         5941    i.xQueueCreateMutex  queue.o
    0x08012442   0x08012442   0x00000060   Code   RO         5943    i.xQueueGenericCreate  queue.o
    0x080124a2   0x080124a2   0x000000e0   Code   RO         5944    i.xQueueGenericCreateStatic  queue.o
    0x08012582   0x08012582   0x00000002   PAD
    0x08012584   0x08012584   0x00000098   Code   RO         5945    i.xQueueGenericReset  queue.o
    0x0801261c   0x0801261c   0x000001a8   Code   RO         5946    i.xQueueGenericSend  queue.o
    0x080127c4   0x080127c4   0x00000048   Code   RO         5949    i.xQueueGiveMutexRecursive  queue.o
    0x0801280c   0x0801280c   0x000001b8   Code   RO         5956    i.xQueueSemaphoreTake  queue.o
    0x080129c4   0x080129c4   0x0000004e   Code   RO         5957    i.xQueueTakeMutexRecursive  queue.o
    0x08012a12   0x08012a12   0x00000002   PAD
    0x08012a14   0x08012a14   0x0000008c   Code   RO         6305    i.xTaskCheckForTimeOut  tasks.o
    0x08012aa0   0x08012aa0   0x0000006a   Code   RO         6306    i.xTaskCreate       tasks.o
    0x08012b0a   0x08012b0a   0x000000c0   Code   RO         6307    i.xTaskCreateStatic  tasks.o
    0x08012bca   0x08012bca   0x00000002   PAD
    0x08012bcc   0x08012bcc   0x0000000c   Code   RO         6310    i.xTaskGetCurrentTaskHandle  tasks.o
    0x08012bd8   0x08012bd8   0x00000020   Code   RO         6311    i.xTaskGetSchedulerState  tasks.o
    0x08012bf8   0x08012bf8   0x00000148   Code   RO         6314    i.xTaskIncrementTick  tasks.o
    0x08012d40   0x08012d40   0x000000c8   Code   RO         6317    i.xTaskPriorityDisinherit  tasks.o
    0x08012e08   0x08012e08   0x000000c8   Code   RO         6318    i.xTaskPriorityInherit  tasks.o
    0x08012ed0   0x08012ed0   0x00000098   Code   RO         6319    i.xTaskRemoveFromEventList  tasks.o
    0x08012f68   0x08012f68   0x00000104   Code   RO         6320    i.xTaskResumeAll    tasks.o
    0x0801306c   0x0801306c   0x00000082   Code   RO         8367    i.xor_block         aes.o
    0x080130ee   0x080130ee   0x00000002   PAD
    0x080130f0   0x080130f0   0x00000040   Data   RO           31    .constdata          ext_flash.o
    0x08013130   0x08013130   0x0000009c   Data   RO          999    .constdata          freertos.o
    0x080131cc   0x080131cc   0x00000048   Data   RO         5754    .constdata          system_stm32l4xx.o
    0x08013214   0x08013214   0x00000010   Data   RO         7147    .constdata          loramac.o
    0x08013224   0x08013224   0x0000003c   Data   RO         7622    .constdata          regioncn470.o
    0x08013260   0x08013260   0x000000e0   Data   RO         7908    .constdata          sx1276.o
    0x08013340   0x08013340   0x00000300   Data   RO         8368    .constdata          aes.o
    0x08013640   0x08013640   0x0000006c   Data   RO         8958    .constdata          sx1276-board.o
    0x080136ac   0x080136ac   0x0000006b   Data   RO           32    .conststring        ext_flash.o
    0x08013717   0x08013717   0x00000001   PAD
    0x08013718   0x08013718   0x00000553   Data   RO          411    .conststring        stpm32.o
    0x08013c6b   0x08013c6b   0x00000001   PAD
    0x08013c6c   0x08013c6c   0x000006e2   Data   RO         1000    .conststring        freertos.o
    0x0801434e   0x0801434e   0x00000002   PAD
    0x08014350   0x08014350   0x00000020   Data   RO         9231    Region$$Table       anon$$obj.o


    Execution Region RW_IRAM1 (Exec base: 0x20000000, Load base: 0x08014370, Size: 0x0000e110, Max: 0x00010000, ABSOLUTE, COMPRESSED[0x00000070])

    Exec Addr    Load Addr    Size         Type   Attr      Idx    E Section Name        Object

    0x20000000   COMPRESSED   0x00000030   Data   RW           33    .data               ext_flash.o
    0x20000030   COMPRESSED   0x00000088   Data   RW          412    .data               stpm32.o
    0x200000b8   COMPRESSED   0x00000086   Data   RW          677    .data               hal_loramac.o
    0x2000013e   COMPRESSED   0x00000002   PAD
    0x20000140   COMPRESSED   0x0000002c   Data   RW          910    .data               main.o
    0x2000016c   COMPRESSED   0x00000090   Data   RW         1001    .data               freertos.o
    0x200001fc   COMPRESSED   0x0000000c   Data   RW         1546    .data               stm32l4xx_hal.o
    0x20000208   COMPRESSED   0x00000004   Data   RW         5755    .data               system_stm32l4xx.o
    0x2000020c   COMPRESSED   0x0000003c   Data   RW         6323    .data               tasks.o
    0x20000248   COMPRESSED   0x00000018   Data   RW         6965    .data               heap_4.o
    0x20000260   COMPRESSED   0x0000000c   Data   RW         7028    .data               port.o
    0x2000026c   COMPRESSED   0x0000008b   Data   RW         7148    .data               loramac.o
    0x200002f7   COMPRESSED   0x00000020   Data   RW         7402    .data               loramaccrypto.o
    0x20000317   COMPRESSED   0x00000001   PAD
    0x20000318   COMPRESSED   0x00000010   Data   RW         7623    .data               regioncn470.o
    0x20000328   COMPRESSED   0x00000034   Data   RW         7909    .data               sx1276.o
    0x2000035c   COMPRESSED   0x00000008   Data   RW         8267    .data               timer.o
    0x20000364   COMPRESSED   0x0000001a   Data   RW         8473    .data               board.o
    0x2000037e   COMPRESSED   0x00000002   PAD
    0x20000380   COMPRESSED   0x00000030   Data   RW         8747    .data               rtc-board.o
    0x200003b0   COMPRESSED   0x00000019   Data   RW         8959    .data               sx1276-board.o
    0x200003c9   COMPRESSED   0x00000003   PAD
    0x200003cc   COMPRESSED   0x00000004   Data   RW         9056    .data               utilities.o
    0x200003d0        -       0x00000124   Zero   RW          675    .bss                hal_loramac.o
    0x200004f4        -       0x00000040   Zero   RW          780    .bss                hal_gpio.o
    0x20000534        -       0x000000c8   Zero   RW          855    .bss                hal_spi.o
    0x200005fc        -       0x000003c8   Zero   RW          998    .bss                freertos.o
    0x200009c4        -       0x00000040   Zero   RW         1190    .bss                tim.o
    0x20000a04        -       0x00000100   Zero   RW         1254    .bss                usart.o
    0x20000b04        -       0x00000274   Zero   RW         1355    .bss                usb.o
    0x20000d78        -       0x000000f0   Zero   RW         6322    .bss                tasks.o
    0x20000e68        -       0x00007530   Zero   RW         6964    .bss                heap_4.o
    0x20008398        -       0x00000470   Zero   RW         7146    .bss                loramac.o
    0x20008808        -       0x0000022c   Zero   RW         7401    .bss                loramaccrypto.o
    0x20008a34        -       0x00000498   Zero   RW         7621    .bss                regioncn470.o
    0x20008ecc        -       0x00000228   Zero   RW         7907    .bss                sx1276.o
    0x200090f4        -       0x00000018   Zero   RW         8957    .bss                sx1276-board.o
    0x2000910c   COMPRESSED   0x00000004   PAD
    0x20009110        -       0x00005000   Zero   RW            1    STACK               startup_stm32l433xx.o


==============================================================================

Image component sizes


      Code (inc. data)   RO Data    RW Data    ZI Data      Debug   Object Name

      1536         22        768          0          0      15088   aes.o
       124         26          0         26          0       5325   board.o
       732          0          0          0          0       4457   cmac.o
       216          0          0          0          0      23767   cmsis_os.o
        12          0          0          0          0        577   delay-board.o
        12          0          0          0          0        546   delay.o
         0          0          0          0          0      17380   event_groups.o
      1236        298        171         48          0     760591   ext_flash.o
     11476       4570       1918        144        968      61766   freertos.o
       154          4          0          0          0       6523   gpio-board.o
        58          0          0          0          0       1667   gpio_1.o
       556         26          0          0         64       2215   hal_gpio.o
      1846        324          0        134        292      21165   hal_loramac.o
       424         40          0          0        200       3111   hal_spi.o
       692         62          0         24      30000       7379   heap_4.o
       148          0          0          0          0       3614   list.o
       572         78          0          0          0      10975   lora.o
     11192       1444         16        139       1136      46221   loramac.o
       716         44          0         32        556       7127   loramaccrypto.o
       976        438          0         44          0      10543   main.o
       926         78          0         12          0      11228   port.o
      1916         16          0          0          0      18395   queue.o
         0          0          0          0          0       1492   redundantcode.o
       582          0          0          0          0      25001   region.o
      2564        242         60         16       1176      20820   regioncn470.o
      1482         34          0          0          0      12167   regioncommon.o
        62         12          0         48          0       4256   rtc-board.o
        14          0          0          0          0       1163   spi-board.o
        36          8        396          0      20480        844   startup_stm32l433xx.o
       194         32          0         12          0       4325   stm32l4xx_hal.o
       378         28          0          0          0      35257   stm32l4xx_hal_cortex.o
        92          0          0          0          0       1071   stm32l4xx_hal_dma.o
       494         32          0          0          0       2947   stm32l4xx_hal_gpio.o
        72          4          0          0          0        838   stm32l4xx_hal_msp.o
       314          0          0          0          0       1395   stm32l4xx_hal_pcd.o
        40          0          0          0          0       1044   stm32l4xx_hal_pcd_ex.o
        20          6          0          0          0        551   stm32l4xx_hal_pwr.o
       156         18          0          0          0       1366   stm32l4xx_hal_pwr_ex.o
      2752        108          0          0          0       7444   stm32l4xx_hal_rcc.o
      1392         32          0          0          0       3489   stm32l4xx_hal_rcc_ex.o
      2360          0          0          0          0       8930   stm32l4xx_hal_spi.o
       672         18          0          0          0       5795   stm32l4xx_hal_tim.o
         6          0          0          0          0       2180   stm32l4xx_hal_tim_ex.o
      2848         72          0          0          0      12034   stm32l4xx_hal_uart.o
         2          0          0          0          0        972   stm32l4xx_hal_uart_ex.o
       150         30          0          0          0       4801   stm32l4xx_it.o
       102          0          0          0          0       4231   stm32l4xx_ll_usb.o
      7024       1402       1363        136          0      20379   stpm32.o
         0          0          0          0          0        408   stream_buffer.o
       496         46        108         25         24       9047   sx1276-board.o
      7312        428        224         52        552      29274   sx1276.o
        80         12         72          4          0       1233   system_stm32l4xx.o
      3316        386          0         60        240      29961   tasks.o
       230         30          0          0         64       2936   tim.o
       788         34          0          8          0       9434   timer.o
       588         50          0          0        256       6077   usart.o
       100         18          0          0        628       1650   usb.o
       150         14          0          4          0       4171   utilities.o

    ----------------------------------------------------------------------
     72484      10570       5132        976      56640    1318643   Object Totals
         0          0         32          0          0          0   (incl. Generated)
        96          4          4          8          4          0   (incl. Padding)

    ----------------------------------------------------------------------

      Code (inc. data)   RO Data    RW Data    ZI Data      Debug   Library Member Name

       280         28          0          0          0        156   ceil.o
       280         28          0          0          0        156   floor.o
       224         30          0          0          0        172   round.o
        86          0          0          0          0          0   __dczerorl2.o
         0          0          0          0          0          0   entry.o
         0          0          0          0          0          0   entry10a.o
         0          0          0          0          0          0   entry11a.o
         8          4          0          0          0          0   entry2.o
         4          0          0          0          0          0   entry5.o
         0          0          0          0          0          0   entry7b.o
         0          0          0          0          0          0   entry8b.o
         8          4          0          0          0          0   entry9a.o
        30          0          0          0          0          0   handlers.o
        36          8          0          0          0         68   init.o
         0          0          0          0          0          0   iusefp.o
        30          0          0          0          0         68   llshl.o
        36          0          0          0          0         68   llsshr.o
        32          0          0          0          0         68   llushr.o
        26          0          0          0          0         80   memcmp.o
        36          0          0          0          0         68   memcpya.o
        36          0          0          0          0        108   memseta.o
      2284         86          0          0          0        516   printfa.o
        28          0          0          0          0         76   strcmp.o
        18          0          0          0          0         68   strcpy.o
        14          0          0          0          0         68   strlen.o
        30          0          0          0          0         80   strncmp.o
        24          0          0          0          0         76   strncpy.o
        44          0          0          0          0         80   uidiv.o
       104          0          0          0          0         92   uldiv.o
        48          0          0          0          0         68   cdcmple.o
        48          0          0          0          0         68   cdrcmple.o
       350          0          0          0          0        148   dadd.o
       222          0          0          0          0        100   ddiv.o
       186          0          0          0          0        176   depilogue.o
        62          0          0          0          0         80   dfixi.o
        50          0          0          0          0         76   dfixui.o
        48          0          0          0          0         68   dfixul.o
        34          0          0          0          0         76   dflti.o
        26          0          0          0          0         76   dfltui.o
       234          0          0          0          0         96   dmul.o
       136          4          0          0          0         92   drnd.o
        38          0          0          0          0         68   f2d.o

    ----------------------------------------------------------------------
      5184        192          0          0          0       3260   Library Totals
         4          0          0          0          0          0   (incl. Padding)

    ----------------------------------------------------------------------

      Code (inc. data)   RO Data    RW Data    ZI Data      Debug   Library Name

       784         86          0          0          0        484   m_wm.l
      2914        102          0          0          0       1584   mc_w.l
      1482          4          0          0          0       1192   mf_w.l

    ----------------------------------------------------------------------
      5184        192          0          0          0       3260   Library Totals

    ----------------------------------------------------------------------

==============================================================================


      Code (inc. data)   RO Data    RW Data    ZI Data      Debug   

     77668      10762       5132        976      56640    1275327   Grand Totals
     77668      10762       5132        112      56640    1275327   ELF Image Totals (compressed)
     77668      10762       5132        112          0          0   ROM Totals

==============================================================================

    Total RO  Size (Code + RO Data)                82800 (  80.86kB)
    Total RW  Size (RW Data + ZI Data)             57616 (  56.27kB)
    Total ROM Size (Code + RO Data + RW Data)      82912 (  80.97kB)

==============================================================================

