<!doctype html public "-//w3c//dtd html 4.0 transitional//en">
<html><head>
<title>Static Call Graph - [LoRa-STPM32\LoRa-STPM32.axf]</title></head>
<body><HR>
<H1>Static Call Graph for image LoRa-STPM32\LoRa-STPM32.axf</H1><HR>
<BR><P>#&#060CALLGRAPH&#062# ARM Linker, 5060750: Last Updated: Wed Jul 22 10:16:06 2020
<BR><P>
<H3>Maximum Stack Usage =        472 bytes + Unknown(Cycles, Untraceable Function Pointers)</H3><H3>
Call chain for Maximum Stack Depth:</H3>
McpsIndication &rArr; OnTxNextPacketTimerEvent &rArr; LoRaMacMlmeRequest &rArr; Send &rArr; ScheduleTx &rArr; SendFrameOnChannel &rArr; RegionTxConfig &rArr; RegionCN470TxConfig &rArr; RegionCommonComputeTxPower &rArr; __hardfp_floor &rArr; __aeabi_drsub &rArr; __aeabi_dadd &rArr; _double_epilogue &rArr; _double_round
<P>
<H3>
Mutually Recursive functions
</H3> <LI><a href="#[21]">ADC1_IRQHandler</a>&nbsp;&nbsp;&nbsp;&rArr;&nbsp;&nbsp;&nbsp;<a href="#[21]">ADC1_IRQHandler</a><BR>
 <LI><a href="#[3a]">TIM7_IRQHandler</a>&nbsp;&nbsp;&nbsp;&rArr;&nbsp;&nbsp;&nbsp;<a href="#[fe]">HAL_TIM_IRQHandler</a><BR>
</UL>
<P>
<H3>
Function Pointers
</H3><UL>
 <LI><a href="#[21]">ADC1_IRQHandler</a> from startup_stm32l433xx.o(.text) referenced from startup_stm32l433xx.o(RESET)
 <LI><a href="#[5d]">BoardGetBatteryLevel</a> from board.o(i.BoardGetBatteryLevel) referenced from hal_loramac.o(i.LoRaMAC_Init)
 <LI><a href="#[9]">BusFault_Handler</a> from stm32l4xx_it.o(i.BusFault_Handler) referenced from startup_stm32l433xx.o(RESET)
 <LI><a href="#[23]">CAN1_RX0_IRQHandler</a> from startup_stm32l433xx.o(.text) referenced from startup_stm32l433xx.o(RESET)
 <LI><a href="#[24]">CAN1_RX1_IRQHandler</a> from startup_stm32l433xx.o(.text) referenced from startup_stm32l433xx.o(RESET)
 <LI><a href="#[25]">CAN1_SCE_IRQHandler</a> from startup_stm32l433xx.o(.text) referenced from startup_stm32l433xx.o(RESET)
 <LI><a href="#[22]">CAN1_TX_IRQHandler</a> from startup_stm32l433xx.o(.text) referenced from startup_stm32l433xx.o(RESET)
 <LI><a href="#[40]">COMP_IRQHandler</a> from startup_stm32l433xx.o(.text) referenced from startup_stm32l433xx.o(RESET)
 <LI><a href="#[50]">CRS_IRQHandler</a> from startup_stm32l433xx.o(.text) referenced from startup_stm32l433xx.o(RESET)
 <LI><a href="#[1a]">DMA1_Channel1_IRQHandler</a> from startup_stm32l433xx.o(.text) referenced from startup_stm32l433xx.o(RESET)
 <LI><a href="#[1b]">DMA1_Channel2_IRQHandler</a> from startup_stm32l433xx.o(.text) referenced from startup_stm32l433xx.o(RESET)
 <LI><a href="#[1c]">DMA1_Channel3_IRQHandler</a> from startup_stm32l433xx.o(.text) referenced from startup_stm32l433xx.o(RESET)
 <LI><a href="#[1d]">DMA1_Channel4_IRQHandler</a> from startup_stm32l433xx.o(.text) referenced from startup_stm32l433xx.o(RESET)
 <LI><a href="#[1e]">DMA1_Channel5_IRQHandler</a> from startup_stm32l433xx.o(.text) referenced from startup_stm32l433xx.o(RESET)
 <LI><a href="#[1f]">DMA1_Channel6_IRQHandler</a> from startup_stm32l433xx.o(.text) referenced from startup_stm32l433xx.o(RESET)
 <LI><a href="#[20]">DMA1_Channel7_IRQHandler</a> from startup_stm32l433xx.o(.text) referenced from startup_stm32l433xx.o(RESET)
 <LI><a href="#[3b]">DMA2_Channel1_IRQHandler</a> from startup_stm32l433xx.o(.text) referenced from startup_stm32l433xx.o(RESET)
 <LI><a href="#[3c]">DMA2_Channel2_IRQHandler</a> from startup_stm32l433xx.o(.text) referenced from startup_stm32l433xx.o(RESET)
 <LI><a href="#[3d]">DMA2_Channel3_IRQHandler</a> from startup_stm32l433xx.o(.text) referenced from startup_stm32l433xx.o(RESET)
 <LI><a href="#[3e]">DMA2_Channel4_IRQHandler</a> from startup_stm32l433xx.o(.text) referenced from startup_stm32l433xx.o(RESET)
 <LI><a href="#[3f]">DMA2_Channel5_IRQHandler</a> from startup_stm32l433xx.o(.text) referenced from startup_stm32l433xx.o(RESET)
 <LI><a href="#[44]">DMA2_Channel6_IRQHandler</a> from startup_stm32l433xx.o(.text) referenced from startup_stm32l433xx.o(RESET)
 <LI><a href="#[45]">DMA2_Channel7_IRQHandler</a> from startup_stm32l433xx.o(.text) referenced from startup_stm32l433xx.o(RESET)
 <LI><a href="#[c]">DebugMon_Handler</a> from stm32l4xx_it.o(i.DebugMon_Handler) referenced from startup_stm32l433xx.o(RESET)
 <LI><a href="#[15]">EXTI0_IRQHandler</a> from gpio-board.o(i.EXTI0_IRQHandler) referenced from startup_stm32l433xx.o(RESET)
 <LI><a href="#[35]">EXTI15_10_IRQHandler</a> from gpio-board.o(i.EXTI15_10_IRQHandler) referenced from startup_stm32l433xx.o(RESET)
 <LI><a href="#[16]">EXTI1_IRQHandler</a> from gpio-board.o(i.EXTI1_IRQHandler) referenced from startup_stm32l433xx.o(RESET)
 <LI><a href="#[17]">EXTI2_IRQHandler</a> from gpio-board.o(i.EXTI2_IRQHandler) referenced from startup_stm32l433xx.o(RESET)
 <LI><a href="#[18]">EXTI3_IRQHandler</a> from gpio-board.o(i.EXTI3_IRQHandler) referenced from startup_stm32l433xx.o(RESET)
 <LI><a href="#[19]">EXTI4_IRQHandler</a> from gpio-board.o(i.EXTI4_IRQHandler) referenced from startup_stm32l433xx.o(RESET)
 <LI><a href="#[26]">EXTI9_5_IRQHandler</a> from gpio-board.o(i.EXTI9_5_IRQHandler) referenced from startup_stm32l433xx.o(RESET)
 <LI><a href="#[13]">FLASH_IRQHandler</a> from startup_stm32l433xx.o(.text) referenced from startup_stm32l433xx.o(RESET)
 <LI><a href="#[4f]">FPU_IRQHandler</a> from startup_stm32l433xx.o(.text) referenced from startup_stm32l433xx.o(RESET)
 <LI><a href="#[7]">HardFault_Handler</a> from stm32l4xx_it.o(i.HardFault_Handler) referenced from startup_stm32l433xx.o(RESET)
 <LI><a href="#[2d]">I2C1_ER_IRQHandler</a> from startup_stm32l433xx.o(.text) referenced from startup_stm32l433xx.o(RESET)
 <LI><a href="#[2c]">I2C1_EV_IRQHandler</a> from startup_stm32l433xx.o(.text) referenced from startup_stm32l433xx.o(RESET)
 <LI><a href="#[2f]">I2C2_ER_IRQHandler</a> from startup_stm32l433xx.o(.text) referenced from startup_stm32l433xx.o(RESET)
 <LI><a href="#[2e]">I2C2_EV_IRQHandler</a> from startup_stm32l433xx.o(.text) referenced from startup_stm32l433xx.o(RESET)
 <LI><a href="#[49]">I2C3_ER_IRQHandler</a> from startup_stm32l433xx.o(.text) referenced from startup_stm32l433xx.o(RESET)
 <LI><a href="#[48]">I2C3_EV_IRQHandler</a> from startup_stm32l433xx.o(.text) referenced from startup_stm32l433xx.o(RESET)
 <LI><a href="#[4d]">LCD_IRQHandler</a> from startup_stm32l433xx.o(.text) referenced from startup_stm32l433xx.o(RESET)
 <LI><a href="#[41]">LPTIM1_IRQHandler</a> from startup_stm32l433xx.o(.text) referenced from startup_stm32l433xx.o(RESET)
 <LI><a href="#[42]">LPTIM2_IRQHandler</a> from startup_stm32l433xx.o(.text) referenced from startup_stm32l433xx.o(RESET)
 <LI><a href="#[46]">LPUART1_IRQHandler</a> from startup_stm32l433xx.o(.text) referenced from startup_stm32l433xx.o(RESET)
 <LI><a href="#[59]">McpsConfirm</a> from hal_loramac.o(i.McpsConfirm) referenced from hal_loramac.o(i.LoRaMAC_Init)
 <LI><a href="#[5a]">McpsIndication</a> from hal_loramac.o(i.McpsIndication) referenced from hal_loramac.o(i.LoRaMAC_Init)
 <LI><a href="#[8]">MemManage_Handler</a> from stm32l4xx_it.o(i.MemManage_Handler) referenced from startup_stm32l433xx.o(RESET)
 <LI><a href="#[5b]">MlmeConfirm</a> from hal_loramac.o(i.MlmeConfirm) referenced from hal_loramac.o(i.LoRaMAC_Init)
 <LI><a href="#[5c]">MlmeIndication</a> from hal_loramac.o(i.MlmeIndication) referenced from hal_loramac.o(i.LoRaMAC_Init)
 <LI><a href="#[6]">NMI_Handler</a> from stm32l4xx_it.o(i.NMI_Handler) referenced from startup_stm32l433xx.o(RESET)
 <LI><a href="#[62]">OnAckTimeoutTimerEvent</a> from loramac_1.o(i.OnAckTimeoutTimerEvent) referenced from loramac_1.o(i.LoRaMacInitialization)
 <LI><a href="#[5e]">OnMacStateCheckTimerEvent</a> from loramac_1.o(i.OnMacStateCheckTimerEvent) referenced from loramac_1.o(i.LoRaMacInitialization)
 <LI><a href="#[64]">OnRadioRxDone</a> from loramac_1.o(i.OnRadioRxDone) referenced from loramac_1.o(i.LoRaMacInitialization)
 <LI><a href="#[65]">OnRadioRxError</a> from loramac_1.o(i.OnRadioRxError) referenced from loramac_1.o(i.LoRaMacInitialization)
 <LI><a href="#[67]">OnRadioRxTimeout</a> from loramac_1.o(i.OnRadioRxTimeout) referenced from loramac_1.o(i.LoRaMacInitialization)
 <LI><a href="#[63]">OnRadioTxDone</a> from loramac_1.o(i.OnRadioTxDone) referenced from loramac_1.o(i.LoRaMacInitialization)
 <LI><a href="#[66]">OnRadioTxTimeout</a> from loramac_1.o(i.OnRadioTxTimeout) referenced from loramac_1.o(i.LoRaMacInitialization)
 <LI><a href="#[60]">OnRxWindow1TimerEvent</a> from loramac_1.o(i.OnRxWindow1TimerEvent) referenced from loramac_1.o(i.LoRaMacInitialization)
 <LI><a href="#[61]">OnRxWindow2TimerEvent</a> from loramac_1.o(i.OnRxWindow2TimerEvent) referenced from loramac_1.o(i.LoRaMacInitialization)
 <LI><a href="#[5f]">OnTxDelayedTimerEvent</a> from loramac_1.o(i.OnTxDelayedTimerEvent) referenced from loramac_1.o(i.LoRaMacInitialization)
 <LI><a href="#[10]">PVD_PVM_IRQHandler</a> from startup_stm32l433xx.o(.text) referenced from startup_stm32l433xx.o(RESET)
 <LI><a href="#[d]">PendSV_Handler</a> from port.o(.emb_text) referenced from startup_stm32l433xx.o(RESET)
 <LI><a href="#[47]">QUADSPI_IRQHandler</a> from startup_stm32l433xx.o(.text) referenced from startup_stm32l433xx.o(RESET)
 <LI><a href="#[14]">RCC_IRQHandler</a> from startup_stm32l433xx.o(.text) referenced from startup_stm32l433xx.o(RESET)
 <LI><a href="#[4e]">RNG_IRQHandler</a> from startup_stm32l433xx.o(.text) referenced from startup_stm32l433xx.o(RESET)
 <LI><a href="#[36]">RTC_Alarm_IRQHandler</a> from rtc-board.o(i.RTC_Alarm_IRQHandler) referenced from startup_stm32l433xx.o(RESET)
 <LI><a href="#[12]">RTC_WKUP_IRQHandler</a> from startup_stm32l433xx.o(.text) referenced from startup_stm32l433xx.o(RESET)
 <LI><a href="#[5]">Reset_Handler</a> from startup_stm32l433xx.o(.text) referenced from startup_stm32l433xx.o(RESET)
 <LI><a href="#[4a]">SAI1_IRQHandler</a> from startup_stm32l433xx.o(.text) referenced from startup_stm32l433xx.o(RESET)
 <LI><a href="#[37]">SDMMC1_IRQHandler</a> from startup_stm32l433xx.o(.text) referenced from startup_stm32l433xx.o(RESET)
 <LI><a href="#[30]">SPI1_IRQHandler</a> from startup_stm32l433xx.o(.text) referenced from startup_stm32l433xx.o(RESET)
 <LI><a href="#[31]">SPI2_IRQHandler</a> from startup_stm32l433xx.o(.text) referenced from startup_stm32l433xx.o(RESET)
 <LI><a href="#[38]">SPI3_IRQHandler</a> from startup_stm32l433xx.o(.text) referenced from startup_stm32l433xx.o(RESET)
 <LI><a href="#[b]">SVC_Handler</a> from port.o(.emb_text) referenced from startup_stm32l433xx.o(RESET)
 <LI><a href="#[4b]">SWPMI1_IRQHandler</a> from startup_stm32l433xx.o(.text) referenced from startup_stm32l433xx.o(RESET)
 <LI><a href="#[79]">SX1276CheckRfFrequency</a> from sx1276-board.o(i.SX1276CheckRfFrequency) referenced from sx1276-board.o(.constdata)
 <LI><a href="#[72]">SX1276GetStatus</a> from sx1276.o(i.SX1276GetStatus) referenced from sx1276-board.o(.constdata)
 <LI><a href="#[7a]">SX1276GetTimeOnAir</a> from sx1276.o(i.SX1276GetTimeOnAir) referenced from sx1276-board.o(.constdata)
 <LI><a href="#[88]">SX1276GetWakeupTime</a> from sx1276.o(i.SX1276GetWakeupTime) referenced from sx1276-board.o(.constdata)
 <LI><a href="#[71]">SX1276Init</a> from sx1276.o(i.SX1276Init) referenced from sx1276-board.o(.constdata)
 <LI><a href="#[75]">SX1276IsChannelFree</a> from sx1276.o(i.SX1276IsChannelFree) referenced from sx1276-board.o(.constdata)
 <LI><a href="#[0]">SX1276OnDio0Irq</a> from sx1276.o(i.SX1276OnDio0Irq) referenced 2 times from sx1276.o(.data)
 <LI><a href="#[1]">SX1276OnDio1Irq</a> from sx1276.o(i.SX1276OnDio1Irq) referenced 2 times from sx1276.o(.data)
 <LI><a href="#[2]">SX1276OnDio2Irq</a> from sx1276.o(i.SX1276OnDio2Irq) referenced 2 times from sx1276.o(.data)
 <LI><a href="#[3]">SX1276OnDio3Irq</a> from sx1276.o(i.SX1276OnDio3Irq) referenced 2 times from sx1276.o(.data)
 <LI><a href="#[4]">SX1276OnDio4Irq</a> from sx1276.o(i.SX1276OnDio4Irq) referenced 2 times from sx1276.o(.data)
 <LI><a href="#[68]">SX1276OnTimeoutIrq</a> from sx1276.o(i.SX1276OnTimeoutIrq) referenced from sx1276.o(i.SX1276Init)
 <LI><a href="#[76]">SX1276Random</a> from sx1276.o(i.SX1276Random) referenced from sx1276-board.o(.constdata)
 <LI><a href="#[83]">SX1276Read</a> from sx1276.o(i.SX1276Read) referenced from sx1276-board.o(.constdata)
 <LI><a href="#[85]">SX1276ReadBuffer</a> from sx1276.o(i.SX1276ReadBuffer) referenced from sx1276-board.o(.constdata)
 <LI><a href="#[81]">SX1276ReadRssi</a> from sx1276.o(i.SX1276ReadRssi) referenced from sx1276-board.o(.constdata)
 <LI><a href="#[7b]">SX1276Send</a> from sx1276.o(i.SX1276Send) referenced from sx1276-board.o(.constdata)
 <LI><a href="#[74]">SX1276SetChannel</a> from sx1276.o(i.SX1276SetChannel) referenced from sx1276-board.o(.constdata)
 <LI><a href="#[86]">SX1276SetMaxPayloadLength</a> from sx1276.o(i.SX1276SetMaxPayloadLength) referenced from sx1276-board.o(.constdata)
 <LI><a href="#[73]">SX1276SetModem</a> from sx1276.o(i.SX1276SetModem) referenced from sx1276-board.o(.constdata)
 <LI><a href="#[87]">SX1276SetPublicNetwork</a> from sx1276.o(i.SX1276SetPublicNetwork) referenced from sx1276-board.o(.constdata)
 <LI><a href="#[7e]">SX1276SetRx</a> from sx1276.o(i.SX1276SetRx) referenced from sx1276-board.o(.constdata)
 <LI><a href="#[77]">SX1276SetRxConfig</a> from sx1276.o(i.SX1276SetRxConfig) referenced from sx1276-board.o(.constdata)
 <LI><a href="#[7c]">SX1276SetSleep</a> from sx1276.o(i.SX1276SetSleep) referenced from sx1276-board.o(.constdata)
 <LI><a href="#[7d]">SX1276SetStby</a> from sx1276.o(i.SX1276SetStby) referenced from sx1276-board.o(.constdata)
 <LI><a href="#[78]">SX1276SetTxConfig</a> from sx1276.o(i.SX1276SetTxConfig) referenced from sx1276-board.o(.constdata)
 <LI><a href="#[80]">SX1276SetTxContinuousWave</a> from sx1276.o(i.SX1276SetTxContinuousWave) referenced from sx1276-board.o(.constdata)
 <LI><a href="#[7f]">SX1276StartCad</a> from sx1276.o(i.SX1276StartCad) referenced from sx1276-board.o(.constdata)
 <LI><a href="#[82]">SX1276Write</a> from sx1276.o(i.SX1276Write) referenced from sx1276-board.o(.constdata)
 <LI><a href="#[84]">SX1276WriteBuffer</a> from sx1276.o(i.SX1276WriteBuffer) referenced from sx1276-board.o(.constdata)
 <LI><a href="#[6c]">StartDefaultTask</a> from freertos.o(i.StartDefaultTask) referenced from freertos.o(.constdata)
 <LI><a href="#[70]">StartSPI2</a> from freertos.o(i.StartSPI2) referenced from freertos.o(.constdata)
 <LI><a href="#[6e]">StartUSART1</a> from freertos.o(i.StartUSART1) referenced from freertos.o(.constdata)
 <LI><a href="#[6f]">StartUSART3</a> from freertos.o(i.StartUSART3) referenced from freertos.o(.constdata)
 <LI><a href="#[e]">SysTick_Handler</a> from port.o(i.SysTick_Handler) referenced from startup_stm32l433xx.o(RESET)
 <LI><a href="#[52]">SystemInit</a> from system_stm32l4xx.o(i.SystemInit) referenced from startup_stm32l433xx.o(.text)
 <LI><a href="#[11]">TAMP_STAMP_IRQHandler</a> from startup_stm32l433xx.o(.text) referenced from startup_stm32l433xx.o(RESET)
 <LI><a href="#[27]">TIM1_BRK_TIM15_IRQHandler</a> from startup_stm32l433xx.o(.text) referenced from startup_stm32l433xx.o(RESET)
 <LI><a href="#[2a]">TIM1_CC_IRQHandler</a> from startup_stm32l433xx.o(.text) referenced from startup_stm32l433xx.o(RESET)
 <LI><a href="#[29]">TIM1_TRG_COM_IRQHandler</a> from startup_stm32l433xx.o(.text) referenced from startup_stm32l433xx.o(RESET)
 <LI><a href="#[28]">TIM1_UP_TIM16_IRQHandler</a> from stm32l4xx_it.o(i.TIM1_UP_TIM16_IRQHandler) referenced from startup_stm32l433xx.o(RESET)
 <LI><a href="#[2b]">TIM2_IRQHandler</a> from startup_stm32l433xx.o(.text) referenced from startup_stm32l433xx.o(RESET)
 <LI><a href="#[39]">TIM6_DAC_IRQHandler</a> from startup_stm32l433xx.o(.text) referenced from startup_stm32l433xx.o(RESET)
 <LI><a href="#[3a]">TIM7_IRQHandler</a> from stm32l4xx_it.o(i.TIM7_IRQHandler) referenced from startup_stm32l433xx.o(RESET)
 <LI><a href="#[4c]">TSC_IRQHandler</a> from startup_stm32l433xx.o(.text) referenced from startup_stm32l433xx.o(RESET)
 <LI><a href="#[54]">UART_DMAAbortOnError</a> from stm32l4xx_hal_uart.o(i.UART_DMAAbortOnError) referenced from stm32l4xx_hal_uart.o(i.HAL_UART_IRQHandler)
 <LI><a href="#[55]">UART_RxISR_16BIT</a> from stm32l4xx_hal_uart.o(i.UART_RxISR_16BIT) referenced from stm32l4xx_hal_uart.o(i.HAL_UART_Receive_IT)
 <LI><a href="#[56]">UART_RxISR_8BIT</a> from stm32l4xx_hal_uart.o(i.UART_RxISR_8BIT) referenced from stm32l4xx_hal_uart.o(i.HAL_UART_Receive_IT)
 <LI><a href="#[57]">UART_TxISR_16BIT</a> from stm32l4xx_hal_uart.o(i.UART_TxISR_16BIT) referenced from stm32l4xx_hal_uart.o(i.HAL_UART_Transmit_IT)
 <LI><a href="#[58]">UART_TxISR_8BIT</a> from stm32l4xx_hal_uart.o(i.UART_TxISR_8BIT) referenced from stm32l4xx_hal_uart.o(i.HAL_UART_Transmit_IT)
 <LI><a href="#[32]">USART1_IRQHandler</a> from stm32l4xx_it.o(i.USART1_IRQHandler) referenced from startup_stm32l433xx.o(RESET)
 <LI><a href="#[33]">USART2_IRQHandler</a> from startup_stm32l433xx.o(.text) referenced from startup_stm32l433xx.o(RESET)
 <LI><a href="#[34]">USART3_IRQHandler</a> from stm32l4xx_it.o(i.USART3_IRQHandler) referenced from startup_stm32l433xx.o(RESET)
 <LI><a href="#[43]">USB_IRQHandler</a> from startup_stm32l433xx.o(.text) referenced from startup_stm32l433xx.o(RESET)
 <LI><a href="#[a]">UsageFault_Handler</a> from stm32l4xx_it.o(i.UsageFault_Handler) referenced from startup_stm32l433xx.o(RESET)
 <LI><a href="#[f]">WWDG_IRQHandler</a> from startup_stm32l433xx.o(.text) referenced from startup_stm32l433xx.o(RESET)
 <LI><a href="#[53]">__main</a> from entry.o(.ARM.Collect$$$$00000000) referenced from startup_stm32l433xx.o(.text)
 <LI><a href="#[69]">_sputc</a> from printfa.o(i._sputc) referenced from printfa.o(i.__0vsprintf)
 <LI><a href="#[6d]">defaultIDLE</a> from freertos.o(i.defaultIDLE) referenced from freertos.o(.constdata)
 <LI><a href="#[51]">main</a> from main.o(i.main) referenced from entry9a.o(.ARM.Collect$$$$0000000B)
 <LI><a href="#[6b]">prvIdleTask</a> from tasks.o(i.prvIdleTask) referenced from tasks.o(i.vTaskStartScheduler)
 <LI><a href="#[6a]">prvTaskExitError</a> from port.o(i.prvTaskExitError) referenced from port.o(i.pxPortInitialiseStack)
</UL>
<P>
<H3>
Global Symbols
</H3>
<P><STRONG><a name="[53]"></a>__main</STRONG> (Thumb, 0 bytes, Stack size unknown bytes, entry.o(.ARM.Collect$$$$00000000))
<BR>[Address Reference Count : 1]<UL><LI> startup_stm32l433xx.o(.text)
</UL>
<P><STRONG><a name="[214]"></a>_main_stk</STRONG> (Thumb, 0 bytes, Stack size unknown bytes, entry2.o(.ARM.Collect$$$$00000001))

<P><STRONG><a name="[89]"></a>_main_scatterload</STRONG> (Thumb, 0 bytes, Stack size unknown bytes, entry5.o(.ARM.Collect$$$$00000004))
<BR><BR>[Calls]<UL><LI><a href="#[8a]">&gt;&gt;</a>&nbsp;&nbsp;&nbsp;__scatterload
</UL>

<P><STRONG><a name="[a0]"></a>__main_after_scatterload</STRONG> (Thumb, 0 bytes, Stack size unknown bytes, entry5.o(.ARM.Collect$$$$00000004))
<BR><BR>[Called By]<UL><LI><a href="#[8a]">&gt;&gt;</a>&nbsp;&nbsp;&nbsp;__scatterload
</UL>

<P><STRONG><a name="[215]"></a>_main_clock</STRONG> (Thumb, 0 bytes, Stack size unknown bytes, entry7b.o(.ARM.Collect$$$$00000008))

<P><STRONG><a name="[216]"></a>_main_cpp_init</STRONG> (Thumb, 0 bytes, Stack size unknown bytes, entry8b.o(.ARM.Collect$$$$0000000A))

<P><STRONG><a name="[217]"></a>_main_init</STRONG> (Thumb, 0 bytes, Stack size unknown bytes, entry9a.o(.ARM.Collect$$$$0000000B))

<P><STRONG><a name="[218]"></a>__rt_final_cpp</STRONG> (Thumb, 0 bytes, Stack size unknown bytes, entry10a.o(.ARM.Collect$$$$0000000D))

<P><STRONG><a name="[219]"></a>__rt_final_exit</STRONG> (Thumb, 0 bytes, Stack size unknown bytes, entry11a.o(.ARM.Collect$$$$0000000F))

<P><STRONG><a name="[b]"></a>SVC_Handler</STRONG> (Thumb, 28 bytes, Stack size 0 bytes, port.o(.emb_text))
<BR>[Address Reference Count : 1]<UL><LI> startup_stm32l433xx.o(RESET)
</UL>
<P><STRONG><a name="[20a]"></a>__asm___6_port_c_39a90d8d__prvStartFirstTask</STRONG> (Thumb, 36 bytes, Stack size 0 bytes, port.o(.emb_text))
<BR><BR>[Called By]<UL><LI><a href="#[207]">&gt;&gt;</a>&nbsp;&nbsp;&nbsp;xPortStartScheduler
</UL>

<P><STRONG><a name="[209]"></a>__asm___6_port_c_39a90d8d__prvEnableVFP</STRONG> (Thumb, 16 bytes, Stack size 0 bytes, port.o(.emb_text))
<BR><BR>[Called By]<UL><LI><a href="#[207]">&gt;&gt;</a>&nbsp;&nbsp;&nbsp;xPortStartScheduler
</UL>

<P><STRONG><a name="[d]"></a>PendSV_Handler</STRONG> (Thumb, 88 bytes, Stack size 0 bytes, port.o(.emb_text))
<BR><BR>[Calls]<UL><LI><a href="#[8b]">&gt;&gt;</a>&nbsp;&nbsp;&nbsp;vTaskSwitchContext
</UL>
<BR>[Address Reference Count : 1]<UL><LI> startup_stm32l433xx.o(RESET)
</UL>
<P><STRONG><a name="[21a]"></a>vPortGetIPSR</STRONG> (Thumb, 6 bytes, Stack size 0 bytes, port.o(.emb_text), UNUSED)

<P><STRONG><a name="[5]"></a>Reset_Handler</STRONG> (Thumb, 8 bytes, Stack size 0 bytes, startup_stm32l433xx.o(.text))
<BR>[Address Reference Count : 1]<UL><LI> startup_stm32l433xx.o(RESET)
</UL>
<P><STRONG><a name="[21]"></a>ADC1_IRQHandler</STRONG> (Thumb, 0 bytes, Stack size 0 bytes, startup_stm32l433xx.o(.text))
<BR><BR>[Calls]<UL><LI><a href="#[21]">&gt;&gt;</a>&nbsp;&nbsp;&nbsp;ADC1_IRQHandler
</UL>
<BR>[Called By]<UL><LI><a href="#[21]">&gt;&gt;</a>&nbsp;&nbsp;&nbsp;ADC1_IRQHandler
</UL>
<BR>[Address Reference Count : 1]<UL><LI> startup_stm32l433xx.o(RESET)
</UL>
<P><STRONG><a name="[23]"></a>CAN1_RX0_IRQHandler</STRONG> (Thumb, 0 bytes, Stack size 0 bytes, startup_stm32l433xx.o(.text))
<BR>[Address Reference Count : 1]<UL><LI> startup_stm32l433xx.o(RESET)
</UL>
<P><STRONG><a name="[24]"></a>CAN1_RX1_IRQHandler</STRONG> (Thumb, 0 bytes, Stack size 0 bytes, startup_stm32l433xx.o(.text))
<BR>[Address Reference Count : 1]<UL><LI> startup_stm32l433xx.o(RESET)
</UL>
<P><STRONG><a name="[25]"></a>CAN1_SCE_IRQHandler</STRONG> (Thumb, 0 bytes, Stack size 0 bytes, startup_stm32l433xx.o(.text))
<BR>[Address Reference Count : 1]<UL><LI> startup_stm32l433xx.o(RESET)
</UL>
<P><STRONG><a name="[22]"></a>CAN1_TX_IRQHandler</STRONG> (Thumb, 0 bytes, Stack size 0 bytes, startup_stm32l433xx.o(.text))
<BR>[Address Reference Count : 1]<UL><LI> startup_stm32l433xx.o(RESET)
</UL>
<P><STRONG><a name="[40]"></a>COMP_IRQHandler</STRONG> (Thumb, 0 bytes, Stack size 0 bytes, startup_stm32l433xx.o(.text))
<BR>[Address Reference Count : 1]<UL><LI> startup_stm32l433xx.o(RESET)
</UL>
<P><STRONG><a name="[50]"></a>CRS_IRQHandler</STRONG> (Thumb, 0 bytes, Stack size 0 bytes, startup_stm32l433xx.o(.text))
<BR>[Address Reference Count : 1]<UL><LI> startup_stm32l433xx.o(RESET)
</UL>
<P><STRONG><a name="[1a]"></a>DMA1_Channel1_IRQHandler</STRONG> (Thumb, 0 bytes, Stack size 0 bytes, startup_stm32l433xx.o(.text))
<BR>[Address Reference Count : 1]<UL><LI> startup_stm32l433xx.o(RESET)
</UL>
<P><STRONG><a name="[1b]"></a>DMA1_Channel2_IRQHandler</STRONG> (Thumb, 0 bytes, Stack size 0 bytes, startup_stm32l433xx.o(.text))
<BR>[Address Reference Count : 1]<UL><LI> startup_stm32l433xx.o(RESET)
</UL>
<P><STRONG><a name="[1c]"></a>DMA1_Channel3_IRQHandler</STRONG> (Thumb, 0 bytes, Stack size 0 bytes, startup_stm32l433xx.o(.text))
<BR>[Address Reference Count : 1]<UL><LI> startup_stm32l433xx.o(RESET)
</UL>
<P><STRONG><a name="[1d]"></a>DMA1_Channel4_IRQHandler</STRONG> (Thumb, 0 bytes, Stack size 0 bytes, startup_stm32l433xx.o(.text))
<BR>[Address Reference Count : 1]<UL><LI> startup_stm32l433xx.o(RESET)
</UL>
<P><STRONG><a name="[1e]"></a>DMA1_Channel5_IRQHandler</STRONG> (Thumb, 0 bytes, Stack size 0 bytes, startup_stm32l433xx.o(.text))
<BR>[Address Reference Count : 1]<UL><LI> startup_stm32l433xx.o(RESET)
</UL>
<P><STRONG><a name="[1f]"></a>DMA1_Channel6_IRQHandler</STRONG> (Thumb, 0 bytes, Stack size 0 bytes, startup_stm32l433xx.o(.text))
<BR>[Address Reference Count : 1]<UL><LI> startup_stm32l433xx.o(RESET)
</UL>
<P><STRONG><a name="[20]"></a>DMA1_Channel7_IRQHandler</STRONG> (Thumb, 0 bytes, Stack size 0 bytes, startup_stm32l433xx.o(.text))
<BR>[Address Reference Count : 1]<UL><LI> startup_stm32l433xx.o(RESET)
</UL>
<P><STRONG><a name="[3b]"></a>DMA2_Channel1_IRQHandler</STRONG> (Thumb, 0 bytes, Stack size 0 bytes, startup_stm32l433xx.o(.text))
<BR>[Address Reference Count : 1]<UL><LI> startup_stm32l433xx.o(RESET)
</UL>
<P><STRONG><a name="[3c]"></a>DMA2_Channel2_IRQHandler</STRONG> (Thumb, 0 bytes, Stack size 0 bytes, startup_stm32l433xx.o(.text))
<BR>[Address Reference Count : 1]<UL><LI> startup_stm32l433xx.o(RESET)
</UL>
<P><STRONG><a name="[3d]"></a>DMA2_Channel3_IRQHandler</STRONG> (Thumb, 0 bytes, Stack size 0 bytes, startup_stm32l433xx.o(.text))
<BR>[Address Reference Count : 1]<UL><LI> startup_stm32l433xx.o(RESET)
</UL>
<P><STRONG><a name="[3e]"></a>DMA2_Channel4_IRQHandler</STRONG> (Thumb, 0 bytes, Stack size 0 bytes, startup_stm32l433xx.o(.text))
<BR>[Address Reference Count : 1]<UL><LI> startup_stm32l433xx.o(RESET)
</UL>
<P><STRONG><a name="[3f]"></a>DMA2_Channel5_IRQHandler</STRONG> (Thumb, 0 bytes, Stack size 0 bytes, startup_stm32l433xx.o(.text))
<BR>[Address Reference Count : 1]<UL><LI> startup_stm32l433xx.o(RESET)
</UL>
<P><STRONG><a name="[44]"></a>DMA2_Channel6_IRQHandler</STRONG> (Thumb, 0 bytes, Stack size 0 bytes, startup_stm32l433xx.o(.text))
<BR>[Address Reference Count : 1]<UL><LI> startup_stm32l433xx.o(RESET)
</UL>
<P><STRONG><a name="[45]"></a>DMA2_Channel7_IRQHandler</STRONG> (Thumb, 0 bytes, Stack size 0 bytes, startup_stm32l433xx.o(.text))
<BR>[Address Reference Count : 1]<UL><LI> startup_stm32l433xx.o(RESET)
</UL>
<P><STRONG><a name="[13]"></a>FLASH_IRQHandler</STRONG> (Thumb, 0 bytes, Stack size 0 bytes, startup_stm32l433xx.o(.text))
<BR>[Address Reference Count : 1]<UL><LI> startup_stm32l433xx.o(RESET)
</UL>
<P><STRONG><a name="[4f]"></a>FPU_IRQHandler</STRONG> (Thumb, 0 bytes, Stack size 0 bytes, startup_stm32l433xx.o(.text))
<BR>[Address Reference Count : 1]<UL><LI> startup_stm32l433xx.o(RESET)
</UL>
<P><STRONG><a name="[2d]"></a>I2C1_ER_IRQHandler</STRONG> (Thumb, 0 bytes, Stack size 0 bytes, startup_stm32l433xx.o(.text))
<BR>[Address Reference Count : 1]<UL><LI> startup_stm32l433xx.o(RESET)
</UL>
<P><STRONG><a name="[2c]"></a>I2C1_EV_IRQHandler</STRONG> (Thumb, 0 bytes, Stack size 0 bytes, startup_stm32l433xx.o(.text))
<BR>[Address Reference Count : 1]<UL><LI> startup_stm32l433xx.o(RESET)
</UL>
<P><STRONG><a name="[2f]"></a>I2C2_ER_IRQHandler</STRONG> (Thumb, 0 bytes, Stack size 0 bytes, startup_stm32l433xx.o(.text))
<BR>[Address Reference Count : 1]<UL><LI> startup_stm32l433xx.o(RESET)
</UL>
<P><STRONG><a name="[2e]"></a>I2C2_EV_IRQHandler</STRONG> (Thumb, 0 bytes, Stack size 0 bytes, startup_stm32l433xx.o(.text))
<BR>[Address Reference Count : 1]<UL><LI> startup_stm32l433xx.o(RESET)
</UL>
<P><STRONG><a name="[49]"></a>I2C3_ER_IRQHandler</STRONG> (Thumb, 0 bytes, Stack size 0 bytes, startup_stm32l433xx.o(.text))
<BR>[Address Reference Count : 1]<UL><LI> startup_stm32l433xx.o(RESET)
</UL>
<P><STRONG><a name="[48]"></a>I2C3_EV_IRQHandler</STRONG> (Thumb, 0 bytes, Stack size 0 bytes, startup_stm32l433xx.o(.text))
<BR>[Address Reference Count : 1]<UL><LI> startup_stm32l433xx.o(RESET)
</UL>
<P><STRONG><a name="[4d]"></a>LCD_IRQHandler</STRONG> (Thumb, 0 bytes, Stack size 0 bytes, startup_stm32l433xx.o(.text))
<BR>[Address Reference Count : 1]<UL><LI> startup_stm32l433xx.o(RESET)
</UL>
<P><STRONG><a name="[41]"></a>LPTIM1_IRQHandler</STRONG> (Thumb, 0 bytes, Stack size 0 bytes, startup_stm32l433xx.o(.text))
<BR>[Address Reference Count : 1]<UL><LI> startup_stm32l433xx.o(RESET)
</UL>
<P><STRONG><a name="[42]"></a>LPTIM2_IRQHandler</STRONG> (Thumb, 0 bytes, Stack size 0 bytes, startup_stm32l433xx.o(.text))
<BR>[Address Reference Count : 1]<UL><LI> startup_stm32l433xx.o(RESET)
</UL>
<P><STRONG><a name="[46]"></a>LPUART1_IRQHandler</STRONG> (Thumb, 0 bytes, Stack size 0 bytes, startup_stm32l433xx.o(.text))
<BR>[Address Reference Count : 1]<UL><LI> startup_stm32l433xx.o(RESET)
</UL>
<P><STRONG><a name="[10]"></a>PVD_PVM_IRQHandler</STRONG> (Thumb, 0 bytes, Stack size 0 bytes, startup_stm32l433xx.o(.text))
<BR>[Address Reference Count : 1]<UL><LI> startup_stm32l433xx.o(RESET)
</UL>
<P><STRONG><a name="[47]"></a>QUADSPI_IRQHandler</STRONG> (Thumb, 0 bytes, Stack size 0 bytes, startup_stm32l433xx.o(.text))
<BR>[Address Reference Count : 1]<UL><LI> startup_stm32l433xx.o(RESET)
</UL>
<P><STRONG><a name="[14]"></a>RCC_IRQHandler</STRONG> (Thumb, 0 bytes, Stack size 0 bytes, startup_stm32l433xx.o(.text))
<BR>[Address Reference Count : 1]<UL><LI> startup_stm32l433xx.o(RESET)
</UL>
<P><STRONG><a name="[4e]"></a>RNG_IRQHandler</STRONG> (Thumb, 0 bytes, Stack size 0 bytes, startup_stm32l433xx.o(.text))
<BR>[Address Reference Count : 1]<UL><LI> startup_stm32l433xx.o(RESET)
</UL>
<P><STRONG><a name="[12]"></a>RTC_WKUP_IRQHandler</STRONG> (Thumb, 0 bytes, Stack size 0 bytes, startup_stm32l433xx.o(.text))
<BR>[Address Reference Count : 1]<UL><LI> startup_stm32l433xx.o(RESET)
</UL>
<P><STRONG><a name="[4a]"></a>SAI1_IRQHandler</STRONG> (Thumb, 0 bytes, Stack size 0 bytes, startup_stm32l433xx.o(.text))
<BR>[Address Reference Count : 1]<UL><LI> startup_stm32l433xx.o(RESET)
</UL>
<P><STRONG><a name="[37]"></a>SDMMC1_IRQHandler</STRONG> (Thumb, 0 bytes, Stack size 0 bytes, startup_stm32l433xx.o(.text))
<BR>[Address Reference Count : 1]<UL><LI> startup_stm32l433xx.o(RESET)
</UL>
<P><STRONG><a name="[30]"></a>SPI1_IRQHandler</STRONG> (Thumb, 0 bytes, Stack size 0 bytes, startup_stm32l433xx.o(.text))
<BR>[Address Reference Count : 1]<UL><LI> startup_stm32l433xx.o(RESET)
</UL>
<P><STRONG><a name="[31]"></a>SPI2_IRQHandler</STRONG> (Thumb, 0 bytes, Stack size 0 bytes, startup_stm32l433xx.o(.text))
<BR>[Address Reference Count : 1]<UL><LI> startup_stm32l433xx.o(RESET)
</UL>
<P><STRONG><a name="[38]"></a>SPI3_IRQHandler</STRONG> (Thumb, 0 bytes, Stack size 0 bytes, startup_stm32l433xx.o(.text))
<BR>[Address Reference Count : 1]<UL><LI> startup_stm32l433xx.o(RESET)
</UL>
<P><STRONG><a name="[4b]"></a>SWPMI1_IRQHandler</STRONG> (Thumb, 0 bytes, Stack size 0 bytes, startup_stm32l433xx.o(.text))
<BR>[Address Reference Count : 1]<UL><LI> startup_stm32l433xx.o(RESET)
</UL>
<P><STRONG><a name="[11]"></a>TAMP_STAMP_IRQHandler</STRONG> (Thumb, 0 bytes, Stack size 0 bytes, startup_stm32l433xx.o(.text))
<BR>[Address Reference Count : 1]<UL><LI> startup_stm32l433xx.o(RESET)
</UL>
<P><STRONG><a name="[27]"></a>TIM1_BRK_TIM15_IRQHandler</STRONG> (Thumb, 0 bytes, Stack size 0 bytes, startup_stm32l433xx.o(.text))
<BR>[Address Reference Count : 1]<UL><LI> startup_stm32l433xx.o(RESET)
</UL>
<P><STRONG><a name="[2a]"></a>TIM1_CC_IRQHandler</STRONG> (Thumb, 0 bytes, Stack size 0 bytes, startup_stm32l433xx.o(.text))
<BR>[Address Reference Count : 1]<UL><LI> startup_stm32l433xx.o(RESET)
</UL>
<P><STRONG><a name="[29]"></a>TIM1_TRG_COM_IRQHandler</STRONG> (Thumb, 0 bytes, Stack size 0 bytes, startup_stm32l433xx.o(.text))
<BR>[Address Reference Count : 1]<UL><LI> startup_stm32l433xx.o(RESET)
</UL>
<P><STRONG><a name="[2b]"></a>TIM2_IRQHandler</STRONG> (Thumb, 0 bytes, Stack size 0 bytes, startup_stm32l433xx.o(.text))
<BR>[Address Reference Count : 1]<UL><LI> startup_stm32l433xx.o(RESET)
</UL>
<P><STRONG><a name="[39]"></a>TIM6_DAC_IRQHandler</STRONG> (Thumb, 0 bytes, Stack size 0 bytes, startup_stm32l433xx.o(.text))
<BR>[Address Reference Count : 1]<UL><LI> startup_stm32l433xx.o(RESET)
</UL>
<P><STRONG><a name="[4c]"></a>TSC_IRQHandler</STRONG> (Thumb, 0 bytes, Stack size 0 bytes, startup_stm32l433xx.o(.text))
<BR>[Address Reference Count : 1]<UL><LI> startup_stm32l433xx.o(RESET)
</UL>
<P><STRONG><a name="[33]"></a>USART2_IRQHandler</STRONG> (Thumb, 0 bytes, Stack size 0 bytes, startup_stm32l433xx.o(.text))
<BR>[Address Reference Count : 1]<UL><LI> startup_stm32l433xx.o(RESET)
</UL>
<P><STRONG><a name="[43]"></a>USB_IRQHandler</STRONG> (Thumb, 0 bytes, Stack size 0 bytes, startup_stm32l433xx.o(.text))
<BR>[Address Reference Count : 1]<UL><LI> startup_stm32l433xx.o(RESET)
</UL>
<P><STRONG><a name="[f]"></a>WWDG_IRQHandler</STRONG> (Thumb, 0 bytes, Stack size 0 bytes, startup_stm32l433xx.o(.text))
<BR>[Address Reference Count : 1]<UL><LI> startup_stm32l433xx.o(RESET)
</UL>
<P><STRONG><a name="[8c]"></a>__aeabi_uldivmod</STRONG> (Thumb, 98 bytes, Stack size 40 bytes, uldiv.o(.text))
<BR><BR>[Stack]<UL><LI>Max Depth = 40<LI>Call Chain = __aeabi_uldivmod
</UL>
<BR>[Calls]<UL><LI><a href="#[8d]">&gt;&gt;</a>&nbsp;&nbsp;&nbsp;__aeabi_llsr
<LI><a href="#[8e]">&gt;&gt;</a>&nbsp;&nbsp;&nbsp;__aeabi_llsl
</UL>
<BR>[Called By]<UL><LI><a href="#[111]">&gt;&gt;</a>&nbsp;&nbsp;&nbsp;UART_SetConfig
<LI><a href="#[1c7]">&gt;&gt;</a>&nbsp;&nbsp;&nbsp;_printf_core
<LI><a href="#[1c8]">&gt;&gt;</a>&nbsp;&nbsp;&nbsp;_fp_digits
</UL>

<P><STRONG><a name="[139]"></a>__aeabi_memcpy</STRONG> (Thumb, 36 bytes, Stack size 0 bytes, memcpya.o(.text))
<BR><BR>[Called By]<UL><LI><a href="#[120]">&gt;&gt;</a>&nbsp;&nbsp;&nbsp;LoRaMacMibSetRequestConfirm
<LI><a href="#[1ef]">&gt;&gt;</a>&nbsp;&nbsp;&nbsp;prvCopyDataToQueue
<LI><a href="#[160]">&gt;&gt;</a>&nbsp;&nbsp;&nbsp;PrepareFrame
<LI><a href="#[64]">&gt;&gt;</a>&nbsp;&nbsp;&nbsp;OnRadioRxDone
</UL>

<P><STRONG><a name="[e5]"></a>__aeabi_memcpy4</STRONG> (Thumb, 0 bytes, Stack size 0 bytes, memcpya.o(.text))
<BR><BR>[Called By]<UL><LI><a href="#[14a]">&gt;&gt;</a>&nbsp;&nbsp;&nbsp;MX_FREERTOS_Init
<LI><a href="#[e2]">&gt;&gt;</a>&nbsp;&nbsp;&nbsp;HAL_PCD_Init
</UL>

<P><STRONG><a name="[21b]"></a>__aeabi_memcpy8</STRONG> (Thumb, 0 bytes, Stack size 0 bytes, memcpya.o(.text), UNUSED)

<P><STRONG><a name="[90]"></a>__aeabi_memset</STRONG> (Thumb, 14 bytes, Stack size 0 bytes, memseta.o(.text), UNUSED)
<BR><BR>[Called By]<UL><LI><a href="#[91]">&gt;&gt;</a>&nbsp;&nbsp;&nbsp;memset
<LI><a href="#[8f]">&gt;&gt;</a>&nbsp;&nbsp;&nbsp;__aeabi_memclr
</UL>

<P><STRONG><a name="[21c]"></a>__aeabi_memset4</STRONG> (Thumb, 0 bytes, Stack size 0 bytes, memseta.o(.text), UNUSED)

<P><STRONG><a name="[21d]"></a>__aeabi_memset8</STRONG> (Thumb, 0 bytes, Stack size 0 bytes, memseta.o(.text), UNUSED)

<P><STRONG><a name="[8f]"></a>__aeabi_memclr</STRONG> (Thumb, 4 bytes, Stack size 0 bytes, memseta.o(.text), UNUSED)
<BR><BR>[Calls]<UL><LI><a href="#[90]">&gt;&gt;</a>&nbsp;&nbsp;&nbsp;__aeabi_memset
</UL>

<P><STRONG><a name="[f5]"></a>__aeabi_memclr4</STRONG> (Thumb, 0 bytes, Stack size 0 bytes, memseta.o(.text))
<BR><BR>[Called By]<UL><LI><a href="#[110]">&gt;&gt;</a>&nbsp;&nbsp;&nbsp;HAL_UART_MspInit
<LI><a href="#[1b9]">&gt;&gt;</a>&nbsp;&nbsp;&nbsp;SystemClock_Config
<LI><a href="#[f4]">&gt;&gt;</a>&nbsp;&nbsp;&nbsp;HAL_SPI_MspInit
<LI><a href="#[14d]">&gt;&gt;</a>&nbsp;&nbsp;&nbsp;MX_GPIO_Init
<LI><a href="#[17e]">&gt;&gt;</a>&nbsp;&nbsp;&nbsp;RegionCN470NextChannel
</UL>

<P><STRONG><a name="[21e]"></a>__aeabi_memclr8</STRONG> (Thumb, 0 bytes, Stack size 0 bytes, memseta.o(.text), UNUSED)

<P><STRONG><a name="[91]"></a>memset</STRONG> (Thumb, 18 bytes, Stack size 8 bytes, memseta.o(.text), UNUSED)
<BR><BR>[Calls]<UL><LI><a href="#[90]">&gt;&gt;</a>&nbsp;&nbsp;&nbsp;__aeabi_memset
</UL>

<P><STRONG><a name="[1dd]"></a>strlen</STRONG> (Thumb, 14 bytes, Stack size 0 bytes, strlen.o(.text))
<BR><BR>[Called By]<UL><LI><a href="#[b1]">&gt;&gt;</a>&nbsp;&nbsp;&nbsp;myprintf
</UL>

<P><STRONG><a name="[92]"></a>__aeabi_dadd</STRONG> (Thumb, 322 bytes, Stack size 48 bytes, dadd.o(.text))
<BR><BR>[Stack]<UL><LI>Max Depth = 88<LI>Call Chain = __aeabi_dadd &rArr; _double_epilogue &rArr; _double_round
</UL>
<BR>[Calls]<UL><LI><a href="#[93]">&gt;&gt;</a>&nbsp;&nbsp;&nbsp;__aeabi_lasr
<LI><a href="#[8e]">&gt;&gt;</a>&nbsp;&nbsp;&nbsp;__aeabi_llsl
<LI><a href="#[95]">&gt;&gt;</a>&nbsp;&nbsp;&nbsp;_double_round
<LI><a href="#[94]">&gt;&gt;</a>&nbsp;&nbsp;&nbsp;_double_epilogue
</UL>
<BR>[Called By]<UL><LI><a href="#[96]">&gt;&gt;</a>&nbsp;&nbsp;&nbsp;__aeabi_dsub
<LI><a href="#[97]">&gt;&gt;</a>&nbsp;&nbsp;&nbsp;__aeabi_drsub
<LI><a href="#[178]">&gt;&gt;</a>&nbsp;&nbsp;&nbsp;RegionCommonComputeRxWindowParameters
<LI><a href="#[7a]">&gt;&gt;</a>&nbsp;&nbsp;&nbsp;SX1276GetTimeOnAir
<LI><a href="#[1c8]">&gt;&gt;</a>&nbsp;&nbsp;&nbsp;_fp_digits
<LI><a href="#[1a1]">&gt;&gt;</a>&nbsp;&nbsp;&nbsp;__hardfp_round
<LI><a href="#[18d]">&gt;&gt;</a>&nbsp;&nbsp;&nbsp;__hardfp_floor
<LI><a href="#[18b]">&gt;&gt;</a>&nbsp;&nbsp;&nbsp;__hardfp_ceil
</UL>

<P><STRONG><a name="[96]"></a>__aeabi_dsub</STRONG> (Thumb, 6 bytes, Stack size 0 bytes, dadd.o(.text))
<BR><BR>[Stack]<UL><LI>Max Depth = 88<LI>Call Chain = __aeabi_dsub &rArr; __aeabi_dadd &rArr; _double_epilogue &rArr; _double_round
</UL>
<BR>[Calls]<UL><LI><a href="#[92]">&gt;&gt;</a>&nbsp;&nbsp;&nbsp;__aeabi_dadd
</UL>
<BR>[Called By]<UL><LI><a href="#[178]">&gt;&gt;</a>&nbsp;&nbsp;&nbsp;RegionCommonComputeRxWindowParameters
<LI><a href="#[1a1]">&gt;&gt;</a>&nbsp;&nbsp;&nbsp;__hardfp_round
</UL>

<P><STRONG><a name="[97]"></a>__aeabi_drsub</STRONG> (Thumb, 6 bytes, Stack size 0 bytes, dadd.o(.text))
<BR><BR>[Stack]<UL><LI>Max Depth = 88<LI>Call Chain = __aeabi_drsub &rArr; __aeabi_dadd &rArr; _double_epilogue &rArr; _double_round
</UL>
<BR>[Calls]<UL><LI><a href="#[92]">&gt;&gt;</a>&nbsp;&nbsp;&nbsp;__aeabi_dadd
</UL>
<BR>[Called By]<UL><LI><a href="#[178]">&gt;&gt;</a>&nbsp;&nbsp;&nbsp;RegionCommonComputeRxWindowParameters
<LI><a href="#[18d]">&gt;&gt;</a>&nbsp;&nbsp;&nbsp;__hardfp_floor
<LI><a href="#[18b]">&gt;&gt;</a>&nbsp;&nbsp;&nbsp;__hardfp_ceil
</UL>

<P><STRONG><a name="[98]"></a>__aeabi_dmul</STRONG> (Thumb, 228 bytes, Stack size 48 bytes, dmul.o(.text))
<BR><BR>[Stack]<UL><LI>Max Depth = 88<LI>Call Chain = __aeabi_dmul &rArr; _double_epilogue &rArr; _double_round
</UL>
<BR>[Calls]<UL><LI><a href="#[94]">&gt;&gt;</a>&nbsp;&nbsp;&nbsp;_double_epilogue
</UL>
<BR>[Called By]<UL><LI><a href="#[bf]">&gt;&gt;</a>&nbsp;&nbsp;&nbsp;CalcPrint_V1_RMS
<LI><a href="#[be]">&gt;&gt;</a>&nbsp;&nbsp;&nbsp;CalcPrint_Tot_App_Energy
<LI><a href="#[bd]">&gt;&gt;</a>&nbsp;&nbsp;&nbsp;CalcPrint_React_Pwr
<LI><a href="#[bc]">&gt;&gt;</a>&nbsp;&nbsp;&nbsp;CalcPrint_React_Energy
<LI><a href="#[bb]">&gt;&gt;</a>&nbsp;&nbsp;&nbsp;CalcPrint_Phase
<LI><a href="#[b8]">&gt;&gt;</a>&nbsp;&nbsp;&nbsp;CalcPrint_Freq
<LI><a href="#[b7]">&gt;&gt;</a>&nbsp;&nbsp;&nbsp;CalcPrint_C1_RMS
<LI><a href="#[b6]">&gt;&gt;</a>&nbsp;&nbsp;&nbsp;CalcPrint_App_RMS_Pwr
<LI><a href="#[b5]">&gt;&gt;</a>&nbsp;&nbsp;&nbsp;CalcPrint_App_Energy
<LI><a href="#[b4]">&gt;&gt;</a>&nbsp;&nbsp;&nbsp;CalcPrint_Active_Pwr
<LI><a href="#[ad]">&gt;&gt;</a>&nbsp;&nbsp;&nbsp;CalcPrint_Active_Energy
<LI><a href="#[177]">&gt;&gt;</a>&nbsp;&nbsp;&nbsp;RegionCommonComputeSymbolTimeLoRa
<LI><a href="#[178]">&gt;&gt;</a>&nbsp;&nbsp;&nbsp;RegionCommonComputeRxWindowParameters
<LI><a href="#[77]">&gt;&gt;</a>&nbsp;&nbsp;&nbsp;SX1276SetRxConfig
<LI><a href="#[2]">&gt;&gt;</a>&nbsp;&nbsp;&nbsp;SX1276OnDio2Irq
<LI><a href="#[7a]">&gt;&gt;</a>&nbsp;&nbsp;&nbsp;SX1276GetTimeOnAir
<LI><a href="#[19b]">&gt;&gt;</a>&nbsp;&nbsp;&nbsp;RxChainCalibration
<LI><a href="#[1c8]">&gt;&gt;</a>&nbsp;&nbsp;&nbsp;_fp_digits
</UL>

<P><STRONG><a name="[99]"></a>__aeabi_ddiv</STRONG> (Thumb, 222 bytes, Stack size 32 bytes, ddiv.o(.text))
<BR><BR>[Stack]<UL><LI>Max Depth = 40<LI>Call Chain = __aeabi_ddiv &rArr; _double_round
</UL>
<BR>[Calls]<UL><LI><a href="#[95]">&gt;&gt;</a>&nbsp;&nbsp;&nbsp;_double_round
</UL>
<BR>[Called By]<UL><LI><a href="#[148]">&gt;&gt;</a>&nbsp;&nbsp;&nbsp;LoRa_SetRFFrequency
<LI><a href="#[bf]">&gt;&gt;</a>&nbsp;&nbsp;&nbsp;CalcPrint_V1_RMS
<LI><a href="#[be]">&gt;&gt;</a>&nbsp;&nbsp;&nbsp;CalcPrint_Tot_App_Energy
<LI><a href="#[bd]">&gt;&gt;</a>&nbsp;&nbsp;&nbsp;CalcPrint_React_Pwr
<LI><a href="#[bc]">&gt;&gt;</a>&nbsp;&nbsp;&nbsp;CalcPrint_React_Energy
<LI><a href="#[bb]">&gt;&gt;</a>&nbsp;&nbsp;&nbsp;CalcPrint_Phase
<LI><a href="#[b8]">&gt;&gt;</a>&nbsp;&nbsp;&nbsp;CalcPrint_Freq
<LI><a href="#[b7]">&gt;&gt;</a>&nbsp;&nbsp;&nbsp;CalcPrint_C1_RMS
<LI><a href="#[b6]">&gt;&gt;</a>&nbsp;&nbsp;&nbsp;CalcPrint_App_RMS_Pwr
<LI><a href="#[b5]">&gt;&gt;</a>&nbsp;&nbsp;&nbsp;CalcPrint_App_Energy
<LI><a href="#[b4]">&gt;&gt;</a>&nbsp;&nbsp;&nbsp;CalcPrint_Active_Pwr
<LI><a href="#[ad]">&gt;&gt;</a>&nbsp;&nbsp;&nbsp;CalcPrint_Active_Energy
<LI><a href="#[177]">&gt;&gt;</a>&nbsp;&nbsp;&nbsp;RegionCommonComputeSymbolTimeLoRa
<LI><a href="#[178]">&gt;&gt;</a>&nbsp;&nbsp;&nbsp;RegionCommonComputeRxWindowParameters
<LI><a href="#[78]">&gt;&gt;</a>&nbsp;&nbsp;&nbsp;SX1276SetTxConfig
<LI><a href="#[77]">&gt;&gt;</a>&nbsp;&nbsp;&nbsp;SX1276SetRxConfig
<LI><a href="#[74]">&gt;&gt;</a>&nbsp;&nbsp;&nbsp;SX1276SetChannel
<LI><a href="#[7a]">&gt;&gt;</a>&nbsp;&nbsp;&nbsp;SX1276GetTimeOnAir
<LI><a href="#[1c8]">&gt;&gt;</a>&nbsp;&nbsp;&nbsp;_fp_digits
</UL>

<P><STRONG><a name="[9a]"></a>__aeabi_i2d</STRONG> (Thumb, 34 bytes, Stack size 16 bytes, dflti.o(.text))
<BR><BR>[Stack]<UL><LI>Max Depth = 56<LI>Call Chain = __aeabi_i2d &rArr; _double_epilogue &rArr; _double_round
</UL>
<BR>[Calls]<UL><LI><a href="#[94]">&gt;&gt;</a>&nbsp;&nbsp;&nbsp;_double_epilogue
</UL>
<BR>[Called By]<UL><LI><a href="#[177]">&gt;&gt;</a>&nbsp;&nbsp;&nbsp;RegionCommonComputeSymbolTimeLoRa
<LI><a href="#[178]">&gt;&gt;</a>&nbsp;&nbsp;&nbsp;RegionCommonComputeRxWindowParameters
<LI><a href="#[2]">&gt;&gt;</a>&nbsp;&nbsp;&nbsp;SX1276OnDio2Irq
<LI><a href="#[7a]">&gt;&gt;</a>&nbsp;&nbsp;&nbsp;SX1276GetTimeOnAir
</UL>

<P><STRONG><a name="[9b]"></a>__aeabi_ui2d</STRONG> (Thumb, 26 bytes, Stack size 16 bytes, dfltui.o(.text))
<BR><BR>[Stack]<UL><LI>Max Depth = 56<LI>Call Chain = __aeabi_ui2d &rArr; _double_epilogue &rArr; _double_round
</UL>
<BR>[Calls]<UL><LI><a href="#[94]">&gt;&gt;</a>&nbsp;&nbsp;&nbsp;_double_epilogue
</UL>
<BR>[Called By]<UL><LI><a href="#[148]">&gt;&gt;</a>&nbsp;&nbsp;&nbsp;LoRa_SetRFFrequency
<LI><a href="#[bf]">&gt;&gt;</a>&nbsp;&nbsp;&nbsp;CalcPrint_V1_RMS
<LI><a href="#[be]">&gt;&gt;</a>&nbsp;&nbsp;&nbsp;CalcPrint_Tot_App_Energy
<LI><a href="#[bd]">&gt;&gt;</a>&nbsp;&nbsp;&nbsp;CalcPrint_React_Pwr
<LI><a href="#[bc]">&gt;&gt;</a>&nbsp;&nbsp;&nbsp;CalcPrint_React_Energy
<LI><a href="#[bb]">&gt;&gt;</a>&nbsp;&nbsp;&nbsp;CalcPrint_Phase
<LI><a href="#[b8]">&gt;&gt;</a>&nbsp;&nbsp;&nbsp;CalcPrint_Freq
<LI><a href="#[b7]">&gt;&gt;</a>&nbsp;&nbsp;&nbsp;CalcPrint_C1_RMS
<LI><a href="#[b6]">&gt;&gt;</a>&nbsp;&nbsp;&nbsp;CalcPrint_App_RMS_Pwr
<LI><a href="#[b5]">&gt;&gt;</a>&nbsp;&nbsp;&nbsp;CalcPrint_App_Energy
<LI><a href="#[b4]">&gt;&gt;</a>&nbsp;&nbsp;&nbsp;CalcPrint_Active_Pwr
<LI><a href="#[ad]">&gt;&gt;</a>&nbsp;&nbsp;&nbsp;CalcPrint_Active_Energy
<LI><a href="#[177]">&gt;&gt;</a>&nbsp;&nbsp;&nbsp;RegionCommonComputeSymbolTimeLoRa
<LI><a href="#[178]">&gt;&gt;</a>&nbsp;&nbsp;&nbsp;RegionCommonComputeRxWindowParameters
<LI><a href="#[78]">&gt;&gt;</a>&nbsp;&nbsp;&nbsp;SX1276SetTxConfig
<LI><a href="#[77]">&gt;&gt;</a>&nbsp;&nbsp;&nbsp;SX1276SetRxConfig
<LI><a href="#[74]">&gt;&gt;</a>&nbsp;&nbsp;&nbsp;SX1276SetChannel
<LI><a href="#[7a]">&gt;&gt;</a>&nbsp;&nbsp;&nbsp;SX1276GetTimeOnAir
<LI><a href="#[19b]">&gt;&gt;</a>&nbsp;&nbsp;&nbsp;RxChainCalibration
</UL>

<P><STRONG><a name="[9c]"></a>__aeabi_d2iz</STRONG> (Thumb, 62 bytes, Stack size 16 bytes, dfixi.o(.text))
<BR><BR>[Stack]<UL><LI>Max Depth = 16<LI>Call Chain = __aeabi_d2iz
</UL>
<BR>[Calls]<UL><LI><a href="#[8d]">&gt;&gt;</a>&nbsp;&nbsp;&nbsp;__aeabi_llsr
</UL>
<BR>[Called By]<UL><LI><a href="#[186]">&gt;&gt;</a>&nbsp;&nbsp;&nbsp;RegionCommonComputeTxPower
<LI><a href="#[178]">&gt;&gt;</a>&nbsp;&nbsp;&nbsp;RegionCommonComputeRxWindowParameters
<LI><a href="#[2]">&gt;&gt;</a>&nbsp;&nbsp;&nbsp;SX1276OnDio2Irq
</UL>

<P><STRONG><a name="[9d]"></a>__aeabi_d2uiz</STRONG> (Thumb, 50 bytes, Stack size 8 bytes, dfixui.o(.text))
<BR><BR>[Stack]<UL><LI>Max Depth = 8<LI>Call Chain = __aeabi_d2uiz
</UL>
<BR>[Calls]<UL><LI><a href="#[8d]">&gt;&gt;</a>&nbsp;&nbsp;&nbsp;__aeabi_llsr
</UL>
<BR>[Called By]<UL><LI><a href="#[148]">&gt;&gt;</a>&nbsp;&nbsp;&nbsp;LoRa_SetRFFrequency
<LI><a href="#[178]">&gt;&gt;</a>&nbsp;&nbsp;&nbsp;RegionCommonComputeRxWindowParameters
<LI><a href="#[78]">&gt;&gt;</a>&nbsp;&nbsp;&nbsp;SX1276SetTxConfig
<LI><a href="#[77]">&gt;&gt;</a>&nbsp;&nbsp;&nbsp;SX1276SetRxConfig
<LI><a href="#[74]">&gt;&gt;</a>&nbsp;&nbsp;&nbsp;SX1276SetChannel
<LI><a href="#[7a]">&gt;&gt;</a>&nbsp;&nbsp;&nbsp;SX1276GetTimeOnAir
<LI><a href="#[19b]">&gt;&gt;</a>&nbsp;&nbsp;&nbsp;RxChainCalibration
</UL>

<P><STRONG><a name="[18c]"></a>__aeabi_f2d</STRONG> (Thumb, 38 bytes, Stack size 0 bytes, f2d.o(.text))
<BR><BR>[Called By]<UL><LI><a href="#[186]">&gt;&gt;</a>&nbsp;&nbsp;&nbsp;RegionCommonComputeTxPower
</UL>

<P><STRONG><a name="[21f]"></a>__aeabi_cdcmpeq</STRONG> (Thumb, 0 bytes, Stack size 0 bytes, cdcmple.o(.text), UNUSED)

<P><STRONG><a name="[b9]"></a>__aeabi_cdcmple</STRONG> (Thumb, 48 bytes, Stack size 0 bytes, cdcmple.o(.text))
<BR><BR>[Called By]<UL><LI><a href="#[b8]">&gt;&gt;</a>&nbsp;&nbsp;&nbsp;CalcPrint_Freq
<LI><a href="#[1a1]">&gt;&gt;</a>&nbsp;&nbsp;&nbsp;__hardfp_round
</UL>

<P><STRONG><a name="[ba]"></a>__aeabi_cdrcmple</STRONG> (Thumb, 48 bytes, Stack size 0 bytes, cdrcmple.o(.text))
<BR><BR>[Called By]<UL><LI><a href="#[b8]">&gt;&gt;</a>&nbsp;&nbsp;&nbsp;CalcPrint_Freq
<LI><a href="#[7a]">&gt;&gt;</a>&nbsp;&nbsp;&nbsp;SX1276GetTimeOnAir
<LI><a href="#[1c8]">&gt;&gt;</a>&nbsp;&nbsp;&nbsp;_fp_digits
<LI><a href="#[1a1]">&gt;&gt;</a>&nbsp;&nbsp;&nbsp;__hardfp_round
<LI><a href="#[18d]">&gt;&gt;</a>&nbsp;&nbsp;&nbsp;__hardfp_floor
<LI><a href="#[18b]">&gt;&gt;</a>&nbsp;&nbsp;&nbsp;__hardfp_ceil
</UL>

<P><STRONG><a name="[220]"></a>__aeabi_uidiv</STRONG> (Thumb, 0 bytes, Stack size 12 bytes, uidiv.o(.text), UNUSED)

<P><STRONG><a name="[1cb]"></a>__aeabi_uidivmod</STRONG> (Thumb, 44 bytes, Stack size 12 bytes, uidiv.o(.text), UNUSED)
<BR><BR>[Called By]<UL><LI><a href="#[1c7]">&gt;&gt;</a>&nbsp;&nbsp;&nbsp;_printf_core
</UL>

<P><STRONG><a name="[8e]"></a>__aeabi_llsl</STRONG> (Thumb, 30 bytes, Stack size 0 bytes, llshl.o(.text))
<BR><BR>[Called By]<UL><LI><a href="#[92]">&gt;&gt;</a>&nbsp;&nbsp;&nbsp;__aeabi_dadd
<LI><a href="#[94]">&gt;&gt;</a>&nbsp;&nbsp;&nbsp;_double_epilogue
<LI><a href="#[9f]">&gt;&gt;</a>&nbsp;&nbsp;&nbsp;__aeabi_d2ulz
<LI><a href="#[8c]">&gt;&gt;</a>&nbsp;&nbsp;&nbsp;__aeabi_uldivmod
<LI><a href="#[9e]">&gt;&gt;</a>&nbsp;&nbsp;&nbsp;_drnd
</UL>

<P><STRONG><a name="[221]"></a>_ll_shift_l</STRONG> (Thumb, 0 bytes, Stack size 0 bytes, llshl.o(.text), UNUSED)

<P><STRONG><a name="[8d]"></a>__aeabi_llsr</STRONG> (Thumb, 32 bytes, Stack size 0 bytes, llushr.o(.text))
<BR><BR>[Called By]<UL><LI><a href="#[9d]">&gt;&gt;</a>&nbsp;&nbsp;&nbsp;__aeabi_d2uiz
<LI><a href="#[9c]">&gt;&gt;</a>&nbsp;&nbsp;&nbsp;__aeabi_d2iz
<LI><a href="#[94]">&gt;&gt;</a>&nbsp;&nbsp;&nbsp;_double_epilogue
<LI><a href="#[9f]">&gt;&gt;</a>&nbsp;&nbsp;&nbsp;__aeabi_d2ulz
<LI><a href="#[8c]">&gt;&gt;</a>&nbsp;&nbsp;&nbsp;__aeabi_uldivmod
<LI><a href="#[9e]">&gt;&gt;</a>&nbsp;&nbsp;&nbsp;_drnd
</UL>

<P><STRONG><a name="[222]"></a>_ll_ushift_r</STRONG> (Thumb, 0 bytes, Stack size 0 bytes, llushr.o(.text), UNUSED)

<P><STRONG><a name="[93]"></a>__aeabi_lasr</STRONG> (Thumb, 36 bytes, Stack size 0 bytes, llsshr.o(.text))
<BR><BR>[Called By]<UL><LI><a href="#[92]">&gt;&gt;</a>&nbsp;&nbsp;&nbsp;__aeabi_dadd
</UL>

<P><STRONG><a name="[223]"></a>_ll_sshift_r</STRONG> (Thumb, 0 bytes, Stack size 0 bytes, llsshr.o(.text), UNUSED)

<P><STRONG><a name="[224]"></a>__I$use$fp</STRONG> (Thumb, 0 bytes, Stack size 8 bytes, iusefp.o(.text), UNUSED)

<P><STRONG><a name="[95]"></a>_double_round</STRONG> (Thumb, 30 bytes, Stack size 8 bytes, depilogue.o(.text))
<BR><BR>[Stack]<UL><LI>Max Depth = 8<LI>Call Chain = _double_round
</UL>
<BR>[Called By]<UL><LI><a href="#[99]">&gt;&gt;</a>&nbsp;&nbsp;&nbsp;__aeabi_ddiv
<LI><a href="#[92]">&gt;&gt;</a>&nbsp;&nbsp;&nbsp;__aeabi_dadd
<LI><a href="#[94]">&gt;&gt;</a>&nbsp;&nbsp;&nbsp;_double_epilogue
<LI><a href="#[9e]">&gt;&gt;</a>&nbsp;&nbsp;&nbsp;_drnd
</UL>

<P><STRONG><a name="[94]"></a>_double_epilogue</STRONG> (Thumb, 156 bytes, Stack size 32 bytes, depilogue.o(.text))
<BR><BR>[Stack]<UL><LI>Max Depth = 40<LI>Call Chain = _double_epilogue &rArr; _double_round
</UL>
<BR>[Calls]<UL><LI><a href="#[8d]">&gt;&gt;</a>&nbsp;&nbsp;&nbsp;__aeabi_llsr
<LI><a href="#[8e]">&gt;&gt;</a>&nbsp;&nbsp;&nbsp;__aeabi_llsl
<LI><a href="#[95]">&gt;&gt;</a>&nbsp;&nbsp;&nbsp;_double_round
</UL>
<BR>[Called By]<UL><LI><a href="#[9b]">&gt;&gt;</a>&nbsp;&nbsp;&nbsp;__aeabi_ui2d
<LI><a href="#[98]">&gt;&gt;</a>&nbsp;&nbsp;&nbsp;__aeabi_dmul
<LI><a href="#[9a]">&gt;&gt;</a>&nbsp;&nbsp;&nbsp;__aeabi_i2d
<LI><a href="#[92]">&gt;&gt;</a>&nbsp;&nbsp;&nbsp;__aeabi_dadd
</UL>

<P><STRONG><a name="[9e]"></a>_drnd</STRONG> (Thumb, 132 bytes, Stack size 24 bytes, drnd.o(.text))
<BR><BR>[Stack]<UL><LI>Max Depth = 32<LI>Call Chain = _drnd &rArr; _double_round
</UL>
<BR>[Calls]<UL><LI><a href="#[8d]">&gt;&gt;</a>&nbsp;&nbsp;&nbsp;__aeabi_llsr
<LI><a href="#[8e]">&gt;&gt;</a>&nbsp;&nbsp;&nbsp;__aeabi_llsl
<LI><a href="#[95]">&gt;&gt;</a>&nbsp;&nbsp;&nbsp;_double_round
</UL>
<BR>[Called By]<UL><LI><a href="#[1a1]">&gt;&gt;</a>&nbsp;&nbsp;&nbsp;__hardfp_round
</UL>

<P><STRONG><a name="[9f]"></a>__aeabi_d2ulz</STRONG> (Thumb, 48 bytes, Stack size 0 bytes, dfixul.o(.text), UNUSED)
<BR><BR>[Calls]<UL><LI><a href="#[8d]">&gt;&gt;</a>&nbsp;&nbsp;&nbsp;__aeabi_llsr
<LI><a href="#[8e]">&gt;&gt;</a>&nbsp;&nbsp;&nbsp;__aeabi_llsl
</UL>
<BR>[Called By]<UL><LI><a href="#[1c8]">&gt;&gt;</a>&nbsp;&nbsp;&nbsp;_fp_digits
</UL>

<P><STRONG><a name="[8a]"></a>__scatterload</STRONG> (Thumb, 28 bytes, Stack size 0 bytes, init.o(.text))
<BR><BR>[Calls]<UL><LI><a href="#[a0]">&gt;&gt;</a>&nbsp;&nbsp;&nbsp;__main_after_scatterload
</UL>
<BR>[Called By]<UL><LI><a href="#[89]">&gt;&gt;</a>&nbsp;&nbsp;&nbsp;_main_scatterload
</UL>

<P><STRONG><a name="[225]"></a>__scatterload_rt2</STRONG> (Thumb, 0 bytes, Stack size 0 bytes, init.o(.text), UNUSED)

<P><STRONG><a name="[226]"></a>__decompress</STRONG> (Thumb, 0 bytes, Stack size unknown bytes, __dczerorl2.o(.text), UNUSED)

<P><STRONG><a name="[227]"></a>__decompress1</STRONG> (Thumb, 86 bytes, Stack size unknown bytes, __dczerorl2.o(.text), UNUSED)

<P><STRONG><a name="[a1]"></a>AES_CMAC_Final</STRONG> (Thumb, 442 bytes, Stack size 48 bytes, cmac.o(i.AES_CMAC_Final))
<BR><BR>[Stack]<UL><LI>Max Depth = 112<LI>Call Chain = AES_CMAC_Final &rArr; aes_encrypt &rArr; mix_sub_columns
</UL>
<BR>[Calls]<UL><LI><a href="#[a3]">&gt;&gt;</a>&nbsp;&nbsp;&nbsp;aes_encrypt
<LI><a href="#[a2]">&gt;&gt;</a>&nbsp;&nbsp;&nbsp;memset1
<LI><a href="#[a4]">&gt;&gt;</a>&nbsp;&nbsp;&nbsp;memcpy1
</UL>
<BR>[Called By]<UL><LI><a href="#[131]">&gt;&gt;</a>&nbsp;&nbsp;&nbsp;LoRaMacJoinComputeMic
<LI><a href="#[129]">&gt;&gt;</a>&nbsp;&nbsp;&nbsp;LoRaMacComputeMic
</UL>

<P><STRONG><a name="[a5]"></a>AES_CMAC_Init</STRONG> (Thumb, 34 bytes, Stack size 8 bytes, cmac.o(i.AES_CMAC_Init))
<BR><BR>[Stack]<UL><LI>Max Depth = 16<LI>Call Chain = AES_CMAC_Init &rArr; memset1
</UL>
<BR>[Calls]<UL><LI><a href="#[a2]">&gt;&gt;</a>&nbsp;&nbsp;&nbsp;memset1
</UL>
<BR>[Called By]<UL><LI><a href="#[131]">&gt;&gt;</a>&nbsp;&nbsp;&nbsp;LoRaMacJoinComputeMic
<LI><a href="#[129]">&gt;&gt;</a>&nbsp;&nbsp;&nbsp;LoRaMacComputeMic
</UL>

<P><STRONG><a name="[a6]"></a>AES_CMAC_SetKey</STRONG> (Thumb, 18 bytes, Stack size 16 bytes, cmac.o(i.AES_CMAC_SetKey))
<BR><BR>[Stack]<UL><LI>Max Depth = 64<LI>Call Chain = AES_CMAC_SetKey &rArr; aes_set_key &rArr; copy_block_nn
</UL>
<BR>[Calls]<UL><LI><a href="#[a7]">&gt;&gt;</a>&nbsp;&nbsp;&nbsp;aes_set_key
</UL>
<BR>[Called By]<UL><LI><a href="#[131]">&gt;&gt;</a>&nbsp;&nbsp;&nbsp;LoRaMacJoinComputeMic
<LI><a href="#[129]">&gt;&gt;</a>&nbsp;&nbsp;&nbsp;LoRaMacComputeMic
</UL>

<P><STRONG><a name="[a8]"></a>AES_CMAC_Update</STRONG> (Thumb, 232 bytes, Stack size 40 bytes, cmac.o(i.AES_CMAC_Update))
<BR><BR>[Stack]<UL><LI>Max Depth = 104<LI>Call Chain = AES_CMAC_Update &rArr; aes_encrypt &rArr; mix_sub_columns
</UL>
<BR>[Calls]<UL><LI><a href="#[a3]">&gt;&gt;</a>&nbsp;&nbsp;&nbsp;aes_encrypt
<LI><a href="#[a4]">&gt;&gt;</a>&nbsp;&nbsp;&nbsp;memcpy1
</UL>
<BR>[Called By]<UL><LI><a href="#[131]">&gt;&gt;</a>&nbsp;&nbsp;&nbsp;LoRaMacJoinComputeMic
<LI><a href="#[129]">&gt;&gt;</a>&nbsp;&nbsp;&nbsp;LoRaMacComputeMic
</UL>

<P><STRONG><a name="[1c1]"></a>BoardDisableIrq</STRONG> (Thumb, 14 bytes, Stack size 0 bytes, board.o(i.BoardDisableIrq))
<BR><BR>[Called By]<UL><LI><a href="#[c4]">&gt;&gt;</a>&nbsp;&nbsp;&nbsp;TimerStop
<LI><a href="#[159]">&gt;&gt;</a>&nbsp;&nbsp;&nbsp;TimerStart
</UL>

<P><STRONG><a name="[1c3]"></a>BoardEnableIrq</STRONG> (Thumb, 20 bytes, Stack size 0 bytes, board.o(i.BoardEnableIrq))
<BR><BR>[Called By]<UL><LI><a href="#[c4]">&gt;&gt;</a>&nbsp;&nbsp;&nbsp;TimerStop
<LI><a href="#[159]">&gt;&gt;</a>&nbsp;&nbsp;&nbsp;TimerStart
</UL>

<P><STRONG><a name="[5d]"></a>BoardGetBatteryLevel</STRONG> (Thumb, 4 bytes, Stack size 0 bytes, board.o(i.BoardGetBatteryLevel))
<BR>[Address Reference Count : 1]<UL><LI> hal_loramac.o(i.LoRaMAC_Init)
</UL>
<P><STRONG><a name="[122]"></a>BoardGetRandomSeed</STRONG> (Thumb, 18 bytes, Stack size 0 bytes, board.o(i.BoardGetRandomSeed))
<BR><BR>[Called By]<UL><LI><a href="#[121]">&gt;&gt;</a>&nbsp;&nbsp;&nbsp;LoRaMAC_Join
</UL>

<P><STRONG><a name="[11e]"></a>BoardInitMcu</STRONG> (Thumb, 42 bytes, Stack size 0 bytes, board.o(i.BoardInitMcu))
<BR><BR>[Called By]<UL><LI><a href="#[11d]">&gt;&gt;</a>&nbsp;&nbsp;&nbsp;LoRaMAC_Init
</UL>

<P><STRONG><a name="[9]"></a>BusFault_Handler</STRONG> (Thumb, 4 bytes, Stack size 0 bytes, stm32l4xx_it.o(i.BusFault_Handler))
<BR>[Address Reference Count : 1]<UL><LI> startup_stm32l433xx.o(RESET)
</UL>
<P><STRONG><a name="[ad]"></a>CalcPrint_Active_Energy</STRONG> (Thumb, 204 bytes, Stack size 40 bytes, freertos.o(i.CalcPrint_Active_Energy))
<BR><BR>[Stack]<UL><LI>Max Depth = 240<LI>Call Chain = CalcPrint_Active_Energy &rArr; ext_flash_write &rArr; ext_flash_last_write_or_erase_done &rArr; flash_ext_wr_rd &rArr; HAL_SPI_Receive &rArr; HAL_SPI_TransmitReceive &rArr; SPI_EndRxTxTransaction &rArr; SPI_WaitFlagStateUntilTimeout
</UL>
<BR>[Calls]<UL><LI><a href="#[9b]">&gt;&gt;</a>&nbsp;&nbsp;&nbsp;__aeabi_ui2d
<LI><a href="#[99]">&gt;&gt;</a>&nbsp;&nbsp;&nbsp;__aeabi_ddiv
<LI><a href="#[b0]">&gt;&gt;</a>&nbsp;&nbsp;&nbsp;USART3_PINSET_TX
<LI><a href="#[b2]">&gt;&gt;</a>&nbsp;&nbsp;&nbsp;USART3_PINSET_RX
<LI><a href="#[b1]">&gt;&gt;</a>&nbsp;&nbsp;&nbsp;myprintf
<LI><a href="#[b3]">&gt;&gt;</a>&nbsp;&nbsp;&nbsp;HAL_Delay
<LI><a href="#[ae]">&gt;&gt;</a>&nbsp;&nbsp;&nbsp;ext_flash_write
<LI><a href="#[af]">&gt;&gt;</a>&nbsp;&nbsp;&nbsp;ext_flash_last_write_or_erase_done
<LI><a href="#[98]">&gt;&gt;</a>&nbsp;&nbsp;&nbsp;__aeabi_dmul
</UL>
<BR>[Called By]<UL><LI><a href="#[6e]">&gt;&gt;</a>&nbsp;&nbsp;&nbsp;StartUSART1
</UL>

<P><STRONG><a name="[b4]"></a>CalcPrint_Active_Pwr</STRONG> (Thumb, 208 bytes, Stack size 40 bytes, freertos.o(i.CalcPrint_Active_Pwr))
<BR><BR>[Stack]<UL><LI>Max Depth = 240<LI>Call Chain = CalcPrint_Active_Pwr &rArr; ext_flash_write &rArr; ext_flash_last_write_or_erase_done &rArr; flash_ext_wr_rd &rArr; HAL_SPI_Receive &rArr; HAL_SPI_TransmitReceive &rArr; SPI_EndRxTxTransaction &rArr; SPI_WaitFlagStateUntilTimeout
</UL>
<BR>[Calls]<UL><LI><a href="#[9b]">&gt;&gt;</a>&nbsp;&nbsp;&nbsp;__aeabi_ui2d
<LI><a href="#[99]">&gt;&gt;</a>&nbsp;&nbsp;&nbsp;__aeabi_ddiv
<LI><a href="#[b0]">&gt;&gt;</a>&nbsp;&nbsp;&nbsp;USART3_PINSET_TX
<LI><a href="#[b2]">&gt;&gt;</a>&nbsp;&nbsp;&nbsp;USART3_PINSET_RX
<LI><a href="#[b1]">&gt;&gt;</a>&nbsp;&nbsp;&nbsp;myprintf
<LI><a href="#[b3]">&gt;&gt;</a>&nbsp;&nbsp;&nbsp;HAL_Delay
<LI><a href="#[ae]">&gt;&gt;</a>&nbsp;&nbsp;&nbsp;ext_flash_write
<LI><a href="#[af]">&gt;&gt;</a>&nbsp;&nbsp;&nbsp;ext_flash_last_write_or_erase_done
<LI><a href="#[98]">&gt;&gt;</a>&nbsp;&nbsp;&nbsp;__aeabi_dmul
</UL>
<BR>[Called By]<UL><LI><a href="#[6e]">&gt;&gt;</a>&nbsp;&nbsp;&nbsp;StartUSART1
</UL>

<P><STRONG><a name="[b5]"></a>CalcPrint_App_Energy</STRONG> (Thumb, 204 bytes, Stack size 40 bytes, freertos.o(i.CalcPrint_App_Energy))
<BR><BR>[Stack]<UL><LI>Max Depth = 240<LI>Call Chain = CalcPrint_App_Energy &rArr; ext_flash_write &rArr; ext_flash_last_write_or_erase_done &rArr; flash_ext_wr_rd &rArr; HAL_SPI_Receive &rArr; HAL_SPI_TransmitReceive &rArr; SPI_EndRxTxTransaction &rArr; SPI_WaitFlagStateUntilTimeout
</UL>
<BR>[Calls]<UL><LI><a href="#[9b]">&gt;&gt;</a>&nbsp;&nbsp;&nbsp;__aeabi_ui2d
<LI><a href="#[99]">&gt;&gt;</a>&nbsp;&nbsp;&nbsp;__aeabi_ddiv
<LI><a href="#[b0]">&gt;&gt;</a>&nbsp;&nbsp;&nbsp;USART3_PINSET_TX
<LI><a href="#[b2]">&gt;&gt;</a>&nbsp;&nbsp;&nbsp;USART3_PINSET_RX
<LI><a href="#[b1]">&gt;&gt;</a>&nbsp;&nbsp;&nbsp;myprintf
<LI><a href="#[b3]">&gt;&gt;</a>&nbsp;&nbsp;&nbsp;HAL_Delay
<LI><a href="#[ae]">&gt;&gt;</a>&nbsp;&nbsp;&nbsp;ext_flash_write
<LI><a href="#[af]">&gt;&gt;</a>&nbsp;&nbsp;&nbsp;ext_flash_last_write_or_erase_done
<LI><a href="#[98]">&gt;&gt;</a>&nbsp;&nbsp;&nbsp;__aeabi_dmul
</UL>
<BR>[Called By]<UL><LI><a href="#[6e]">&gt;&gt;</a>&nbsp;&nbsp;&nbsp;StartUSART1
</UL>

<P><STRONG><a name="[b6]"></a>CalcPrint_App_RMS_Pwr</STRONG> (Thumb, 208 bytes, Stack size 40 bytes, freertos.o(i.CalcPrint_App_RMS_Pwr))
<BR><BR>[Stack]<UL><LI>Max Depth = 240<LI>Call Chain = CalcPrint_App_RMS_Pwr &rArr; ext_flash_write &rArr; ext_flash_last_write_or_erase_done &rArr; flash_ext_wr_rd &rArr; HAL_SPI_Receive &rArr; HAL_SPI_TransmitReceive &rArr; SPI_EndRxTxTransaction &rArr; SPI_WaitFlagStateUntilTimeout
</UL>
<BR>[Calls]<UL><LI><a href="#[9b]">&gt;&gt;</a>&nbsp;&nbsp;&nbsp;__aeabi_ui2d
<LI><a href="#[99]">&gt;&gt;</a>&nbsp;&nbsp;&nbsp;__aeabi_ddiv
<LI><a href="#[b0]">&gt;&gt;</a>&nbsp;&nbsp;&nbsp;USART3_PINSET_TX
<LI><a href="#[b2]">&gt;&gt;</a>&nbsp;&nbsp;&nbsp;USART3_PINSET_RX
<LI><a href="#[b1]">&gt;&gt;</a>&nbsp;&nbsp;&nbsp;myprintf
<LI><a href="#[b3]">&gt;&gt;</a>&nbsp;&nbsp;&nbsp;HAL_Delay
<LI><a href="#[ae]">&gt;&gt;</a>&nbsp;&nbsp;&nbsp;ext_flash_write
<LI><a href="#[af]">&gt;&gt;</a>&nbsp;&nbsp;&nbsp;ext_flash_last_write_or_erase_done
<LI><a href="#[98]">&gt;&gt;</a>&nbsp;&nbsp;&nbsp;__aeabi_dmul
</UL>
<BR>[Called By]<UL><LI><a href="#[6e]">&gt;&gt;</a>&nbsp;&nbsp;&nbsp;StartUSART1
</UL>

<P><STRONG><a name="[b7]"></a>CalcPrint_C1_RMS</STRONG> (Thumb, 106 bytes, Stack size 24 bytes, freertos.o(i.CalcPrint_C1_RMS))
<BR><BR>[Stack]<UL><LI>Max Depth = 112<LI>Call Chain = CalcPrint_C1_RMS &rArr; __aeabi_dmul &rArr; _double_epilogue &rArr; _double_round
</UL>
<BR>[Calls]<UL><LI><a href="#[9b]">&gt;&gt;</a>&nbsp;&nbsp;&nbsp;__aeabi_ui2d
<LI><a href="#[99]">&gt;&gt;</a>&nbsp;&nbsp;&nbsp;__aeabi_ddiv
<LI><a href="#[b0]">&gt;&gt;</a>&nbsp;&nbsp;&nbsp;USART3_PINSET_TX
<LI><a href="#[b2]">&gt;&gt;</a>&nbsp;&nbsp;&nbsp;USART3_PINSET_RX
<LI><a href="#[b1]">&gt;&gt;</a>&nbsp;&nbsp;&nbsp;myprintf
<LI><a href="#[98]">&gt;&gt;</a>&nbsp;&nbsp;&nbsp;__aeabi_dmul
</UL>
<BR>[Called By]<UL><LI><a href="#[6e]">&gt;&gt;</a>&nbsp;&nbsp;&nbsp;StartUSART1
</UL>

<P><STRONG><a name="[b8]"></a>CalcPrint_Freq</STRONG> (Thumb, 242 bytes, Stack size 40 bytes, freertos.o(i.CalcPrint_Freq))
<BR><BR>[Stack]<UL><LI>Max Depth = 240<LI>Call Chain = CalcPrint_Freq &rArr; ext_flash_write &rArr; ext_flash_last_write_or_erase_done &rArr; flash_ext_wr_rd &rArr; HAL_SPI_Receive &rArr; HAL_SPI_TransmitReceive &rArr; SPI_EndRxTxTransaction &rArr; SPI_WaitFlagStateUntilTimeout
</UL>
<BR>[Calls]<UL><LI><a href="#[9b]">&gt;&gt;</a>&nbsp;&nbsp;&nbsp;__aeabi_ui2d
<LI><a href="#[99]">&gt;&gt;</a>&nbsp;&nbsp;&nbsp;__aeabi_ddiv
<LI><a href="#[b0]">&gt;&gt;</a>&nbsp;&nbsp;&nbsp;USART3_PINSET_TX
<LI><a href="#[b2]">&gt;&gt;</a>&nbsp;&nbsp;&nbsp;USART3_PINSET_RX
<LI><a href="#[b1]">&gt;&gt;</a>&nbsp;&nbsp;&nbsp;myprintf
<LI><a href="#[b3]">&gt;&gt;</a>&nbsp;&nbsp;&nbsp;HAL_Delay
<LI><a href="#[ae]">&gt;&gt;</a>&nbsp;&nbsp;&nbsp;ext_flash_write
<LI><a href="#[af]">&gt;&gt;</a>&nbsp;&nbsp;&nbsp;ext_flash_last_write_or_erase_done
<LI><a href="#[98]">&gt;&gt;</a>&nbsp;&nbsp;&nbsp;__aeabi_dmul
<LI><a href="#[ba]">&gt;&gt;</a>&nbsp;&nbsp;&nbsp;__aeabi_cdrcmple
<LI><a href="#[b9]">&gt;&gt;</a>&nbsp;&nbsp;&nbsp;__aeabi_cdcmple
</UL>
<BR>[Called By]<UL><LI><a href="#[6e]">&gt;&gt;</a>&nbsp;&nbsp;&nbsp;StartUSART1
</UL>

<P><STRONG><a name="[bb]"></a>CalcPrint_Phase</STRONG> (Thumb, 208 bytes, Stack size 48 bytes, freertos.o(i.CalcPrint_Phase))
<BR><BR>[Stack]<UL><LI>Max Depth = 248<LI>Call Chain = CalcPrint_Phase &rArr; ext_flash_write &rArr; ext_flash_last_write_or_erase_done &rArr; flash_ext_wr_rd &rArr; HAL_SPI_Receive &rArr; HAL_SPI_TransmitReceive &rArr; SPI_EndRxTxTransaction &rArr; SPI_WaitFlagStateUntilTimeout
</UL>
<BR>[Calls]<UL><LI><a href="#[9b]">&gt;&gt;</a>&nbsp;&nbsp;&nbsp;__aeabi_ui2d
<LI><a href="#[99]">&gt;&gt;</a>&nbsp;&nbsp;&nbsp;__aeabi_ddiv
<LI><a href="#[b0]">&gt;&gt;</a>&nbsp;&nbsp;&nbsp;USART3_PINSET_TX
<LI><a href="#[b2]">&gt;&gt;</a>&nbsp;&nbsp;&nbsp;USART3_PINSET_RX
<LI><a href="#[b1]">&gt;&gt;</a>&nbsp;&nbsp;&nbsp;myprintf
<LI><a href="#[b3]">&gt;&gt;</a>&nbsp;&nbsp;&nbsp;HAL_Delay
<LI><a href="#[ae]">&gt;&gt;</a>&nbsp;&nbsp;&nbsp;ext_flash_write
<LI><a href="#[af]">&gt;&gt;</a>&nbsp;&nbsp;&nbsp;ext_flash_last_write_or_erase_done
<LI><a href="#[98]">&gt;&gt;</a>&nbsp;&nbsp;&nbsp;__aeabi_dmul
</UL>
<BR>[Called By]<UL><LI><a href="#[6e]">&gt;&gt;</a>&nbsp;&nbsp;&nbsp;StartUSART1
</UL>

<P><STRONG><a name="[bc]"></a>CalcPrint_React_Energy</STRONG> (Thumb, 204 bytes, Stack size 40 bytes, freertos.o(i.CalcPrint_React_Energy))
<BR><BR>[Stack]<UL><LI>Max Depth = 240<LI>Call Chain = CalcPrint_React_Energy &rArr; ext_flash_write &rArr; ext_flash_last_write_or_erase_done &rArr; flash_ext_wr_rd &rArr; HAL_SPI_Receive &rArr; HAL_SPI_TransmitReceive &rArr; SPI_EndRxTxTransaction &rArr; SPI_WaitFlagStateUntilTimeout
</UL>
<BR>[Calls]<UL><LI><a href="#[9b]">&gt;&gt;</a>&nbsp;&nbsp;&nbsp;__aeabi_ui2d
<LI><a href="#[99]">&gt;&gt;</a>&nbsp;&nbsp;&nbsp;__aeabi_ddiv
<LI><a href="#[b0]">&gt;&gt;</a>&nbsp;&nbsp;&nbsp;USART3_PINSET_TX
<LI><a href="#[b2]">&gt;&gt;</a>&nbsp;&nbsp;&nbsp;USART3_PINSET_RX
<LI><a href="#[b1]">&gt;&gt;</a>&nbsp;&nbsp;&nbsp;myprintf
<LI><a href="#[b3]">&gt;&gt;</a>&nbsp;&nbsp;&nbsp;HAL_Delay
<LI><a href="#[ae]">&gt;&gt;</a>&nbsp;&nbsp;&nbsp;ext_flash_write
<LI><a href="#[af]">&gt;&gt;</a>&nbsp;&nbsp;&nbsp;ext_flash_last_write_or_erase_done
<LI><a href="#[98]">&gt;&gt;</a>&nbsp;&nbsp;&nbsp;__aeabi_dmul
</UL>
<BR>[Called By]<UL><LI><a href="#[6e]">&gt;&gt;</a>&nbsp;&nbsp;&nbsp;StartUSART1
</UL>

<P><STRONG><a name="[bd]"></a>CalcPrint_React_Pwr</STRONG> (Thumb, 208 bytes, Stack size 40 bytes, freertos.o(i.CalcPrint_React_Pwr))
<BR><BR>[Stack]<UL><LI>Max Depth = 240<LI>Call Chain = CalcPrint_React_Pwr &rArr; ext_flash_write &rArr; ext_flash_last_write_or_erase_done &rArr; flash_ext_wr_rd &rArr; HAL_SPI_Receive &rArr; HAL_SPI_TransmitReceive &rArr; SPI_EndRxTxTransaction &rArr; SPI_WaitFlagStateUntilTimeout
</UL>
<BR>[Calls]<UL><LI><a href="#[9b]">&gt;&gt;</a>&nbsp;&nbsp;&nbsp;__aeabi_ui2d
<LI><a href="#[99]">&gt;&gt;</a>&nbsp;&nbsp;&nbsp;__aeabi_ddiv
<LI><a href="#[b0]">&gt;&gt;</a>&nbsp;&nbsp;&nbsp;USART3_PINSET_TX
<LI><a href="#[b2]">&gt;&gt;</a>&nbsp;&nbsp;&nbsp;USART3_PINSET_RX
<LI><a href="#[b1]">&gt;&gt;</a>&nbsp;&nbsp;&nbsp;myprintf
<LI><a href="#[b3]">&gt;&gt;</a>&nbsp;&nbsp;&nbsp;HAL_Delay
<LI><a href="#[ae]">&gt;&gt;</a>&nbsp;&nbsp;&nbsp;ext_flash_write
<LI><a href="#[af]">&gt;&gt;</a>&nbsp;&nbsp;&nbsp;ext_flash_last_write_or_erase_done
<LI><a href="#[98]">&gt;&gt;</a>&nbsp;&nbsp;&nbsp;__aeabi_dmul
</UL>
<BR>[Called By]<UL><LI><a href="#[6e]">&gt;&gt;</a>&nbsp;&nbsp;&nbsp;StartUSART1
</UL>

<P><STRONG><a name="[be]"></a>CalcPrint_Tot_App_Energy</STRONG> (Thumb, 204 bytes, Stack size 40 bytes, freertos.o(i.CalcPrint_Tot_App_Energy))
<BR><BR>[Stack]<UL><LI>Max Depth = 240<LI>Call Chain = CalcPrint_Tot_App_Energy &rArr; ext_flash_write &rArr; ext_flash_last_write_or_erase_done &rArr; flash_ext_wr_rd &rArr; HAL_SPI_Receive &rArr; HAL_SPI_TransmitReceive &rArr; SPI_EndRxTxTransaction &rArr; SPI_WaitFlagStateUntilTimeout
</UL>
<BR>[Calls]<UL><LI><a href="#[9b]">&gt;&gt;</a>&nbsp;&nbsp;&nbsp;__aeabi_ui2d
<LI><a href="#[99]">&gt;&gt;</a>&nbsp;&nbsp;&nbsp;__aeabi_ddiv
<LI><a href="#[b0]">&gt;&gt;</a>&nbsp;&nbsp;&nbsp;USART3_PINSET_TX
<LI><a href="#[b2]">&gt;&gt;</a>&nbsp;&nbsp;&nbsp;USART3_PINSET_RX
<LI><a href="#[b1]">&gt;&gt;</a>&nbsp;&nbsp;&nbsp;myprintf
<LI><a href="#[b3]">&gt;&gt;</a>&nbsp;&nbsp;&nbsp;HAL_Delay
<LI><a href="#[ae]">&gt;&gt;</a>&nbsp;&nbsp;&nbsp;ext_flash_write
<LI><a href="#[af]">&gt;&gt;</a>&nbsp;&nbsp;&nbsp;ext_flash_last_write_or_erase_done
<LI><a href="#[98]">&gt;&gt;</a>&nbsp;&nbsp;&nbsp;__aeabi_dmul
</UL>
<BR>[Called By]<UL><LI><a href="#[6e]">&gt;&gt;</a>&nbsp;&nbsp;&nbsp;StartUSART1
</UL>

<P><STRONG><a name="[bf]"></a>CalcPrint_V1_RMS</STRONG> (Thumb, 208 bytes, Stack size 40 bytes, freertos.o(i.CalcPrint_V1_RMS))
<BR><BR>[Stack]<UL><LI>Max Depth = 240<LI>Call Chain = CalcPrint_V1_RMS &rArr; ext_flash_write &rArr; ext_flash_last_write_or_erase_done &rArr; flash_ext_wr_rd &rArr; HAL_SPI_Receive &rArr; HAL_SPI_TransmitReceive &rArr; SPI_EndRxTxTransaction &rArr; SPI_WaitFlagStateUntilTimeout
</UL>
<BR>[Calls]<UL><LI><a href="#[9b]">&gt;&gt;</a>&nbsp;&nbsp;&nbsp;__aeabi_ui2d
<LI><a href="#[99]">&gt;&gt;</a>&nbsp;&nbsp;&nbsp;__aeabi_ddiv
<LI><a href="#[b0]">&gt;&gt;</a>&nbsp;&nbsp;&nbsp;USART3_PINSET_TX
<LI><a href="#[b2]">&gt;&gt;</a>&nbsp;&nbsp;&nbsp;USART3_PINSET_RX
<LI><a href="#[b1]">&gt;&gt;</a>&nbsp;&nbsp;&nbsp;myprintf
<LI><a href="#[ae]">&gt;&gt;</a>&nbsp;&nbsp;&nbsp;ext_flash_write
<LI><a href="#[af]">&gt;&gt;</a>&nbsp;&nbsp;&nbsp;ext_flash_last_write_or_erase_done
<LI><a href="#[98]">&gt;&gt;</a>&nbsp;&nbsp;&nbsp;__aeabi_dmul
</UL>
<BR>[Called By]<UL><LI><a href="#[6e]">&gt;&gt;</a>&nbsp;&nbsp;&nbsp;StartUSART1
</UL>

<P><STRONG><a name="[c]"></a>DebugMon_Handler</STRONG> (Thumb, 2 bytes, Stack size 0 bytes, stm32l4xx_it.o(i.DebugMon_Handler))
<BR>[Address Reference Count : 1]<UL><LI> startup_stm32l433xx.o(RESET)
</UL>
<P><STRONG><a name="[c7]"></a>DelayMs</STRONG> (Thumb, 12 bytes, Stack size 8 bytes, delay.o(i.DelayMs))
<BR><BR>[Stack]<UL><LI>Max Depth = 32<LI>Call Chain = DelayMs &rArr; DelayMsMcu &rArr; HAL_Delay
</UL>
<BR>[Calls]<UL><LI><a href="#[c8]">&gt;&gt;</a>&nbsp;&nbsp;&nbsp;DelayMsMcu
</UL>
<BR>[Called By]<UL><LI><a href="#[1a3]">&gt;&gt;</a>&nbsp;&nbsp;&nbsp;SX1276Reset
<LI><a href="#[7b]">&gt;&gt;</a>&nbsp;&nbsp;&nbsp;SX1276Send
<LI><a href="#[76]">&gt;&gt;</a>&nbsp;&nbsp;&nbsp;SX1276Random
<LI><a href="#[75]">&gt;&gt;</a>&nbsp;&nbsp;&nbsp;SX1276IsChannelFree
</UL>

<P><STRONG><a name="[c8]"></a>DelayMsMcu</STRONG> (Thumb, 12 bytes, Stack size 8 bytes, delay-board.o(i.DelayMsMcu))
<BR><BR>[Stack]<UL><LI>Max Depth = 24<LI>Call Chain = DelayMsMcu &rArr; HAL_Delay
</UL>
<BR>[Calls]<UL><LI><a href="#[b3]">&gt;&gt;</a>&nbsp;&nbsp;&nbsp;HAL_Delay
</UL>
<BR>[Called By]<UL><LI><a href="#[c7]">&gt;&gt;</a>&nbsp;&nbsp;&nbsp;DelayMs
</UL>

<P><STRONG><a name="[15]"></a>EXTI0_IRQHandler</STRONG> (Thumb, 14 bytes, Stack size 8 bytes, gpio-board.o(i.EXTI0_IRQHandler))
<BR><BR>[Stack]<UL><LI>Max Depth = 32<LI>Call Chain = EXTI0_IRQHandler &rArr; HAL_GPIO_EXTI_IRQHandler &rArr; HAL_GPIO_EXTI_Callback
</UL>
<BR>[Calls]<UL><LI><a href="#[ca]">&gt;&gt;</a>&nbsp;&nbsp;&nbsp;HAL_GPIO_EXTI_IRQHandler
<LI><a href="#[c9]">&gt;&gt;</a>&nbsp;&nbsp;&nbsp;RtcRecoverMcuStatus
</UL>
<BR>[Address Reference Count : 1]<UL><LI> startup_stm32l433xx.o(RESET)
</UL>
<P><STRONG><a name="[35]"></a>EXTI15_10_IRQHandler</STRONG> (Thumb, 56 bytes, Stack size 8 bytes, gpio-board.o(i.EXTI15_10_IRQHandler))
<BR><BR>[Stack]<UL><LI>Max Depth = 32<LI>Call Chain = EXTI15_10_IRQHandler &rArr; HAL_GPIO_EXTI_IRQHandler &rArr; HAL_GPIO_EXTI_Callback
</UL>
<BR>[Calls]<UL><LI><a href="#[ca]">&gt;&gt;</a>&nbsp;&nbsp;&nbsp;HAL_GPIO_EXTI_IRQHandler
<LI><a href="#[c9]">&gt;&gt;</a>&nbsp;&nbsp;&nbsp;RtcRecoverMcuStatus
</UL>
<BR>[Address Reference Count : 1]<UL><LI> startup_stm32l433xx.o(RESET)
</UL>
<P><STRONG><a name="[16]"></a>EXTI1_IRQHandler</STRONG> (Thumb, 14 bytes, Stack size 8 bytes, gpio-board.o(i.EXTI1_IRQHandler))
<BR><BR>[Stack]<UL><LI>Max Depth = 32<LI>Call Chain = EXTI1_IRQHandler &rArr; HAL_GPIO_EXTI_IRQHandler &rArr; HAL_GPIO_EXTI_Callback
</UL>
<BR>[Calls]<UL><LI><a href="#[ca]">&gt;&gt;</a>&nbsp;&nbsp;&nbsp;HAL_GPIO_EXTI_IRQHandler
<LI><a href="#[c9]">&gt;&gt;</a>&nbsp;&nbsp;&nbsp;RtcRecoverMcuStatus
</UL>
<BR>[Address Reference Count : 1]<UL><LI> startup_stm32l433xx.o(RESET)
</UL>
<P><STRONG><a name="[17]"></a>EXTI2_IRQHandler</STRONG> (Thumb, 14 bytes, Stack size 8 bytes, gpio-board.o(i.EXTI2_IRQHandler))
<BR><BR>[Stack]<UL><LI>Max Depth = 32<LI>Call Chain = EXTI2_IRQHandler &rArr; HAL_GPIO_EXTI_IRQHandler &rArr; HAL_GPIO_EXTI_Callback
</UL>
<BR>[Calls]<UL><LI><a href="#[ca]">&gt;&gt;</a>&nbsp;&nbsp;&nbsp;HAL_GPIO_EXTI_IRQHandler
<LI><a href="#[c9]">&gt;&gt;</a>&nbsp;&nbsp;&nbsp;RtcRecoverMcuStatus
</UL>
<BR>[Address Reference Count : 1]<UL><LI> startup_stm32l433xx.o(RESET)
</UL>
<P><STRONG><a name="[18]"></a>EXTI3_IRQHandler</STRONG> (Thumb, 14 bytes, Stack size 8 bytes, gpio-board.o(i.EXTI3_IRQHandler))
<BR><BR>[Stack]<UL><LI>Max Depth = 32<LI>Call Chain = EXTI3_IRQHandler &rArr; HAL_GPIO_EXTI_IRQHandler &rArr; HAL_GPIO_EXTI_Callback
</UL>
<BR>[Calls]<UL><LI><a href="#[ca]">&gt;&gt;</a>&nbsp;&nbsp;&nbsp;HAL_GPIO_EXTI_IRQHandler
<LI><a href="#[c9]">&gt;&gt;</a>&nbsp;&nbsp;&nbsp;RtcRecoverMcuStatus
</UL>
<BR>[Address Reference Count : 1]<UL><LI> startup_stm32l433xx.o(RESET)
</UL>
<P><STRONG><a name="[19]"></a>EXTI4_IRQHandler</STRONG> (Thumb, 14 bytes, Stack size 8 bytes, gpio-board.o(i.EXTI4_IRQHandler))
<BR><BR>[Stack]<UL><LI>Max Depth = 32<LI>Call Chain = EXTI4_IRQHandler &rArr; HAL_GPIO_EXTI_IRQHandler &rArr; HAL_GPIO_EXTI_Callback
</UL>
<BR>[Calls]<UL><LI><a href="#[ca]">&gt;&gt;</a>&nbsp;&nbsp;&nbsp;HAL_GPIO_EXTI_IRQHandler
<LI><a href="#[c9]">&gt;&gt;</a>&nbsp;&nbsp;&nbsp;RtcRecoverMcuStatus
</UL>
<BR>[Address Reference Count : 1]<UL><LI> startup_stm32l433xx.o(RESET)
</UL>
<P><STRONG><a name="[26]"></a>EXTI9_5_IRQHandler</STRONG> (Thumb, 42 bytes, Stack size 8 bytes, gpio-board.o(i.EXTI9_5_IRQHandler))
<BR><BR>[Stack]<UL><LI>Max Depth = 32<LI>Call Chain = EXTI9_5_IRQHandler &rArr; HAL_GPIO_EXTI_IRQHandler &rArr; HAL_GPIO_EXTI_Callback
</UL>
<BR>[Calls]<UL><LI><a href="#[ca]">&gt;&gt;</a>&nbsp;&nbsp;&nbsp;HAL_GPIO_EXTI_IRQHandler
<LI><a href="#[c9]">&gt;&gt;</a>&nbsp;&nbsp;&nbsp;RtcRecoverMcuStatus
</UL>
<BR>[Address Reference Count : 1]<UL><LI> startup_stm32l433xx.o(RESET)
</UL>
<P><STRONG><a name="[cb]"></a>Error_Handler</STRONG> (Thumb, 18 bytes, Stack size 0 bytes, main.o(i.Error_Handler))
<BR><BR>[Stack]<UL><LI>Max Depth = 56<LI>Call Chain = Error_Handler &rArr; myprintf &rArr; vsprintf
</UL>
<BR>[Calls]<UL><LI><a href="#[b0]">&gt;&gt;</a>&nbsp;&nbsp;&nbsp;USART3_PINSET_TX
<LI><a href="#[b2]">&gt;&gt;</a>&nbsp;&nbsp;&nbsp;USART3_PINSET_RX
<LI><a href="#[b1]">&gt;&gt;</a>&nbsp;&nbsp;&nbsp;myprintf
</UL>
<BR>[Called By]<UL><LI><a href="#[147]">&gt;&gt;</a>&nbsp;&nbsp;&nbsp;LoRa_WriteReg
<LI><a href="#[149]">&gt;&gt;</a>&nbsp;&nbsp;&nbsp;LoRa_ReadReg
<LI><a href="#[143]">&gt;&gt;</a>&nbsp;&nbsp;&nbsp;LoRa_Init
<LI><a href="#[155]">&gt;&gt;</a>&nbsp;&nbsp;&nbsp;MX_USB_PCD_Init
<LI><a href="#[154]">&gt;&gt;</a>&nbsp;&nbsp;&nbsp;MX_USART3_UART_Init
<LI><a href="#[153]">&gt;&gt;</a>&nbsp;&nbsp;&nbsp;MX_USART1_UART_Init
<LI><a href="#[152]">&gt;&gt;</a>&nbsp;&nbsp;&nbsp;MX_TIM7_Init
<LI><a href="#[150]">&gt;&gt;</a>&nbsp;&nbsp;&nbsp;MX_TIM6_Init
<LI><a href="#[51]">&gt;&gt;</a>&nbsp;&nbsp;&nbsp;main
<LI><a href="#[1b9]">&gt;&gt;</a>&nbsp;&nbsp;&nbsp;SystemClock_Config
<LI><a href="#[14f]">&gt;&gt;</a>&nbsp;&nbsp;&nbsp;MX_SPI2_Init
<LI><a href="#[14e]">&gt;&gt;</a>&nbsp;&nbsp;&nbsp;MX_SPI1_Init
</UL>

<P><STRONG><a name="[cc]"></a>FifoPop</STRONG> (Thumb, 30 bytes, Stack size 16 bytes, fifo.o(i.FifoPop))
<BR><BR>[Stack]<UL><LI>Max Depth = 24<LI>Call Chain = FifoPop &rArr; FifoNext
</UL>
<BR>[Calls]<UL><LI><a href="#[cd]">&gt;&gt;</a>&nbsp;&nbsp;&nbsp;FifoNext
</UL>
<BR>[Called By]<UL><LI><a href="#[11a]">&gt;&gt;</a>&nbsp;&nbsp;&nbsp;HAL_UART_TxCpltCallback
</UL>

<P><STRONG><a name="[ce]"></a>FifoPush</STRONG> (Thumb, 24 bytes, Stack size 16 bytes, fifo.o(i.FifoPush))
<BR><BR>[Stack]<UL><LI>Max Depth = 24<LI>Call Chain = FifoPush &rArr; FifoNext
</UL>
<BR>[Calls]<UL><LI><a href="#[cd]">&gt;&gt;</a>&nbsp;&nbsp;&nbsp;FifoNext
</UL>
<BR>[Called By]<UL><LI><a href="#[114]">&gt;&gt;</a>&nbsp;&nbsp;&nbsp;HAL_UART_RxCpltCallback
</UL>

<P><STRONG><a name="[cf]"></a>GPIO_SX1276_Rx</STRONG> (Thumb, 26 bytes, Stack size 8 bytes, hal_gpio.o(i.GPIO_SX1276_Rx))
<BR><BR>[Stack]<UL><LI>Max Depth = 8<LI>Call Chain = GPIO_SX1276_Rx
</UL>
<BR>[Calls]<UL><LI><a href="#[d0]">&gt;&gt;</a>&nbsp;&nbsp;&nbsp;HAL_GPIO_WritePin
</UL>
<BR>[Called By]<UL><LI><a href="#[1ab]">&gt;&gt;</a>&nbsp;&nbsp;&nbsp;SX1276SetAntSw
</UL>

<P><STRONG><a name="[d1]"></a>GPIO_SX1276_Tx</STRONG> (Thumb, 26 bytes, Stack size 8 bytes, hal_gpio.o(i.GPIO_SX1276_Tx))
<BR><BR>[Stack]<UL><LI>Max Depth = 8<LI>Call Chain = GPIO_SX1276_Tx
</UL>
<BR>[Calls]<UL><LI><a href="#[d0]">&gt;&gt;</a>&nbsp;&nbsp;&nbsp;HAL_GPIO_WritePin
</UL>
<BR>[Called By]<UL><LI><a href="#[1ab]">&gt;&gt;</a>&nbsp;&nbsp;&nbsp;SX1276SetAntSw
</UL>

<P><STRONG><a name="[d2]"></a>GpioMcuWrite</STRONG> (Thumb, 38 bytes, Stack size 16 bytes, gpio-board.o(i.GpioMcuWrite))
<BR><BR>[Stack]<UL><LI>Max Depth = 16<LI>Call Chain = GpioMcuWrite
</UL>
<BR>[Calls]<UL><LI><a href="#[d0]">&gt;&gt;</a>&nbsp;&nbsp;&nbsp;HAL_GPIO_WritePin
</UL>
<BR>[Called By]<UL><LI><a href="#[d3]">&gt;&gt;</a>&nbsp;&nbsp;&nbsp;GpioWrite
</UL>

<P><STRONG><a name="[d3]"></a>GpioWrite</STRONG> (Thumb, 16 bytes, Stack size 16 bytes, gpio.o(i.GpioWrite))
<BR><BR>[Stack]<UL><LI>Max Depth = 32<LI>Call Chain = GpioWrite &rArr; GpioMcuWrite
</UL>
<BR>[Calls]<UL><LI><a href="#[d2]">&gt;&gt;</a>&nbsp;&nbsp;&nbsp;GpioMcuWrite
</UL>
<BR>[Called By]<UL><LI><a href="#[84]">&gt;&gt;</a>&nbsp;&nbsp;&nbsp;SX1276WriteBuffer
<LI><a href="#[85]">&gt;&gt;</a>&nbsp;&nbsp;&nbsp;SX1276ReadBuffer
</UL>

<P><STRONG><a name="[10c]"></a>HAL_DMA_Abort_IT</STRONG> (Thumb, 92 bytes, Stack size 16 bytes, stm32l4xx_hal_dma.o(i.HAL_DMA_Abort_IT))
<BR><BR>[Stack]<UL><LI>Max Depth = 16<LI>Call Chain = HAL_DMA_Abort_IT
</UL>
<BR>[Called By]<UL><LI><a href="#[10a]">&gt;&gt;</a>&nbsp;&nbsp;&nbsp;HAL_UART_IRQHandler
</UL>

<P><STRONG><a name="[b3]"></a>HAL_Delay</STRONG> (Thumb, 36 bytes, Stack size 16 bytes, stm32l4xx_hal.o(i.HAL_Delay))
<BR><BR>[Stack]<UL><LI>Max Depth = 16<LI>Call Chain = HAL_Delay
</UL>
<BR>[Calls]<UL><LI><a href="#[d4]">&gt;&gt;</a>&nbsp;&nbsp;&nbsp;HAL_GetTick
</UL>
<BR>[Called By]<UL><LI><a href="#[147]">&gt;&gt;</a>&nbsp;&nbsp;&nbsp;LoRa_WriteReg
<LI><a href="#[149]">&gt;&gt;</a>&nbsp;&nbsp;&nbsp;LoRa_ReadReg
<LI><a href="#[143]">&gt;&gt;</a>&nbsp;&nbsp;&nbsp;LoRa_Init
<LI><a href="#[1a0]">&gt;&gt;</a>&nbsp;&nbsp;&nbsp;SendMsgOnly
<LI><a href="#[19f]">&gt;&gt;</a>&nbsp;&nbsp;&nbsp;STPM32_Init
<LI><a href="#[169]">&gt;&gt;</a>&nbsp;&nbsp;&nbsp;ReadMsgOnly
<LI><a href="#[1d4]">&gt;&gt;</a>&nbsp;&nbsp;&nbsp;ext_flash_power_on
<LI><a href="#[1d5]">&gt;&gt;</a>&nbsp;&nbsp;&nbsp;flash_ext_wr_rd
<LI><a href="#[70]">&gt;&gt;</a>&nbsp;&nbsp;&nbsp;StartSPI2
<LI><a href="#[be]">&gt;&gt;</a>&nbsp;&nbsp;&nbsp;CalcPrint_Tot_App_Energy
<LI><a href="#[bd]">&gt;&gt;</a>&nbsp;&nbsp;&nbsp;CalcPrint_React_Pwr
<LI><a href="#[bc]">&gt;&gt;</a>&nbsp;&nbsp;&nbsp;CalcPrint_React_Energy
<LI><a href="#[bb]">&gt;&gt;</a>&nbsp;&nbsp;&nbsp;CalcPrint_Phase
<LI><a href="#[b8]">&gt;&gt;</a>&nbsp;&nbsp;&nbsp;CalcPrint_Freq
<LI><a href="#[b6]">&gt;&gt;</a>&nbsp;&nbsp;&nbsp;CalcPrint_App_RMS_Pwr
<LI><a href="#[b5]">&gt;&gt;</a>&nbsp;&nbsp;&nbsp;CalcPrint_App_Energy
<LI><a href="#[b4]">&gt;&gt;</a>&nbsp;&nbsp;&nbsp;CalcPrint_Active_Pwr
<LI><a href="#[ad]">&gt;&gt;</a>&nbsp;&nbsp;&nbsp;CalcPrint_Active_Energy
<LI><a href="#[7]">&gt;&gt;</a>&nbsp;&nbsp;&nbsp;HardFault_Handler
<LI><a href="#[c8]">&gt;&gt;</a>&nbsp;&nbsp;&nbsp;DelayMsMcu
</UL>

<P><STRONG><a name="[d5]"></a>HAL_GPIO_EXTI_Callback</STRONG> (Thumb, 40 bytes, Stack size 16 bytes, gpio-board.o(i.HAL_GPIO_EXTI_Callback))
<BR><BR>[Stack]<UL><LI>Max Depth = 16<LI>Call Chain = HAL_GPIO_EXTI_Callback
</UL>
<BR>[Called By]<UL><LI><a href="#[ca]">&gt;&gt;</a>&nbsp;&nbsp;&nbsp;HAL_GPIO_EXTI_IRQHandler
</UL>

<P><STRONG><a name="[ca]"></a>HAL_GPIO_EXTI_IRQHandler</STRONG> (Thumb, 24 bytes, Stack size 8 bytes, stm32l4xx_hal_gpio.o(i.HAL_GPIO_EXTI_IRQHandler))
<BR><BR>[Stack]<UL><LI>Max Depth = 24<LI>Call Chain = HAL_GPIO_EXTI_IRQHandler &rArr; HAL_GPIO_EXTI_Callback
</UL>
<BR>[Calls]<UL><LI><a href="#[d5]">&gt;&gt;</a>&nbsp;&nbsp;&nbsp;HAL_GPIO_EXTI_Callback
</UL>
<BR>[Called By]<UL><LI><a href="#[26]">&gt;&gt;</a>&nbsp;&nbsp;&nbsp;EXTI9_5_IRQHandler
<LI><a href="#[19]">&gt;&gt;</a>&nbsp;&nbsp;&nbsp;EXTI4_IRQHandler
<LI><a href="#[18]">&gt;&gt;</a>&nbsp;&nbsp;&nbsp;EXTI3_IRQHandler
<LI><a href="#[17]">&gt;&gt;</a>&nbsp;&nbsp;&nbsp;EXTI2_IRQHandler
<LI><a href="#[16]">&gt;&gt;</a>&nbsp;&nbsp;&nbsp;EXTI1_IRQHandler
<LI><a href="#[35]">&gt;&gt;</a>&nbsp;&nbsp;&nbsp;EXTI15_10_IRQHandler
<LI><a href="#[15]">&gt;&gt;</a>&nbsp;&nbsp;&nbsp;EXTI0_IRQHandler
</UL>

<P><STRONG><a name="[f6]"></a>HAL_GPIO_Init</STRONG> (Thumb, 428 bytes, Stack size 20 bytes, stm32l4xx_hal_gpio.o(i.HAL_GPIO_Init))
<BR><BR>[Stack]<UL><LI>Max Depth = 20<LI>Call Chain = HAL_GPIO_Init
</UL>
<BR>[Called By]<UL><LI><a href="#[110]">&gt;&gt;</a>&nbsp;&nbsp;&nbsp;HAL_UART_MspInit
<LI><a href="#[f4]">&gt;&gt;</a>&nbsp;&nbsp;&nbsp;HAL_SPI_MspInit
<LI><a href="#[1a5]">&gt;&gt;</a>&nbsp;&nbsp;&nbsp;SX1276IoIrqInit
<LI><a href="#[14d]">&gt;&gt;</a>&nbsp;&nbsp;&nbsp;MX_GPIO_Init
</UL>

<P><STRONG><a name="[d0]"></a>HAL_GPIO_WritePin</STRONG> (Thumb, 10 bytes, Stack size 0 bytes, stm32l4xx_hal_gpio.o(i.HAL_GPIO_WritePin))
<BR><BR>[Called By]<UL><LI><a href="#[147]">&gt;&gt;</a>&nbsp;&nbsp;&nbsp;LoRa_WriteReg
<LI><a href="#[149]">&gt;&gt;</a>&nbsp;&nbsp;&nbsp;LoRa_ReadReg
<LI><a href="#[143]">&gt;&gt;</a>&nbsp;&nbsp;&nbsp;LoRa_Init
<LI><a href="#[b0]">&gt;&gt;</a>&nbsp;&nbsp;&nbsp;USART3_PINSET_TX
<LI><a href="#[b2]">&gt;&gt;</a>&nbsp;&nbsp;&nbsp;USART3_PINSET_RX
<LI><a href="#[19f]">&gt;&gt;</a>&nbsp;&nbsp;&nbsp;STPM32_Init
<LI><a href="#[1d4]">&gt;&gt;</a>&nbsp;&nbsp;&nbsp;ext_flash_power_on
<LI><a href="#[1d5]">&gt;&gt;</a>&nbsp;&nbsp;&nbsp;flash_ext_wr_rd
<LI><a href="#[1d9]">&gt;&gt;</a>&nbsp;&nbsp;&nbsp;flash_ext_end_wr
<LI><a href="#[1d8]">&gt;&gt;</a>&nbsp;&nbsp;&nbsp;flash_ext_begin_wr
<LI><a href="#[14d]">&gt;&gt;</a>&nbsp;&nbsp;&nbsp;MX_GPIO_Init
<LI><a href="#[d1]">&gt;&gt;</a>&nbsp;&nbsp;&nbsp;GPIO_SX1276_Tx
<LI><a href="#[cf]">&gt;&gt;</a>&nbsp;&nbsp;&nbsp;GPIO_SX1276_Rx
<LI><a href="#[d2]">&gt;&gt;</a>&nbsp;&nbsp;&nbsp;GpioMcuWrite
<LI><a href="#[1a3]">&gt;&gt;</a>&nbsp;&nbsp;&nbsp;SX1276Reset
</UL>

<P><STRONG><a name="[d4]"></a>HAL_GetTick</STRONG> (Thumb, 6 bytes, Stack size 0 bytes, stm32l4xx_hal.o(i.HAL_GetTick))
<BR><BR>[Called By]<UL><LI><a href="#[118]">&gt;&gt;</a>&nbsp;&nbsp;&nbsp;HAL_UART_Transmit
<LI><a href="#[fa]">&gt;&gt;</a>&nbsp;&nbsp;&nbsp;HAL_SPI_Transmit
<LI><a href="#[f7]">&gt;&gt;</a>&nbsp;&nbsp;&nbsp;HAL_SPI_Receive
<LI><a href="#[b3]">&gt;&gt;</a>&nbsp;&nbsp;&nbsp;HAL_Delay
<LI><a href="#[f1]">&gt;&gt;</a>&nbsp;&nbsp;&nbsp;HAL_RCC_OscConfig
<LI><a href="#[ed]">&gt;&gt;</a>&nbsp;&nbsp;&nbsp;HAL_RCC_ClockConfig
<LI><a href="#[eb]">&gt;&gt;</a>&nbsp;&nbsp;&nbsp;HAL_RCCEx_PeriphCLKConfig
<LI><a href="#[f8]">&gt;&gt;</a>&nbsp;&nbsp;&nbsp;HAL_SPI_TransmitReceive
<LI><a href="#[ec]">&gt;&gt;</a>&nbsp;&nbsp;&nbsp;RCCEx_PLLSAI1_Config
<LI><a href="#[19d]">&gt;&gt;</a>&nbsp;&nbsp;&nbsp;SPI_WaitFlagStateUntilTimeout
<LI><a href="#[19e]">&gt;&gt;</a>&nbsp;&nbsp;&nbsp;SPI_WaitFifoStateUntilTimeout
<LI><a href="#[119]">&gt;&gt;</a>&nbsp;&nbsp;&nbsp;UART_WaitOnFlagUntilTimeout
<LI><a href="#[113]">&gt;&gt;</a>&nbsp;&nbsp;&nbsp;UART_CheckIdleState
</UL>

<P><STRONG><a name="[107]"></a>HAL_IncTick</STRONG> (Thumb, 16 bytes, Stack size 0 bytes, stm32l4xx_hal.o(i.HAL_IncTick))
<BR><BR>[Called By]<UL><LI><a href="#[102]">&gt;&gt;</a>&nbsp;&nbsp;&nbsp;HAL_TIM_PeriodElapsedCallback
</UL>

<P><STRONG><a name="[d6]"></a>HAL_Init</STRONG> (Thumb, 30 bytes, Stack size 8 bytes, stm32l4xx_hal.o(i.HAL_Init))
[...]
<LI><a href="#[12b]">&gt;&gt;</a>&nbsp;&nbsp;&nbsp;RegionGetPhyParam
<LI><a href="#[15b]">&gt;&gt;</a>&nbsp;&nbsp;&nbsp;RegionApplyCFList
<LI><a href="#[13f]">&gt;&gt;</a>&nbsp;&nbsp;&nbsp;LoRaMacPayloadDecrypt
<LI><a href="#[133]">&gt;&gt;</a>&nbsp;&nbsp;&nbsp;LoRaMacJoinDecrypt
<LI><a href="#[132]">&gt;&gt;</a>&nbsp;&nbsp;&nbsp;LoRaMacJoinComputeSKeys
<LI><a href="#[131]">&gt;&gt;</a>&nbsp;&nbsp;&nbsp;LoRaMacJoinComputeMic
<LI><a href="#[129]">&gt;&gt;</a>&nbsp;&nbsp;&nbsp;LoRaMacComputeMic
<LI><a href="#[15c]">&gt;&gt;</a>&nbsp;&nbsp;&nbsp;ProcessMacCommands
<LI><a href="#[15a]">&gt;&gt;</a>&nbsp;&nbsp;&nbsp;PrepareRxDoneAbort
<LI><a href="#[c3]">&gt;&gt;</a>&nbsp;&nbsp;&nbsp;CheckToDisableAckTimeout
<LI><a href="#[139]">&gt;&gt;</a>&nbsp;&nbsp;&nbsp;__aeabi_memcpy
</UL>
<BR>[Address Reference Count : 1]<UL><LI> loramac_1.o(i.LoRaMacInitialization)
</UL>
<P><STRONG><a name="[65]"></a>OnRadioRxError</STRONG> (Thumb, 144 bytes, Stack size 8 bytes, loramac_1.o(i.OnRadioRxError))
<BR><BR>[Stack]<UL><LI>Max Depth = 112<LI>Call Chain = OnRadioRxError &rArr; OpenContinuousRx2Window &rArr; OnRxWindow2TimerEvent &rArr; RegionRxConfig &rArr; RegionCN470RxConfig
</UL>
<BR>[Calls]<UL><LI><a href="#[c4]">&gt;&gt;</a>&nbsp;&nbsp;&nbsp;TimerStop
<LI><a href="#[c1]">&gt;&gt;</a>&nbsp;&nbsp;&nbsp;TimerGetElapsedTime
<LI><a href="#[138]">&gt;&gt;</a>&nbsp;&nbsp;&nbsp;OpenContinuousRx2Window
</UL>
<BR>[Address Reference Count : 1]<UL><LI> loramac_1.o(i.LoRaMacInitialization)
</UL>
<P><STRONG><a name="[67]"></a>OnRadioRxTimeout</STRONG> (Thumb, 144 bytes, Stack size 8 bytes, loramac_1.o(i.OnRadioRxTimeout))
<BR><BR>[Stack]<UL><LI>Max Depth = 112<LI>Call Chain = OnRadioRxTimeout &rArr; OpenContinuousRx2Window &rArr; OnRxWindow2TimerEvent &rArr; RegionRxConfig &rArr; RegionCN470RxConfig
</UL>
<BR>[Calls]<UL><LI><a href="#[c4]">&gt;&gt;</a>&nbsp;&nbsp;&nbsp;TimerStop
<LI><a href="#[c1]">&gt;&gt;</a>&nbsp;&nbsp;&nbsp;TimerGetElapsedTime
<LI><a href="#[138]">&gt;&gt;</a>&nbsp;&nbsp;&nbsp;OpenContinuousRx2Window
</UL>
<BR>[Address Reference Count : 1]<UL><LI> loramac_1.o(i.LoRaMacInitialization)
</UL>
<P><STRONG><a name="[63]"></a>OnRadioTxDone</STRONG> (Thumb, 272 bytes, Stack size 24 bytes, loramac_1.o(i.OnRadioTxDone))
<BR><BR>[Stack]<UL><LI>Max Depth = 128<LI>Call Chain = OnRadioTxDone &rArr; OpenContinuousRx2Window &rArr; OnRxWindow2TimerEvent &rArr; RegionRxConfig &rArr; RegionCN470RxConfig
</UL>
<BR>[Calls]<UL><LI><a href="#[159]">&gt;&gt;</a>&nbsp;&nbsp;&nbsp;TimerStart
<LI><a href="#[12f]">&gt;&gt;</a>&nbsp;&nbsp;&nbsp;TimerSetValue
<LI><a href="#[130]">&gt;&gt;</a>&nbsp;&nbsp;&nbsp;TimerGetCurrentTime
<LI><a href="#[15d]">&gt;&gt;</a>&nbsp;&nbsp;&nbsp;RegionSetBandTxDone
<LI><a href="#[12b]">&gt;&gt;</a>&nbsp;&nbsp;&nbsp;RegionGetPhyParam
<LI><a href="#[138]">&gt;&gt;</a>&nbsp;&nbsp;&nbsp;OpenContinuousRx2Window
</UL>
<BR>[Address Reference Count : 1]<UL><LI> loramac_1.o(i.LoRaMacInitialization)
</UL>
<P><STRONG><a name="[66]"></a>OnRadioTxTimeout</STRONG> (Thumb, 48 bytes, Stack size 8 bytes, loramac_1.o(i.OnRadioTxTimeout))
<BR><BR>[Stack]<UL><LI>Max Depth = 112<LI>Call Chain = OnRadioTxTimeout &rArr; OpenContinuousRx2Window &rArr; OnRxWindow2TimerEvent &rArr; RegionRxConfig &rArr; RegionCN470RxConfig
</UL>
<BR>[Calls]<UL><LI><a href="#[138]">&gt;&gt;</a>&nbsp;&nbsp;&nbsp;OpenContinuousRx2Window
</UL>
<BR>[Address Reference Count : 1]<UL><LI> loramac_1.o(i.LoRaMacInitialization)
</UL>
<P><STRONG><a name="[60]"></a>OnRxWindow1TimerEvent</STRONG> (Thumb, 96 bytes, Stack size 8 bytes, loramac_1.o(i.OnRxWindow1TimerEvent))
<BR><BR>[Stack]<UL><LI>Max Depth = 96<LI>Call Chain = OnRxWindow1TimerEvent &rArr; RegionRxConfig &rArr; RegionCN470RxConfig
</UL>
<BR>[Calls]<UL><LI><a href="#[c4]">&gt;&gt;</a>&nbsp;&nbsp;&nbsp;TimerStop
<LI><a href="#[15e]">&gt;&gt;</a>&nbsp;&nbsp;&nbsp;RegionRxConfig
<LI><a href="#[15f]">&gt;&gt;</a>&nbsp;&nbsp;&nbsp;RxWindowSetup
</UL>
<BR>[Address Reference Count : 1]<UL><LI> loramac_1.o(i.LoRaMacInitialization)
</UL>
<P><STRONG><a name="[61]"></a>OnRxWindow2TimerEvent</STRONG> (Thumb, 94 bytes, Stack size 8 bytes, loramac_1.o(i.OnRxWindow2TimerEvent))
<BR><BR>[Stack]<UL><LI>Max Depth = 96<LI>Call Chain = OnRxWindow2TimerEvent &rArr; RegionRxConfig &rArr; RegionCN470RxConfig
</UL>
<BR>[Calls]<UL><LI><a href="#[c4]">&gt;&gt;</a>&nbsp;&nbsp;&nbsp;TimerStop
<LI><a href="#[15e]">&gt;&gt;</a>&nbsp;&nbsp;&nbsp;RegionRxConfig
<LI><a href="#[15f]">&gt;&gt;</a>&nbsp;&nbsp;&nbsp;RxWindowSetup
</UL>
<BR>[Called By]<UL><LI><a href="#[138]">&gt;&gt;</a>&nbsp;&nbsp;&nbsp;OpenContinuousRx2Window
</UL>
<BR>[Address Reference Count : 1]<UL><LI> loramac_1.o(i.LoRaMacInitialization)
</UL>
<P><STRONG><a name="[5f]"></a>OnTxDelayedTimerEvent</STRONG> (Thumb, 28 bytes, Stack size 8 bytes, loramac_1.o(i.OnTxDelayedTimerEvent))
<BR><BR>[Stack]<UL><LI>Max Depth = 336<LI>Call Chain = OnTxDelayedTimerEvent &rArr; ScheduleTx &rArr; SendFrameOnChannel &rArr; RegionTxConfig &rArr; RegionCN470TxConfig &rArr; RegionCommonComputeTxPower &rArr; __hardfp_floor &rArr; __aeabi_drsub &rArr; __aeabi_dadd &rArr; _double_epilogue &rArr; _double_round
</UL>
<BR>[Calls]<UL><LI><a href="#[c4]">&gt;&gt;</a>&nbsp;&nbsp;&nbsp;TimerStop
<LI><a href="#[157]">&gt;&gt;</a>&nbsp;&nbsp;&nbsp;ScheduleTx
</UL>
<BR>[Called By]<UL><LI><a href="#[5e]">&gt;&gt;</a>&nbsp;&nbsp;&nbsp;OnMacStateCheckTimerEvent
</UL>
<BR>[Address Reference Count : 1]<UL><LI> loramac_1.o(i.LoRaMacInitialization)
</UL>
<P><STRONG><a name="[138]"></a>OpenContinuousRx2Window</STRONG> (Thumb, 14 bytes, Stack size 8 bytes, loramac_1.o(i.OpenContinuousRx2Window))
<BR><BR>[Stack]<UL><LI>Max Depth = 104<LI>Call Chain = OpenContinuousRx2Window &rArr; OnRxWindow2TimerEvent &rArr; RegionRxConfig &rArr; RegionCN470RxConfig
</UL>
<BR>[Calls]<UL><LI><a href="#[61]">&gt;&gt;</a>&nbsp;&nbsp;&nbsp;OnRxWindow2TimerEvent
</UL>
<BR>[Called By]<UL><LI><a href="#[120]">&gt;&gt;</a>&nbsp;&nbsp;&nbsp;LoRaMacMibSetRequestConfirm
<LI><a href="#[66]">&gt;&gt;</a>&nbsp;&nbsp;&nbsp;OnRadioTxTimeout
<LI><a href="#[63]">&gt;&gt;</a>&nbsp;&nbsp;&nbsp;OnRadioTxDone
<LI><a href="#[67]">&gt;&gt;</a>&nbsp;&nbsp;&nbsp;OnRadioRxTimeout
<LI><a href="#[65]">&gt;&gt;</a>&nbsp;&nbsp;&nbsp;OnRadioRxError
<LI><a href="#[5e]">&gt;&gt;</a>&nbsp;&nbsp;&nbsp;OnMacStateCheckTimerEvent
</UL>

<P><STRONG><a name="[162]"></a>ParseMacCommandsToRepeat</STRONG> (Thumb, 122 bytes, Stack size 20 bytes, loramac_1.o(i.ParseMacCommandsToRepeat))
<BR><BR>[Stack]<UL><LI>Max Depth = 20<LI>Call Chain = ParseMacCommandsToRepeat
</UL>
<BR>[Called By]<UL><LI><a href="#[160]">&gt;&gt;</a>&nbsp;&nbsp;&nbsp;PrepareFrame
</UL>

<P><STRONG><a name="[15a]"></a>PrepareRxDoneAbort</STRONG> (Thumb, 66 bytes, Stack size 8 bytes, loramac_1.o(i.PrepareRxDoneAbort))
<BR><BR>[Stack]<UL><LI>Max Depth = 72<LI>Call Chain = PrepareRxDoneAbort &rArr; TimerSetValue &rArr; TimerStop &rArr; TimerGetValue &rArr; RtcGetElapsedAlarmTime &rArr; RtcGetTimerValue
</UL>
<BR>[Calls]<UL><LI><a href="#[159]">&gt;&gt;</a>&nbsp;&nbsp;&nbsp;TimerStart
<LI><a href="#[12f]">&gt;&gt;</a>&nbsp;&nbsp;&nbsp;TimerSetValue
<LI><a href="#[62]">&gt;&gt;</a>&nbsp;&nbsp;&nbsp;OnAckTimeoutTimerEvent
</UL>
<BR>[Called By]<UL><LI><a href="#[64]">&gt;&gt;</a>&nbsp;&nbsp;&nbsp;OnRadioRxDone
</UL>

<P><STRONG><a name="[15c]"></a>ProcessMacCommands</STRONG> (Thumb, 874 bytes, Stack size 64 bytes, loramac_1.o(i.ProcessMacCommands))
<BR><BR>[Stack]<UL><LI>Max Depth = 272<LI>Call Chain = ProcessMacCommands &rArr; RegionLinkAdrReq &rArr; RegionCN470LinkAdrReq &rArr; RegionCommonLinkAdrReqVerifyParams &rArr; RegionCommonChanVerifyDr
</UL>
<BR>[Calls]<UL><LI><a href="#[166]">&gt;&gt;</a>&nbsp;&nbsp;&nbsp;RegionTxParamSetupReq
<LI><a href="#[164]">&gt;&gt;</a>&nbsp;&nbsp;&nbsp;RegionRxParamSetupReq
<LI><a href="#[165]">&gt;&gt;</a>&nbsp;&nbsp;&nbsp;RegionNewChannelReq
<LI><a href="#[163]">&gt;&gt;</a>&nbsp;&nbsp;&nbsp;RegionLinkAdrReq
<LI><a href="#[167]">&gt;&gt;</a>&nbsp;&nbsp;&nbsp;RegionDlChannelReq
<LI><a href="#[a9]">&gt;&gt;</a>&nbsp;&nbsp;&nbsp;AddMacCommand
</UL>
<BR>[Called By]<UL><LI><a href="#[64]">&gt;&gt;</a>&nbsp;&nbsp;&nbsp;OnRadioRxDone
</UL>

<P><STRONG><a name="[12d]"></a>ResetMacParameters</STRONG> (Thumb, 204 bytes, Stack size 8 bytes, loramac_1.o(i.ResetMacParameters))
<BR><BR>[Stack]<UL><LI>Max Depth = 40<LI>Call Chain = ResetMacParameters &rArr; RegionInitDefaults &rArr; RegionCN470InitDefaults &rArr; RegionCommonChanMaskCopy
</UL>
<BR>[Calls]<UL><LI><a href="#[12c]">&gt;&gt;</a>&nbsp;&nbsp;&nbsp;RegionInitDefaults
</UL>
<BR>[Called By]<UL><LI><a href="#[13b]">&gt;&gt;</a>&nbsp;&nbsp;&nbsp;LoRaMacMlmeRequest
<LI><a href="#[11f]">&gt;&gt;</a>&nbsp;&nbsp;&nbsp;LoRaMacInitialization
</UL>

<P><STRONG><a name="[15f]"></a>RxWindowSetup</STRONG> (Thumb, 28 bytes, Stack size 16 bytes, loramac_1.o(i.RxWindowSetup))
<BR><BR>[Stack]<UL><LI>Max Depth = 16<LI>Call Chain = RxWindowSetup
</UL>
<BR>[Called By]<UL><LI><a href="#[61]">&gt;&gt;</a>&nbsp;&nbsp;&nbsp;OnRxWindow2TimerEvent
<LI><a href="#[60]">&gt;&gt;</a>&nbsp;&nbsp;&nbsp;OnRxWindow1TimerEvent
</UL>

<P><STRONG><a name="[157]"></a>ScheduleTx</STRONG> (Thumb, 320 bytes, Stack size 40 bytes, loramac_1.o(i.ScheduleTx))
<BR><BR>[Stack]<UL><LI>Max Depth = 328<LI>Call Chain = ScheduleTx &rArr; SendFrameOnChannel &rArr; RegionTxConfig &rArr; RegionCN470TxConfig &rArr; RegionCommonComputeTxPower &rArr; __hardfp_floor &rArr; __aeabi_drsub &rArr; __aeabi_dadd &rArr; _double_epilogue &rArr; _double_round
</UL>
<BR>[Calls]<UL><LI><a href="#[159]">&gt;&gt;</a>&nbsp;&nbsp;&nbsp;TimerStart
<LI><a href="#[12f]">&gt;&gt;</a>&nbsp;&nbsp;&nbsp;TimerSetValue
<LI><a href="#[191]">&gt;&gt;</a>&nbsp;&nbsp;&nbsp;RegionNextChannel
<LI><a href="#[137]">&gt;&gt;</a>&nbsp;&nbsp;&nbsp;RegionComputeRxWindowParameters
<LI><a href="#[16e]">&gt;&gt;</a>&nbsp;&nbsp;&nbsp;RegionApplyDrOffset
<LI><a href="#[1b2]">&gt;&gt;</a>&nbsp;&nbsp;&nbsp;SendFrameOnChannel
<LI><a href="#[142]">&gt;&gt;</a>&nbsp;&nbsp;&nbsp;ValidatePayloadLength
<LI><a href="#[c0]">&gt;&gt;</a>&nbsp;&nbsp;&nbsp;CalculateBackOff
</UL>
<BR>[Called By]<UL><LI><a href="#[136]">&gt;&gt;</a>&nbsp;&nbsp;&nbsp;Send
<LI><a href="#[5f]">&gt;&gt;</a>&nbsp;&nbsp;&nbsp;OnTxDelayedTimerEvent
<LI><a href="#[5e]">&gt;&gt;</a>&nbsp;&nbsp;&nbsp;OnMacStateCheckTimerEvent
</UL>

<P><STRONG><a name="[aa]"></a>SetMlmeScheduleUplinkIndication</STRONG> (Thumb, 22 bytes, Stack size 0 bytes, loramac_1.o(i.SetMlmeScheduleUplinkIndication))
<BR><BR>[Called By]<UL><LI><a href="#[5e]">&gt;&gt;</a>&nbsp;&nbsp;&nbsp;OnMacStateCheckTimerEvent
<LI><a href="#[a9]">&gt;&gt;</a>&nbsp;&nbsp;&nbsp;AddMacCommand
</UL>

<P><STRONG><a name="[142]"></a>ValidatePayloadLength</STRONG> (Thumb, 88 bytes, Stack size 32 bytes, loramac_1.o(i.ValidatePayloadLength))
<BR><BR>[Stack]<UL><LI>Max Depth = 80<LI>Call Chain = ValidatePayloadLength &rArr; RegionGetPhyParam &rArr; RegionCN470GetPhyParam &rArr; randr
</UL>
<BR>[Calls]<UL><LI><a href="#[12b]">&gt;&gt;</a>&nbsp;&nbsp;&nbsp;RegionGetPhyParam
</UL>
<BR>[Called By]<UL><LI><a href="#[127]">&gt;&gt;</a>&nbsp;&nbsp;&nbsp;LoRaMacQueryTxPossible
<LI><a href="#[157]">&gt;&gt;</a>&nbsp;&nbsp;&nbsp;ScheduleTx
</UL>

<P><STRONG><a name="[c5]"></a>CountNbOfEnabledChannels</STRONG> (Thumb, 186 bytes, Stack size 40 bytes, regioncn470.o(i.CountNbOfEnabledChannels))
<BR><BR>[Stack]<UL><LI>Max Depth = 40<LI>Call Chain = CountNbOfEnabledChannels
</UL>
<BR>[Calls]<UL><LI><a href="#[c6]">&gt;&gt;</a>&nbsp;&nbsp;&nbsp;RegionCommonValueInRange
</UL>
<BR>[Called By]<UL><LI><a href="#[17e]">&gt;&gt;</a>&nbsp;&nbsp;&nbsp;RegionCN470NextChannel
</UL>

<P><STRONG><a name="[176]"></a>GetBandwidth</STRONG> (Thumb, 46 bytes, Stack size 0 bytes, regioncn470.o(i.GetBandwidth))
<BR><BR>[Called By]<UL><LI><a href="#[175]">&gt;&gt;</a>&nbsp;&nbsp;&nbsp;RegionCN470ComputeRxWindowParameters
</UL>

<P><STRONG><a name="[179]"></a>GetNextLowerTxDr</STRONG> (Thumb, 20 bytes, Stack size 0 bytes, regioncn470.o(i.GetNextLowerTxDr))
<BR><BR>[Called By]<UL><LI><a href="#[170]">&gt;&gt;</a>&nbsp;&nbsp;&nbsp;RegionCN470GetPhyParam
</UL>

<P><STRONG><a name="[185]"></a>LimitTxPower</STRONG> (Thumb, 20 bytes, Stack size 12 bytes, regioncn470.o(i.LimitTxPower))
<BR><BR>[Stack]<UL><LI>Max Depth = 12<LI>Call Chain = LimitTxPower
</UL>
<BR>[Called By]<UL><LI><a href="#[187]">&gt;&gt;</a>&nbsp;&nbsp;&nbsp;RegionCN470TxConfig
<LI><a href="#[184]">&gt;&gt;</a>&nbsp;&nbsp;&nbsp;RegionCN470SetContinuousWave
</UL>

<P><STRONG><a name="[18e]"></a>CountChannels</STRONG> (Thumb, 40 bytes, Stack size 12 bytes, regioncommon.o(i.CountChannels))
<BR><BR>[Stack]<UL><LI>Max Depth = 12<LI>Call Chain = CountChannels
</UL>
<BR>[Called By]<UL><LI><a href="#[17f]">&gt;&gt;</a>&nbsp;&nbsp;&nbsp;RegionCommonCountChannels
</UL>

<P><STRONG><a name="[1b1]"></a>GetFskBandwidthRegValue</STRONG> (Thumb, 50 bytes, Stack size 0 bytes, sx1276.o(i.GetFskBandwidthRegValue))
<BR><BR>[Called By]<UL><LI><a href="#[77]">&gt;&gt;</a>&nbsp;&nbsp;&nbsp;SX1276SetRxConfig
</UL>

<P><STRONG><a name="[19b]"></a>RxChainCalibration</STRONG> (Thumb, 188 bytes, Stack size 40 bytes, sx1276.o(i.RxChainCalibration))
<BR><BR>[Stack]<UL><LI>Max Depth = 248<LI>Call Chain = RxChainCalibration &rArr; SX1276SetChannel &rArr; SX1276Write &rArr; SX1276WriteBuffer &rArr; SpiInOut &rArr; SPI2_InOut &rArr; HAL_SPI_TransmitReceive &rArr; SPI_EndRxTxTransaction &rArr; SPI_WaitFlagStateUntilTimeout
</UL>
<BR>[Calls]<UL><LI><a href="#[9b]">&gt;&gt;</a>&nbsp;&nbsp;&nbsp;__aeabi_ui2d
<LI><a href="#[9d]">&gt;&gt;</a>&nbsp;&nbsp;&nbsp;__aeabi_d2uiz
<LI><a href="#[98]">&gt;&gt;</a>&nbsp;&nbsp;&nbsp;__aeabi_dmul
<LI><a href="#[82]">&gt;&gt;</a>&nbsp;&nbsp;&nbsp;SX1276Write
<LI><a href="#[74]">&gt;&gt;</a>&nbsp;&nbsp;&nbsp;SX1276SetChannel
<LI><a href="#[83]">&gt;&gt;</a>&nbsp;&nbsp;&nbsp;SX1276Read
</UL>
<BR>[Called By]<UL><LI><a href="#[68]">&gt;&gt;</a>&nbsp;&nbsp;&nbsp;SX1276OnTimeoutIrq
<LI><a href="#[71]">&gt;&gt;</a>&nbsp;&nbsp;&nbsp;SX1276Init
</UL>

<P><STRONG><a name="[cd]"></a>FifoNext</STRONG> (Thumb, 20 bytes, Stack size 8 bytes, fifo.o(i.FifoNext))
<BR><BR>[Stack]<UL><LI>Max Depth = 8<LI>Call Chain = FifoNext
</UL>
<BR>[Called By]<UL><LI><a href="#[115]">&gt;&gt;</a>&nbsp;&nbsp;&nbsp;IsFifoFull
<LI><a href="#[ce]">&gt;&gt;</a>&nbsp;&nbsp;&nbsp;FifoPush
<LI><a href="#[cc]">&gt;&gt;</a>&nbsp;&nbsp;&nbsp;FifoPop
</UL>

<P><STRONG><a name="[1c2]"></a>TimerExists</STRONG> (Thumb, 26 bytes, Stack size 0 bytes, timer.o(i.TimerExists))
<BR><BR>[Called By]<UL><LI><a href="#[159]">&gt;&gt;</a>&nbsp;&nbsp;&nbsp;TimerStart
</UL>

<P><STRONG><a name="[1be]"></a>TimerInsertNewHeadTimer</STRONG> (Thumb, 40 bytes, Stack size 16 bytes, timer.o(i.TimerInsertNewHeadTimer))
<BR><BR>[Stack]<UL><LI>Max Depth = 40<LI>Call Chain = TimerInsertNewHeadTimer &rArr; TimerSetTimeout &rArr; RtcSetTimeout &rArr; RtcGetTimerValue
</UL>
<BR>[Calls]<UL><LI><a href="#[1bf]">&gt;&gt;</a>&nbsp;&nbsp;&nbsp;TimerSetTimeout
</UL>
<BR>[Called By]<UL><LI><a href="#[159]">&gt;&gt;</a>&nbsp;&nbsp;&nbsp;TimerStart
</UL>

<P><STRONG><a name="[1c4]"></a>TimerInsertTimer</STRONG> (Thumb, 104 bytes, Stack size 20 bytes, timer.o(i.TimerInsertTimer))
<BR><BR>[Stack]<UL><LI>Max Depth = 20<LI>Call Chain = TimerInsertTimer
</UL>
<BR>[Called By]<UL><LI><a href="#[159]">&gt;&gt;</a>&nbsp;&nbsp;&nbsp;TimerStart
</UL>

<P><STRONG><a name="[1bf]"></a>TimerSetTimeout</STRONG> (Thumb, 26 bytes, Stack size 8 bytes, timer.o(i.TimerSetTimeout))
<BR><BR>[Stack]<UL><LI>Max Depth = 24<LI>Call Chain = TimerSetTimeout &rArr; RtcSetTimeout &rArr; RtcGetTimerValue
</UL>
<BR>[Calls]<UL><LI><a href="#[19a]">&gt;&gt;</a>&nbsp;&nbsp;&nbsp;RtcSetTimeout
<LI><a href="#[1c0]">&gt;&gt;</a>&nbsp;&nbsp;&nbsp;RtcGetAdjustedTimeoutValue
</UL>
<BR>[Called By]<UL><LI><a href="#[c4]">&gt;&gt;</a>&nbsp;&nbsp;&nbsp;TimerStop
<LI><a href="#[1be]">&gt;&gt;</a>&nbsp;&nbsp;&nbsp;TimerInsertNewHeadTimer
</UL>

<P><STRONG><a name="[1cc]"></a>add_round_key</STRONG> (Thumb, 16 bytes, Stack size 16 bytes, aes.o(i.add_round_key))
<BR><BR>[Stack]<UL><LI>Max Depth = 16<LI>Call Chain = add_round_key
</UL>
<BR>[Calls]<UL><LI><a href="#[1cd]">&gt;&gt;</a>&nbsp;&nbsp;&nbsp;xor_block
</UL>
<BR>[Called By]<UL><LI><a href="#[a3]">&gt;&gt;</a>&nbsp;&nbsp;&nbsp;aes_encrypt
</UL>

<P><STRONG><a name="[1ce]"></a>copy_and_key</STRONG> (Thumb, 132 bytes, Stack size 8 bytes, aes.o(i.copy_and_key))
<BR><BR>[Stack]<UL><LI>Max Depth = 8<LI>Call Chain = copy_and_key
</UL>
<BR>[Called By]<UL><LI><a href="#[a3]">&gt;&gt;</a>&nbsp;&nbsp;&nbsp;aes_encrypt
</UL>

<P><STRONG><a name="[1db]"></a>copy_block</STRONG> (Thumb, 66 bytes, Stack size 0 bytes, aes.o(i.copy_block))
<BR><BR>[Called By]<UL><LI><a href="#[1cf]">&gt;&gt;</a>&nbsp;&nbsp;&nbsp;mix_sub_columns
</UL>

<P><STRONG><a name="[1d1]"></a>copy_block_nn</STRONG> (Thumb, 24 bytes, Stack size 8 bytes, aes.o(i.copy_block_nn))
<BR><BR>[Stack]<UL><LI>Max Depth = 8<LI>Call Chain = copy_block_nn
</UL>
<BR>[Called By]<UL><LI><a href="#[a7]">&gt;&gt;</a>&nbsp;&nbsp;&nbsp;aes_set_key
</UL>

<P><STRONG><a name="[1cf]"></a>mix_sub_columns</STRONG> (Thumb, 630 bytes, Stack size 24 bytes, aes.o(i.mix_sub_columns))
<BR><BR>[Stack]<UL><LI>Max Depth = 24<LI>Call Chain = mix_sub_columns
</UL>
<BR>[Calls]<UL><LI><a href="#[1db]">&gt;&gt;</a>&nbsp;&nbsp;&nbsp;copy_block
</UL>
<BR>[Called By]<UL><LI><a href="#[a3]">&gt;&gt;</a>&nbsp;&nbsp;&nbsp;aes_encrypt
</UL>

<P><STRONG><a name="[1d0]"></a>shift_sub_rows</STRONG> (Thumb, 108 bytes, Stack size 0 bytes, aes.o(i.shift_sub_rows))
<BR><BR>[Called By]<UL><LI><a href="#[a3]">&gt;&gt;</a>&nbsp;&nbsp;&nbsp;aes_encrypt
</UL>

<P><STRONG><a name="[1cd]"></a>xor_block</STRONG> (Thumb, 130 bytes, Stack size 0 bytes, aes.o(i.xor_block))
<BR><BR>[Called By]<UL><LI><a href="#[1cc]">&gt;&gt;</a>&nbsp;&nbsp;&nbsp;add_round_key
</UL>

<P><STRONG><a name="[1a9]"></a>SX1276SetBoardTcxo</STRONG> (Thumb, 2 bytes, Stack size 0 bytes, sx1276-board.o(i.SX1276SetBoardTcxo))
<BR><BR>[Called By]<UL><LI><a href="#[1a3]">&gt;&gt;</a>&nbsp;&nbsp;&nbsp;SX1276Reset
</UL>

<P><STRONG><a name="[1c8]"></a>_fp_digits</STRONG> (Thumb, 366 bytes, Stack size 64 bytes, printfa.o(i._fp_digits), UNUSED)
<BR><BR>[Calls]<UL><LI><a href="#[99]">&gt;&gt;</a>&nbsp;&nbsp;&nbsp;__aeabi_ddiv
<LI><a href="#[98]">&gt;&gt;</a>&nbsp;&nbsp;&nbsp;__aeabi_dmul
<LI><a href="#[ba]">&gt;&gt;</a>&nbsp;&nbsp;&nbsp;__aeabi_cdrcmple
<LI><a href="#[92]">&gt;&gt;</a>&nbsp;&nbsp;&nbsp;__aeabi_dadd
<LI><a href="#[9f]">&gt;&gt;</a>&nbsp;&nbsp;&nbsp;__aeabi_d2ulz
<LI><a href="#[8c]">&gt;&gt;</a>&nbsp;&nbsp;&nbsp;__aeabi_uldivmod
</UL>
<BR>[Called By]<UL><LI><a href="#[1c7]">&gt;&gt;</a>&nbsp;&nbsp;&nbsp;_printf_core
</UL>

<P><STRONG><a name="[1c7]"></a>_printf_core</STRONG> (Thumb, 1744 bytes, Stack size 136 bytes, printfa.o(i._printf_core), UNUSED)
<BR><BR>[Calls]<UL><LI><a href="#[1cb]">&gt;&gt;</a>&nbsp;&nbsp;&nbsp;__aeabi_uidivmod
<LI><a href="#[1c9]">&gt;&gt;</a>&nbsp;&nbsp;&nbsp;_printf_pre_padding
<LI><a href="#[1ca]">&gt;&gt;</a>&nbsp;&nbsp;&nbsp;_printf_post_padding
<LI><a href="#[1c8]">&gt;&gt;</a>&nbsp;&nbsp;&nbsp;_fp_digits
<LI><a href="#[8c]">&gt;&gt;</a>&nbsp;&nbsp;&nbsp;__aeabi_uldivmod
</UL>
<BR>[Called By]<UL><LI><a href="#[1c6]">&gt;&gt;</a>&nbsp;&nbsp;&nbsp;__0vsprintf
</UL>

<P><STRONG><a name="[1ca]"></a>_printf_post_padding</STRONG> (Thumb, 36 bytes, Stack size 24 bytes, printfa.o(i._printf_post_padding), UNUSED)
<BR><BR>[Called By]<UL><LI><a href="#[1c7]">&gt;&gt;</a>&nbsp;&nbsp;&nbsp;_printf_core
</UL>

<P><STRONG><a name="[1c9]"></a>_printf_pre_padding</STRONG> (Thumb, 46 bytes, Stack size 24 bytes, printfa.o(i._printf_pre_padding), UNUSED)
<BR><BR>[Called By]<UL><LI><a href="#[1c7]">&gt;&gt;</a>&nbsp;&nbsp;&nbsp;_printf_core
</UL>

<P><STRONG><a name="[69]"></a>_sputc</STRONG> (Thumb, 10 bytes, Stack size 0 bytes, printfa.o(i._sputc))
<BR><BR>[Called By]<UL><LI><a href="#[1c6]">&gt;&gt;</a>&nbsp;&nbsp;&nbsp;__0vsprintf
</UL>
<BR>[Address Reference Count : 1]<UL><LI> printfa.o(i.__0vsprintf)
</UL><P>
<H3>
Undefined Global Symbols
</H3><HR></body></html>
