<html>
<body>
<pre>
<h1>µVision Build Log</h1>
<h2>Tool Versions:</h2>
IDE-Version: ¦ÌVision V5.28.0.0
Copyright (C) 2019 ARM Ltd and ARM Germany GmbH. All rights reserved.
License Information: 123 Bobby, 123, LIC=HN0AE-5MH7J-638MB-2MG4C-DVAY0-FB1NC
 
Tool Versions:
Toolchain:       MDK-ARM Plus  Version: 5.28.0.0
Toolchain Path:  D:\Software\Keil_v5\ARM\ARMCC\Bin
C Compiler:      Armcc.exe V5.06 update 6 (build 750)
Assembler:       Armasm.exe V5.06 update 6 (build 750)
Linker/Locator:  ArmLink.exe V5.06 update 6 (build 750)
Library Manager: ArmAr.exe V5.06 update 6 (build 750)
Hex Converter:   FromElf.exe V5.06 update 6 (build 750)
CPU DLL:         SARMCM3.DLL V5.28.0.0
Dialog DLL:      DCM.DLL V1.17.3.0
Target DLL:      Segger\JL2CM3.dll V2.99.23.0
Dialog DLL:      TCM.DLL V1.36.2.0
 
<h2>Project:</h2>
C:\Users\Bobby\Documents\GitHub\LoRa_STPM32\MDK-ARM\LoRa-STPM32.uvprojx
Project File Date:  07/16/2020

<h2>Output:</h2>
*** Using Compiler 'V5.06 update 6 (build 750)', folder: 'D:\Software\Keil_v5\ARM\ARMCC\Bin'
Build target 'LoRa-STPM32'
compiling LoRaMAC_init.c...
..\Src\LoRaMAC_init.c(12): warning:  #1215-D: #warning directive: "No active region defined, LORAMAC_REGION_EU868 will be used as default."
  #warning "No active region defined, LORAMAC_REGION_EU868 will be used as default."
..\Src\LoRaMAC_init.c(70): warning:  #177-D: variable "NwkSKey"  was declared but never referenced
  static uint8_t NwkSKey[] = LORAWAN_NWKSKEY;
..\Src\LoRaMAC_init.c(71): warning:  #177-D: variable "AppSKey"  was declared but never referenced
  static uint8_t AppSKey[] = LORAWAN_APPSKEY;
..\Src\LoRaMAC_init.c(76): warning:  #177-D: variable "DevAddr"  was declared but never referenced
  static uint32_t DevAddr = LORAWAN_DEVICE_ADDRESS;
..\Src\LoRaMAC_init.c(108): warning:  #177-D: variable "TxDutyCycleTime"  was declared but never referenced
  static uint32_t TxDutyCycleTime;
..\Src\LoRaMAC_init.c(118): warning:  #550-D: variable "AppLedStateOn"  was set but never used
  static bool AppLedStateOn = false;
..\Src\LoRaMAC_init.c(133): warning:  #550-D: variable "NextTx"  was set but never used
  static bool NextTx = true;
..\Src\LoRaMAC_init.c(174): warning:  #177-D: function "PrepareTxFrame"  was declared but never referenced
  static void PrepareTxFrame( uint8_t port )
..\Src\LoRaMAC_init.c(291): warning:  #177-D: function "SendFrame"  was declared but never referenced
  static bool SendFrame( void )
..\Src\LoRaMAC_init.c(377): warning:  #177-D: function "OnLed1TimerEvent"  was declared but never referenced
  static void OnLed1TimerEvent( void )
..\Src\LoRaMAC_init.c(387): warning:  #177-D: function "OnLed2TimerEvent"  was declared but never referenced
  static void OnLed2TimerEvent( void )
..\Src\LoRaMAC_init.c: 11 warnings, 0 errors
linking...
Program Size: Code=33884 RO-data=788 RW-data=472 ZI-data=41032  
FromELF: creating hex file...
"LoRa-STPM32\LoRa-STPM32.axf" - 0 Error(s), 11 Warning(s).

<h2>Software Packages used:</h2>

Package Vendor: ARM
                http://www.keil.com/pack/ARM.CMSIS.5.5.1.pack
                ARM.CMSIS.5.5.1
                CMSIS (Cortex Microcontroller Software Interface Standard)
   * Component: CORE Version: 5.2.0

Package Vendor: Keil
                http://www.keil.com/pack/Keil.STM32L4xx_DFP.2.2.0.pack
                Keil.STM32L4xx_DFP.2.2.0
                STMicroelectronics STM32L4 Series Device Support, Drivers and Examples

<h2>Collection of Component include folders:</h2>
  .\RTE\_LoRa-STPM32
  D:\Software\Arm\Packs\ARM\CMSIS\5.5.1\CMSIS\Core\Include
  D:\Software\Arm\Packs\Keil\STM32L4xx_DFP\2.2.0\Drivers\CMSIS\Device\ST\STM32L4xx\Include

<h2>Collection of Component Files used:</h2>

   * Component: ARM::CMSIS:CORE:5.2.0
Build Time Elapsed:  00:00:02
</pre>
</body>
</html>
