<html>
<body>
<pre>
<h1>µVision Build Log</h1>
<h2>Tool Versions:</h2>
IDE-Version: ¦ÌVision V5.28.0.0
Copyright (C) 2019 ARM Ltd and ARM Germany GmbH. All rights reserved.
License Information: 123 Bobby, 123, LIC=HN0AE-5MH7J-638MB-2MG4C-DVAY0-FB1NC
 
Tool Versions:
Toolchain:       MDK-ARM Plus  Version: 5.28.0.0
Toolchain Path:  D:\Software\Keil_v5\ARM\ARMCC\Bin
C Compiler:      Armcc.exe V5.06 update 6 (build 750)
Assembler:       Armasm.exe V5.06 update 6 (build 750)
Linker/Locator:  ArmLink.exe V5.06 update 6 (build 750)
Library Manager: ArmAr.exe V5.06 update 6 (build 750)
Hex Converter:   FromElf.exe V5.06 update 6 (build 750)
CPU DLL:         SARMCM3.DLL V5.28.0.0
Dialog DLL:      DCM.DLL V1.17.3.0
Target DLL:      Segger\JL2CM3.dll V2.99.23.0
Dialog DLL:      TCM.DLL V1.36.2.0
 
<h2>Project:</h2>
C:\Users\Bobby\Documents\GitHub\LoRa_STPM32\MDK-ARM\LoRa-STPM32.uvprojx
Project File Date:  07/27/2020

<h2>Output:</h2>
*** Using Compiler 'V5.06 update 6 (build 750)', folder: 'D:\Software\Keil_v5\ARM\ARMCC\Bin'
Rebuild target 'LoRa-STPM32'
compiling RedundantCode.c...
assembling startup_stm32l433xx.s...
compiling ext_flash_tb.c...
compiling HAL_spi.c...
compiling HAL_LoRaMAC.c...
..\Src\HAL_LoRaMAC.c(892): warning:  #940-D: missing return statement at end of non-void function "LoRaMAC_Send" 
  }
..\Src\HAL_LoRaMAC.c(131): warning:  #550-D: variable "AppLedStateOn"  was set but never used
  static bool AppLedStateOn = false;
..\Src\HAL_LoRaMAC.c(162): warning:  #550-D: variable "status"  was set but never used
  static LoRaMacStatus_t status;
..\Src\HAL_LoRaMAC.c(269): warning:  #177-D: function "OnTxNextPacketTimerEvent"  was declared but never referenced
  static void OnTxNextPacketTimerEvent( void )
..\Src\HAL_LoRaMAC.c: 4 warnings, 0 errors
compiling ext_flash.c...
compiling STPM32.c...
compiling HAL_gpio.c...
compiling LoRa.c...
compiling stm32l4xx_hal_msp.c...
compiling stm32l4xx_it.c...
compiling usb.c...
compiling tim.c...
compiling usart.c...
compiling main.c...
compiling freertos.c...
../Src/freertos.c(96): warning:  #550-D: variable "USART3_TxFlag"  was set but never used
  static int USART3_TxFlag = 0;
../Src/freertos.c: 1 warning, 0 errors
compiling stm32l4xx_hal.c...
compiling stm32l4xx_hal_i2c_ex.c...
compiling stm32l4xx_hal_timebase_tim.c...
compiling stm32l4xx_hal_flash.c...
compiling stm32l4xx_hal_rcc.c...
compiling stm32l4xx_hal_i2c.c...
compiling stm32l4xx_hal_rcc_ex.c...
compiling stm32l4xx_hal_dma_ex.c...
compiling stm32l4xx_hal_flash_ramfunc.c...
compiling stm32l4xx_hal_pwr.c...
compiling stm32l4xx_hal_gpio.c...
compiling stm32l4xx_hal_dma.c...
compiling stm32l4xx_hal_pwr_ex.c...
compiling stm32l4xx_hal_flash_ex.c...
compiling stm32l4xx_hal_tim_ex.c...
compiling stm32l4xx_hal_spi_ex.c...
compiling stm32l4xx_hal_exti.c...
compiling stm32l4xx_hal_cortex.c...
compiling stm32l4xx_hal_uart.c...
compiling stm32l4xx_hal_spi.c...
compiling stm32l4xx_hal_tim.c...
compiling croutine.c...
compiling event_groups.c...
compiling list.c...
compiling queue.c...
compiling stream_buffer.c...
compiling timers.c...
compiling tasks.c...
compiling heap_4.c...
compiling cmsis_os.c...
compiling port.c...
compiling LoRaMacCrypto.c...
compiling Region.c...
compiling RegionCN470.c...
compiling RegionCommon.c...
compiling sx1276.c...
compiling delay.c...
compiling fifo.c...
compiling gpio.c...
compiling timer.c...
compiling aes.c...
compiling cmac.c...
compiling stm32l4xx_hal_uart_ex.c...
compiling stm32l4xx_hal_pcd.c...
compiling stm32l4xx_hal_pcd_ex.c...
compiling system_stm32l4xx.c...
compiling stm32l4xx_ll_usb.c...
compiling LoRaMac.c...
compiling board.c...
..\Drivers\LoRaMAC\boards\LoRaMote\board.c(90): warning:  #550-D: variable "SystemWakeupTimeCalibrated"  was set but never used
  static bool SystemWakeupTimeCalibrated = false;
..\Drivers\LoRaMAC\boards\LoRaMote\board.c: 1 warning, 0 errors
compiling utilities.c...
compiling delay-board.c...
compiling gpio-board.c...
compiling rtc-board.c...
compiling uart-board.c...
compiling spi-board.c...
compiling sx1276-board.c...
linking...
Program Size: Code=57988 RO-data=1876 RW-data=1004 ZI-data=46660  
FromELF: creating hex file...
"LoRa-STPM32\LoRa-STPM32.axf" - 0 Error(s), 6 Warning(s).

<h2>Software Packages used:</h2>

Package Vendor: ARM
                http://www.keil.com/pack/ARM.CMSIS.5.5.1.pack
                ARM.CMSIS.5.5.1
                CMSIS (Cortex Microcontroller Software Interface Standard)
   * Component: CORE Version: 5.2.0

Package Vendor: Keil
                http://www.keil.com/pack/Keil.STM32L4xx_DFP.2.2.0.pack
                Keil.STM32L4xx_DFP.2.2.0
                STMicroelectronics STM32L4 Series Device Support, Drivers and Examples

<h2>Collection of Component include folders:</h2>
  .\RTE\_LoRa-STPM32
  D:\Software\Arm\Packs\ARM\CMSIS\5.5.1\CMSIS\Core\Include
  D:\Software\Arm\Packs\Keil\STM32L4xx_DFP\2.2.0\Drivers\CMSIS\Device\ST\STM32L4xx\Include

<h2>Collection of Component Files used:</h2>

   * Component: ARM::CMSIS:CORE:5.2.0
Build Time Elapsed:  00:01:03
</pre>
</body>
</html>
