Component: ARM Compiler 5.06 update 6 (build 750) Tool: armlink [4d35ed]

==============================================================================

Section Cross References

    startup_stm32l433xx.o(RESET) refers to startup_stm32l433xx.o(STACK) for __initial_sp
    startup_stm32l433xx.o(RESET) refers to startup_stm32l433xx.o(.text) for Reset_Handler
    startup_stm32l433xx.o(RESET) refers to stm32l4xx_it.o(i.NMI_Handler) for NMI_Handler
    startup_stm32l433xx.o(RESET) refers to stm32l4xx_it.o(i.HardFault_Handler) for HardFault_Handler
    startup_stm32l433xx.o(RESET) refers to stm32l4xx_it.o(i.MemManage_Handler) for MemManage_Handler
    startup_stm32l433xx.o(RESET) refers to stm32l4xx_it.o(i.BusFault_Handler) for BusFault_Handler
    startup_stm32l433xx.o(RESET) refers to stm32l4xx_it.o(i.UsageFault_Handler) for UsageFault_Handler
    startup_stm32l433xx.o(RESET) refers to port.o(.emb_text) for SVC_Handler
    startup_stm32l433xx.o(RESET) refers to stm32l4xx_it.o(i.DebugMon_Handler) for DebugMon_Handler
    startup_stm32l433xx.o(RESET) refers to port.o(i.SysTick_Handler) for SysTick_Handler
    startup_stm32l433xx.o(RESET) refers to stm32l4xx_it.o(i.TIM1_UP_TIM16_IRQHandler) for TIM1_UP_TIM16_IRQHandler
    startup_stm32l433xx.o(RESET) refers to stm32l4xx_it.o(i.USART1_IRQHandler) for USART1_IRQHandler
    startup_stm32l433xx.o(RESET) refers to stm32l4xx_it.o(i.USART3_IRQHandler) for USART3_IRQHandler
    startup_stm32l433xx.o(.text) refers to system_stm32l4xx.o(i.SystemInit) for SystemInit
    startup_stm32l433xx.o(.text) refers to entry.o(.ARM.Collect$$$$00000000) for __main
    ext_flash.o(i.ext_flash_Get_Size) refers to ext_flash.o(.data) for u32_ext_flash_size
    ext_flash.o(i.ext_flash_deep_powerdown) refers to ext_flash.o(i.flash_ext_wr_rd) for flash_ext_wr_rd
    ext_flash.o(i.ext_flash_deinit) refers to ext_flash.o(i.ext_flash_deep_powerdown) for ext_flash_deep_powerdown
    ext_flash.o(i.ext_flash_deinit) refers to ext_flash.o(i.ext_flash_power_off) for ext_flash_power_off
    ext_flash.o(i.ext_flash_deinit) refers to queue.o(i.vQueueDelete) for vQueueDelete
    ext_flash.o(i.ext_flash_deinit) refers to ext_flash.o(.data) for xMutex
    ext_flash.o(i.ext_flash_erase_block) refers to queue.o(i.xQueueTakeMutexRecursive) for xQueueTakeMutexRecursive
    ext_flash.o(i.ext_flash_erase_block) refers to ext_flash.o(i.ext_flash_power_on) for ext_flash_power_on
    ext_flash.o(i.ext_flash_erase_block) refers to ext_flash.o(i.ext_flash_last_write_or_erase_done) for ext_flash_last_write_or_erase_done
    ext_flash.o(i.ext_flash_erase_block) refers to ext_flash.o(i.flash_ext_wr_rd) for flash_ext_wr_rd
    ext_flash.o(i.ext_flash_erase_block) refers to queue.o(i.xQueueGiveMutexRecursive) for xQueueGiveMutexRecursive
    ext_flash.o(i.ext_flash_erase_block) refers to ext_flash.o(.data) for xMutex
    ext_flash.o(i.ext_flash_erase_block) refers to ext_flash.o(.constdata) for .constdata
    ext_flash.o(i.ext_flash_erase_sector) refers to queue.o(i.xQueueTakeMutexRecursive) for xQueueTakeMutexRecursive
    ext_flash.o(i.ext_flash_erase_sector) refers to ext_flash.o(i.ext_flash_power_on) for ext_flash_power_on
    ext_flash.o(i.ext_flash_erase_sector) refers to ext_flash.o(i.ext_flash_last_write_or_erase_done) for ext_flash_last_write_or_erase_done
    ext_flash.o(i.ext_flash_erase_sector) refers to ext_flash.o(i.flash_ext_wr_rd) for flash_ext_wr_rd
    ext_flash.o(i.ext_flash_erase_sector) refers to queue.o(i.xQueueGiveMutexRecursive) for xQueueGiveMutexRecursive
    ext_flash.o(i.ext_flash_erase_sector) refers to ext_flash.o(.data) for xMutex
    ext_flash.o(i.ext_flash_erase_sector) refers to ext_flash.o(.constdata) for .constdata
    ext_flash.o(i.ext_flash_init) refers to queue.o(i.xQueueCreateMutex) for xQueueCreateMutex
    ext_flash.o(i.ext_flash_init) refers to ext_flash.o(.data) for xMutex
    ext_flash.o(i.ext_flash_is_detected) refers to ext_flash.o(i.ext_flash_power_on) for ext_flash_power_on
    ext_flash.o(i.ext_flash_is_detected) refers to ext_flash.o(i.vd_ext_flash_reset) for vd_ext_flash_reset
    ext_flash.o(i.ext_flash_is_detected) refers to ext_flash.o(i.ext_flash_read_id) for ext_flash_read_id
    ext_flash.o(i.ext_flash_is_detected) refers to ext_flash.o(.data) for ext_flash_is_enable
    ext_flash.o(i.ext_flash_last_write_or_erase_done) refers to ext_flash.o(i.ext_flash_power_on) for ext_flash_power_on
    ext_flash.o(i.ext_flash_last_write_or_erase_done) refers to ext_flash.o(i.flash_ext_wr_rd) for flash_ext_wr_rd
    ext_flash.o(i.ext_flash_last_write_or_erase_done) refers to ext_flash.o(.data) for ext_flash_is_enable
    ext_flash.o(i.ext_flash_power_off) refers to usart.o(i.myprintf) for myprintf
    ext_flash.o(i.ext_flash_power_off) refers to ext_flash.o(i.ext_flash_last_write_or_erase_done) for ext_flash_last_write_or_erase_done
    ext_flash.o(i.ext_flash_power_off) refers to stm32l4xx_hal_gpio.o(i.HAL_GPIO_WritePin) for HAL_GPIO_WritePin
[...]
    .text                                    0x080002a4   Section        0  uldiv.o(.text)
    .text                                    0x0800030c   Section        0  memcpya.o(.text)
    .text                                    0x08000330   Section        0  memseta.o(.text)
    .text                                    0x08000354   Section        0  strlen.o(.text)
    .text                                    0x08000362   Section        0  uidiv.o(.text)
    .text                                    0x0800038e   Section        0  llshl.o(.text)
    .text                                    0x080003ac   Section        0  llushr.o(.text)
    .text                                    0x080003cc   Section        0  iusefp.o(.text)
    .text                                    0x080003cc   Section        0  dadd.o(.text)
    .text                                    0x0800052a   Section        0  dmul.o(.text)
    .text                                    0x08000614   Section        0  ddiv.o(.text)
    .text                                    0x080006f2   Section        0  dfixul.o(.text)
    .text                                    0x08000724   Section       48  cdrcmple.o(.text)
    .text                                    0x08000754   Section       36  init.o(.text)
    .text                                    0x08000778   Section        0  llsshr.o(.text)
    .text                                    0x0800079c   Section        0  depilogue.o(.text)
    .text                                    0x08000856   Section        0  __dczerorl.o(.text)
    i.BusFault_Handler                       0x08000890   Section        0  stm32l4xx_it.o(i.BusFault_Handler)
    i.CalcCRC8                               0x08000894   Section        0  stpm32.o(i.CalcCRC8)
    CalcCRC8                                 0x08000895   Thumb Code    34  stpm32.o(i.CalcCRC8)
    i.Crc8Calc                               0x080008bc   Section        0  stpm32.o(i.Crc8Calc)
    Crc8Calc                                 0x080008bd   Thumb Code    56  stpm32.o(i.Crc8Calc)
    i.DebugMon_Handler                       0x080008f8   Section        0  stm32l4xx_it.o(i.DebugMon_Handler)
    i.Error_Handler                          0x080008fa   Section        0  main.o(i.Error_Handler)
    i.HAL_DMA_Abort_IT                       0x080008fc   Section        0  stm32l4xx_hal_dma.o(i.HAL_DMA_Abort_IT)
    i.HAL_Delay                              0x08000958   Section        0  stm32l4xx_hal.o(i.HAL_Delay)
    i.HAL_GPIO_Init                          0x08000980   Section        0  stm32l4xx_hal_gpio.o(i.HAL_GPIO_Init)
    i.HAL_GPIO_WritePin                      0x08000b48   Section        0  stm32l4xx_hal_gpio.o(i.HAL_GPIO_WritePin)
    i.HAL_GetTick                            0x08000b54   Section        0  stm32l4xx_hal.o(i.HAL_GetTick)
    i.HAL_IncTick                            0x08000b60   Section        0  stm32l4xx_hal.o(i.HAL_IncTick)
    i.HAL_Init                               0x08000b78   Section        0  stm32l4xx_hal.o(i.HAL_Init)
    i.HAL_InitTick                           0x08000b98   Section        0  stm32l4xx_hal_timebase_tim.o(i.HAL_InitTick)
    i.HAL_MspInit                            0x08000c20   Section        0  stm32l4xx_hal_msp.o(i.HAL_MspInit)
    i.HAL_NVIC_EnableIRQ                     0x08000c68   Section        0  stm32l4xx_hal_cortex.o(i.HAL_NVIC_EnableIRQ)
    i.HAL_NVIC_SetPriority                   0x08000c88   Section        0  stm32l4xx_hal_cortex.o(i.HAL_NVIC_SetPriority)
    i.HAL_NVIC_SetPriorityGrouping           0x08000d0c   Section        0  stm32l4xx_hal_cortex.o(i.HAL_NVIC_SetPriorityGrouping)
    i.HAL_PCDEx_ActivateLPM                  0x08000d34   Section        0  stm32l4xx_hal_pcd_ex.o(i.HAL_PCDEx_ActivateLPM)
    i.HAL_PCD_Init                           0x08000d5c   Section        0  stm32l4xx_hal_pcd.o(i.HAL_PCD_Init)
    i.HAL_PCD_MspInit                        0x08000e98   Section        0  usb.o(i.HAL_PCD_MspInit)
    i.HAL_PWREx_ControlVoltageScaling        0x08000ec8   Section        0  stm32l4xx_hal_pwr_ex.o(i.HAL_PWREx_ControlVoltageScaling)
    i.HAL_PWREx_GetVoltageRange              0x08000f54   Section        0  stm32l4xx_hal_pwr_ex.o(i.HAL_PWREx_GetVoltageRange)
    i.HAL_PWR_EnableBkUpAccess               0x08000f64   Section        0  stm32l4xx_hal_pwr.o(i.HAL_PWR_EnableBkUpAccess)
    i.HAL_RCCEx_EnableMSIPLLMode             0x08000f78   Section        0  stm32l4xx_hal_rcc_ex.o(i.HAL_RCCEx_EnableMSIPLLMode)
    i.HAL_RCCEx_PeriphCLKConfig              0x08000f8c   Section        0  stm32l4xx_hal_rcc_ex.o(i.HAL_RCCEx_PeriphCLKConfig)
    i.HAL_RCC_ClockConfig                    0x08001360   Section        0  stm32l4xx_hal_rcc.o(i.HAL_RCC_ClockConfig)
    i.HAL_RCC_GetClockConfig                 0x080014dc   Section        0  stm32l4xx_hal_rcc.o(i.HAL_RCC_GetClockConfig)
    i.HAL_RCC_GetHCLKFreq                    0x08001520   Section        0  stm32l4xx_hal_rcc.o(i.HAL_RCC_GetHCLKFreq)
    i.HAL_RCC_GetPCLK1Freq                   0x0800152c   Section        0  stm32l4xx_hal_rcc.o(i.HAL_RCC_GetPCLK1Freq)
    i.HAL_RCC_GetPCLK2Freq                   0x08001550   Section        0  stm32l4xx_hal_rcc.o(i.HAL_RCC_GetPCLK2Freq)
    i.HAL_RCC_GetSysClockFreq                0x08001574   Section        0  stm32l4xx_hal_rcc.o(i.HAL_RCC_GetSysClockFreq)
    i.HAL_RCC_OscConfig                      0x08001660   Section        0  stm32l4xx_hal_rcc.o(i.HAL_RCC_OscConfig)
    i.HAL_SPI_Init                           0x08001dc8   Section        0  stm32l4xx_hal_spi.o(i.HAL_SPI_Init)
    i.HAL_SPI_MspInit                        0x08001e88   Section        0  spi.o(i.HAL_SPI_MspInit)
    i.HAL_TIMEx_Break2Callback               0x08001f64   Section        0  stm32l4xx_hal_tim_ex.o(i.HAL_TIMEx_Break2Callback)
    i.HAL_TIMEx_BreakCallback                0x08001f66   Section        0  stm32l4xx_hal_tim_ex.o(i.HAL_TIMEx_BreakCallback)
    i.HAL_TIMEx_CommutCallback               0x08001f68   Section        0  stm32l4xx_hal_tim_ex.o(i.HAL_TIMEx_CommutCallback)
    i.HAL_TIM_Base_Init                      0x08001f6a   Section        0  stm32l4xx_hal_tim.o(i.HAL_TIM_Base_Init)
    i.HAL_TIM_Base_MspInit                   0x08001f9e   Section        0  stm32l4xx_hal_tim.o(i.HAL_TIM_Base_MspInit)
    i.HAL_TIM_Base_Start_IT                  0x08001fa0   Section        0  stm32l4xx_hal_tim.o(i.HAL_TIM_Base_Start_IT)
    i.HAL_TIM_IC_CaptureCallback             0x08001fd8   Section        0  stm32l4xx_hal_tim.o(i.HAL_TIM_IC_CaptureCallback)
    i.HAL_TIM_IRQHandler                     0x08001fda   Section        0  stm32l4xx_hal_tim.o(i.HAL_TIM_IRQHandler)
    i.HAL_TIM_OC_DelayElapsedCallback        0x08002192   Section        0  stm32l4xx_hal_tim.o(i.HAL_TIM_OC_DelayElapsedCallback)
    i.HAL_TIM_PWM_PulseFinishedCallback      0x08002194   Section        0  stm32l4xx_hal_tim.o(i.HAL_TIM_PWM_PulseFinishedCallback)
    i.HAL_TIM_PeriodElapsedCallback          0x08002198   Section        0  main.o(i.HAL_TIM_PeriodElapsedCallback)
    i.HAL_TIM_TriggerCallback                0x080021b0   Section        0  stm32l4xx_hal_tim.o(i.HAL_TIM_TriggerCallback)
    i.HAL_UARTEx_WakeupCallback              0x080021b2   Section        0  stm32l4xx_hal_uart_ex.o(i.HAL_UARTEx_WakeupCallback)
    i.HAL_UART_ErrorCallback                 0x080021b4   Section        0  stm32l4xx_hal_uart.o(i.HAL_UART_ErrorCallback)
    i.HAL_UART_IRQHandler                    0x080021b8   Section        0  stm32l4xx_hal_uart.o(i.HAL_UART_IRQHandler)
    i.HAL_UART_Init                          0x0800236c   Section        0  stm32l4xx_hal_uart.o(i.HAL_UART_Init)
    i.HAL_UART_MspInit                       0x080023e0   Section        0  usart.o(i.HAL_UART_MspInit)
    i.HAL_UART_Receive_IT                    0x080024e0   Section        0  stm32l4xx_hal_uart.o(i.HAL_UART_Receive_IT)
    i.HAL_UART_RxCpltCallback                0x080025c4   Section        0  freertos.o(i.HAL_UART_RxCpltCallback)
    i.HAL_UART_SendBytes                     0x080025f0   Section        0  usart.o(i.HAL_UART_SendBytes)
    i.HAL_UART_Transmit                      0x0800261a   Section        0  stm32l4xx_hal_uart.o(i.HAL_UART_Transmit)
    i.HAL_UART_TxCpltCallback                0x080026f4   Section        0  freertos.o(i.HAL_UART_TxCpltCallback)
    i.HAL_USART_GET_FLAG                     0x08002720   Section        0  usart.o(i.HAL_USART_GET_FLAG)
    i.HardFault_Handler                      0x08002732   Section        0  stm32l4xx_it.o(i.HardFault_Handler)
    i.MX_FREERTOS_Init                       0x08002738   Section        0  freertos.o(i.MX_FREERTOS_Init)
    i.MX_GPIO_Init                           0x080027e4   Section        0  gpio.o(i.MX_GPIO_Init)
    i.MX_SPI1_Init                           0x08002944   Section        0  spi.o(i.MX_SPI1_Init)
    i.MX_SPI2_Init                           0x08002994   Section        0  spi.o(i.MX_SPI2_Init)
    i.MX_USART1_UART_Init                    0x080029e0   Section        0  usart.o(i.MX_USART1_UART_Init)
    i.MX_USART3_UART_Init                    0x08002a20   Section        0  usart.o(i.MX_USART3_UART_Init)
    i.MX_USB_PCD_Init                        0x08002a60   Section        0  usb.o(i.MX_USB_PCD_Init)
    i.MemManage_Handler                      0x08002a94   Section        0  stm32l4xx_it.o(i.MemManage_Handler)
    i.NMI_Handler                            0x08002a98   Section        0  stm32l4xx_it.o(i.NMI_Handler)
    i.RCCEx_PLLSAI1_Config                   0x08002a9c   Section        0  stm32l4xx_hal_rcc_ex.o(i.RCCEx_PLLSAI1_Config)
    RCCEx_PLLSAI1_Config                     0x08002a9d   Thumb Code   376  stm32l4xx_hal_rcc_ex.o(i.RCCEx_PLLSAI1_Config)
    i.RCC_SetFlashLatencyFromMSIRange        0x08002c24   Section        0  stm32l4xx_hal_rcc.o(i.RCC_SetFlashLatencyFromMSIRange)
    RCC_SetFlashLatencyFromMSIRange          0x08002c25   Thumb Code   148  stm32l4xx_hal_rcc.o(i.RCC_SetFlashLatencyFromMSIRange)
    i.ReadMsgOnly                            0x08002cc0   Section        0  stpm32.o(i.ReadMsgOnly)
    i.STPM32_Init                            0x08002d50   Section        0  stpm32.o(i.STPM32_Init)
    i.SendMsgOnly                            0x08002e88   Section        0  stpm32.o(i.SendMsgOnly)
    i.StartDefaultTask                       0x08002f20   Section        0  freertos.o(i.StartDefaultTask)
    i.StartSPI2                              0x08002f2c   Section        0  freertos.o(i.StartSPI2)
    i.StartUSART1                            0x08002f44   Section        0  freertos.o(i.StartUSART1)
    i.StartUSART3                            0x08003158   Section        0  freertos.o(i.StartUSART3)
    i.SysTick_Handler                        0x080035d8   Section        0  port.o(i.SysTick_Handler)
    i.SystemClock_Config                     0x0800360c   Section        0  main.o(i.SystemClock_Config)
    i.SystemInit                             0x080036e4   Section        0  system_stm32l4xx.o(i.SystemInit)
    i.TIM1_UP_TIM16_IRQHandler               0x08003734   Section        0  stm32l4xx_it.o(i.TIM1_UP_TIM16_IRQHandler)
    i.TIM_Base_SetConfig                     0x08003744   Section        0  stm32l4xx_hal_tim.o(i.TIM_Base_SetConfig)
    i.UART_AdvFeatureConfig                  0x080037b8   Section        0  stm32l4xx_hal_uart.o(i.UART_AdvFeatureConfig)
    i.UART_CheckIdleState                    0x080038b0   Section        0  stm32l4xx_hal_uart.o(i.UART_CheckIdleState)
    i.UART_DMAAbortOnError                   0x0800391e   Section        0  stm32l4xx_hal_uart.o(i.UART_DMAAbortOnError)
    UART_DMAAbortOnError                     0x0800391f   Thumb Code    24  stm32l4xx_hal_uart.o(i.UART_DMAAbortOnError)
    i.UART_EndRxTransfer                     0x08003936   Section        0  stm32l4xx_hal_uart.o(i.UART_EndRxTransfer)
    UART_EndRxTransfer                       0x08003937   Thumb Code    34  stm32l4xx_hal_uart.o(i.UART_EndRxTransfer)
    i.UART_EndTransmit_IT                    0x08003958   Section        0  stm32l4xx_hal_uart.o(i.UART_EndTransmit_IT)
    UART_EndTransmit_IT                      0x08003959   Thumb Code    32  stm32l4xx_hal_uart.o(i.UART_EndTransmit_IT)
    i.UART_RxISR_16BIT                       0x08003978   Section        0  stm32l4xx_hal_uart.o(i.UART_RxISR_16BIT)
    UART_RxISR_16BIT                         0x08003979   Thumb Code   106  stm32l4xx_hal_uart.o(i.UART_RxISR_16BIT)
    i.UART_RxISR_8BIT                        0x080039e2   Section        0  stm32l4xx_hal_uart.o(i.UART_RxISR_8BIT)
    UART_RxISR_8BIT                          0x080039e3   Thumb Code   102  stm32l4xx_hal_uart.o(i.UART_RxISR_8BIT)
    i.UART_SetConfig                         0x08003a48   Section        0  stm32l4xx_hal_uart.o(i.UART_SetConfig)
    i.UART_WaitOnFlagUntilTimeout            0x08003e3e   Section        0  stm32l4xx_hal_uart.o(i.UART_WaitOnFlagUntilTimeout)
    i.USART1_IRQHandler                      0x08003ef4   Section        0  stm32l4xx_it.o(i.USART1_IRQHandler)
    i.USART3_IRQHandler                      0x08003f04   Section        0  stm32l4xx_it.o(i.USART3_IRQHandler)
    i.USART3_PINSET_RX                       0x08003f14   Section        0  usart.o(i.USART3_PINSET_RX)
    i.USART3_PINSET_TX                       0x08003f34   Section        0  usart.o(i.USART3_PINSET_TX)
    i.USB_CoreInit                           0x08003f54   Section        0  stm32l4xx_ll_usb.o(i.USB_CoreInit)
    i.USB_DevDisconnect                      0x08003f5c   Section        0  stm32l4xx_ll_usb.o(i.USB_DevDisconnect)
    i.USB_DevInit                            0x08003f6e   Section        0  stm32l4xx_ll_usb.o(i.USB_DevInit)
    i.USB_DisableGlobalInt                   0x08003f8c   Section        0  stm32l4xx_ll_usb.o(i.USB_DisableGlobalInt)
    i.USB_EnableGlobalInt                    0x08003fa0   Section        0  stm32l4xx_ll_usb.o(i.USB_EnableGlobalInt)
    i.USB_SetCurrentMode                     0x08003fb4   Section        0  stm32l4xx_ll_usb.o(i.USB_SetCurrentMode)
    i.UsageFault_Handler                     0x08003fba   Section        0  stm32l4xx_it.o(i.UsageFault_Handler)
    i.__0vsprintf                            0x08003fc0   Section        0  printfa.o(i.__0vsprintf)
    i.__NVIC_GetPriorityGrouping             0x08003fe4   Section        0  stm32l4xx_hal_cortex.o(i.__NVIC_GetPriorityGrouping)
    __NVIC_GetPriorityGrouping               0x08003fe5   Thumb Code    10  stm32l4xx_hal_cortex.o(i.__NVIC_GetPriorityGrouping)
    i.__NVIC_SetPriority                     0x08003ff4   Section        0  stm32l4xx_hal_cortex.o(i.__NVIC_SetPriority)
    __NVIC_SetPriority                       0x08003ff5   Thumb Code    32  stm32l4xx_hal_cortex.o(i.__NVIC_SetPriority)
    i.__scatterload_copy                     0x0800401c   Section       14  handlers.o(i.__scatterload_copy)
    i.__scatterload_null                     0x0800402a   Section        2  handlers.o(i.__scatterload_null)
    i.__scatterload_zeroinit                 0x0800402c   Section       14  handlers.o(i.__scatterload_zeroinit)
    i._fp_digits                             0x0800403c   Section        0  printfa.o(i._fp_digits)
    _fp_digits                               0x0800403d   Thumb Code   366  printfa.o(i._fp_digits)
    i._printf_core                           0x080041c8   Section        0  printfa.o(i._printf_core)
    _printf_core                             0x080041c9   Thumb Code  1744  printfa.o(i._printf_core)
    i._printf_post_padding                   0x080048aa   Section        0  printfa.o(i._printf_post_padding)
    _printf_post_padding                     0x080048ab   Thumb Code    36  printfa.o(i._printf_post_padding)
    i._printf_pre_padding                    0x080048ce   Section        0  printfa.o(i._printf_pre_padding)
    _printf_pre_padding                      0x080048cf   Thumb Code    46  printfa.o(i._printf_pre_padding)
    i._sputc                                 0x080048fc   Section        0  printfa.o(i._sputc)
    _sputc                                   0x080048fd   Thumb Code    10  printfa.o(i._sputc)
    i.byteReverse                            0x08004906   Section        0  stpm32.o(i.byteReverse)
    byteReverse                              0x08004907   Thumb Code    44  stpm32.o(i.byteReverse)
    i.defaultIDLE                            0x08004932   Section        0  freertos.o(i.defaultIDLE)
    i.main                                   0x0800493c   Section        0  main.o(i.main)
    i.makeFreeRtosPriority                   0x080049f0   Section        0  cmsis_os.o(i.makeFreeRtosPriority)
    makeFreeRtosPriority                     0x080049f1   Thumb Code    14  cmsis_os.o(i.makeFreeRtosPriority)
    i.myprintf                               0x08004a00   Section        0  usart.o(i.myprintf)
    i.osDelay                                0x08004a38   Section        0  cmsis_os.o(i.osDelay)
    i.osKernelStart                          0x08004a50   Section        0  cmsis_os.o(i.osKernelStart)
    i.osSemaphoreCreate                      0x08004a5a   Section        0  cmsis_os.o(i.osSemaphoreCreate)
    i.osThreadCreate                         0x08004aa4   Section        0  cmsis_os.o(i.osThreadCreate)
    i.prvAddCurrentTaskToDelayedList         0x08004b04   Section        0  tasks.o(i.prvAddCurrentTaskToDelayedList)
    prvAddCurrentTaskToDelayedList           0x08004b05   Thumb Code   124  tasks.o(i.prvAddCurrentTaskToDelayedList)
    i.prvAddNewTaskToReadyList               0x08004b9c   Section        0  tasks.o(i.prvAddNewTaskToReadyList)
    prvAddNewTaskToReadyList                 0x08004b9d   Thumb Code   150  tasks.o(i.prvAddNewTaskToReadyList)
    i.prvCheckTasksWaitingTermination        0x08004c50   Section        0  tasks.o(i.prvCheckTasksWaitingTermination)
    prvCheckTasksWaitingTermination          0x08004c51   Thumb Code    60  tasks.o(i.prvCheckTasksWaitingTermination)
    i.prvCopyDataToQueue                     0x08004c98   Section        0  queue.o(i.prvCopyDataToQueue)
    prvCopyDataToQueue                       0x08004c99   Thumb Code   126  queue.o(i.prvCopyDataToQueue)
    i.prvDeleteTCB                           0x08004d16   Section        0  tasks.o(i.prvDeleteTCB)
    prvDeleteTCB                             0x08004d17   Thumb Code    80  tasks.o(i.prvDeleteTCB)
    i.prvHeapInit                            0x08004d68   Section        0  heap_4.o(i.prvHeapInit)
    prvHeapInit                              0x08004d69   Thumb Code    98  heap_4.o(i.prvHeapInit)
    i.prvIdleTask                            0x08004de4   Section        0  tasks.o(i.prvIdleTask)
    prvIdleTask                              0x08004de5   Thumb Code    32  tasks.o(i.prvIdleTask)
    i.prvInitialiseNewQueue                  0x08004e0c   Section        0  queue.o(i.prvInitialiseNewQueue)
    prvInitialiseNewQueue                    0x08004e0d   Thumb Code    38  queue.o(i.prvInitialiseNewQueue)
    i.prvInitialiseNewTask                   0x08004e32   Section        0  tasks.o(i.prvInitialiseNewTask)
    prvInitialiseNewTask                     0x08004e33   Thumb Code   180  tasks.o(i.prvInitialiseNewTask)
    i.prvInitialiseTaskLists                 0x08004eec   Section        0  tasks.o(i.prvInitialiseTaskLists)
    prvInitialiseTaskLists                   0x08004eed   Thumb Code    70  tasks.o(i.prvInitialiseTaskLists)
    i.prvInsertBlockIntoFreeList             0x08004f54   Section        0  heap_4.o(i.prvInsertBlockIntoFreeList)
    prvInsertBlockIntoFreeList               0x08004f55   Thumb Code    96  heap_4.o(i.prvInsertBlockIntoFreeList)
    i.prvIsQueueFull                         0x08004fbc   Section        0  queue.o(i.prvIsQueueFull)
    prvIsQueueFull                           0x08004fbd   Thumb Code    30  queue.o(i.prvIsQueueFull)
    i.prvResetNextTaskUnblockTime            0x08004fdc   Section        0  tasks.o(i.prvResetNextTaskUnblockTime)
    prvResetNextTaskUnblockTime              0x08004fdd   Thumb Code    42  tasks.o(i.prvResetNextTaskUnblockTime)
    i.prvTaskExitError                       0x08005010   Section        0  port.o(i.prvTaskExitError)
    prvTaskExitError                         0x08005011   Thumb Code    60  port.o(i.prvTaskExitError)
    i.prvUnlockQueue                         0x08005050   Section        0  queue.o(i.prvUnlockQueue)
    prvUnlockQueue                           0x08005051   Thumb Code   126  queue.o(i.prvUnlockQueue)
    i.pvPortMalloc                           0x080050d0   Section        0  heap_4.o(i.pvPortMalloc)
    i.pxPortInitialiseStack                  0x0800520c   Section        0  port.o(i.pxPortInitialiseStack)
    i.uint8_cpy                              0x08005238   Section        0  freertos.o(i.uint8_cpy)
    i.uxListRemove                           0x0800524c   Section        0  list.o(i.uxListRemove)
    i.uxTaskPriorityGet                      0x08005274   Section        0  tasks.o(i.uxTaskPriorityGet)
    i.vApplicationGetIdleTaskMemory          0x08005298   Section        0  freertos.o(i.vApplicationGetIdleTaskMemory)
    i.vListInitialise                        0x080052b0   Section        0  list.o(i.vListInitialise)
    i.vListInitialiseItem                    0x080052ca   Section        0  list.o(i.vListInitialiseItem)
    i.vListInsert                            0x080052d0   Section        0  list.o(i.vListInsert)
    i.vListInsertEnd                         0x08005304   Section        0  list.o(i.vListInsertEnd)
    i.vPortEnterCritical                     0x0800531c   Section        0  port.o(i.vPortEnterCritical)
    i.vPortExitCritical                      0x08005370   Section        0  port.o(i.vPortExitCritical)
    i.vPortFree                              0x080053ac   Section        0  heap_4.o(i.vPortFree)
    i.vPortSetupTimerInterrupt               0x08005440   Section        0  port.o(i.vPortSetupTimerInterrupt)
    i.vTaskDelay                             0x08005468   Section        0  tasks.o(i.vTaskDelay)
    i.vTaskInternalSetTimeOutState           0x080054c4   Section        0  tasks.o(i.vTaskInternalSetTimeOutState)
    i.vTaskMissedYield                       0x080054dc   Section        0  tasks.o(i.vTaskMissedYield)
    i.vTaskPlaceOnEventList                  0x080054e8   Section        0  tasks.o(i.vTaskPlaceOnEventList)
    i.vTaskStartScheduler                    0x08005520   Section        0  tasks.o(i.vTaskStartScheduler)
    i.vTaskSuspendAll                        0x080055d0   Section        0  tasks.o(i.vTaskSuspendAll)
    i.vTaskSwitchContext                     0x080055e0   Section        0  tasks.o(i.vTaskSwitchContext)
    i.xPortStartScheduler                    0x0800566c   Section        0  port.o(i.xPortStartScheduler)
    i.xQueueGenericCreate                    0x080057d4   Section        0  queue.o(i.xQueueGenericCreate)
    i.xQueueGenericCreateStatic              0x08005834   Section        0  queue.o(i.xQueueGenericCreateStatic)
    i.xQueueGenericReset                     0x08005914   Section        0  queue.o(i.xQueueGenericReset)
    i.xQueueGenericSend                      0x080059ac   Section        0  queue.o(i.xQueueGenericSend)
    i.xTaskCheckForTimeOut                   0x08005b54   Section        0  tasks.o(i.xTaskCheckForTimeOut)
    i.xTaskCreate                            0x08005be0   Section        0  tasks.o(i.xTaskCreate)
    i.xTaskCreateStatic                      0x08005c4a   Section        0  tasks.o(i.xTaskCreateStatic)
    i.xTaskGetSchedulerState                 0x08005d0c   Section        0  tasks.o(i.xTaskGetSchedulerState)
    i.xTaskIncrementTick                     0x08005d2c   Section        0  tasks.o(i.xTaskIncrementTick)
    i.xTaskPriorityDisinherit                0x08005e74   Section        0  tasks.o(i.xTaskPriorityDisinherit)
    i.xTaskRemoveFromEventList               0x08005f3c   Section        0  tasks.o(i.xTaskRemoveFromEventList)
    i.xTaskResumeAll                         0x08005fd4   Section        0  tasks.o(i.xTaskResumeAll)
    .constdata                               0x080060d8   Section      140  freertos.o(.constdata)
    .constdata                               0x08006164   Section       72  system_stm32l4xx.o(.constdata)
    .conststring                             0x080061ac   Section       44  freertos.o(.conststring)
    .data                                    0x20000000   Section       37  stpm32.o(.data)
    UART1_Buffer                             0x20000000   Data           2  stpm32.o(.data)
    USART1_RxFlag                            0x20000004   Data           4  stpm32.o(.data)
    USART1_TxFlag                            0x20000008   Data           4  stpm32.o(.data)
    USART3_RxFlag                            0x2000000c   Data           4  stpm32.o(.data)
    USART3_TxFlag                            0x20000010   Data           4  stpm32.o(.data)
    SPI1_RxFlag                              0x20000014   Data           4  stpm32.o(.data)
    SPI1_TxFlag                              0x20000018   Data           4  stpm32.o(.data)
    SPI2_RxFlag                              0x2000001c   Data           4  stpm32.o(.data)
    SPI2_TxFlag                              0x20000020   Data           4  stpm32.o(.data)
    CRC_u8Checksum                           0x20000024   Data           1  stpm32.o(.data)
    .data                                    0x20000028   Section      152  freertos.o(.data)
    UART1_Buffer                             0x20000028   Data           2  freertos.o(.data)
    USART1_RxFlag                            0x2000002c   Data           4  freertos.o(.data)
    USART1_TxFlag                            0x20000030   Data           4  freertos.o(.data)
    USART3_RxFlag                            0x20000034   Data           4  freertos.o(.data)
    USART3_TxFlag                            0x20000038   Data           4  freertos.o(.data)
    SPI1_RxFlag                              0x2000003c   Data           4  freertos.o(.data)
    SPI1_TxFlag                              0x20000040   Data           4  freertos.o(.data)
    SPI2_RxFlag                              0x20000044   Data           4  freertos.o(.data)
    SPI2_TxFlag                              0x20000048   Data           4  freertos.o(.data)
    .data                                    0x200000c0   Section       12  stm32l4xx_hal.o(.data)
    .data                                    0x200000cc   Section        4  system_stm32l4xx.o(.data)
    .data                                    0x200000d0   Section       60  tasks.o(.data)
    pxDelayedTaskList                        0x200000d4   Data           4  tasks.o(.data)
    pxOverflowDelayedTaskList                0x200000d8   Data           4  tasks.o(.data)
    uxDeletedTasksWaitingCleanUp             0x200000dc   Data           4  tasks.o(.data)
    uxCurrentNumberOfTasks                   0x200000e0   Data           4  tasks.o(.data)
    xTickCount                               0x200000e4   Data           4  tasks.o(.data)
    uxTopReadyPriority                       0x200000e8   Data           4  tasks.o(.data)
    xSchedulerRunning                        0x200000ec   Data           4  tasks.o(.data)
    uxPendedTicks                            0x200000f0   Data           4  tasks.o(.data)
    xYieldPending                            0x200000f4   Data           4  tasks.o(.data)
    xNumOfOverflows                          0x200000f8   Data           4  tasks.o(.data)
    uxTaskNumber                             0x200000fc   Data           4  tasks.o(.data)
    xNextTaskUnblockTime                     0x20000100   Data           4  tasks.o(.data)
    xIdleTaskHandle                          0x20000104   Data           4  tasks.o(.data)
    uxSchedulerSuspended                     0x20000108   Data           4  tasks.o(.data)
    .data                                    0x2000010c   Section       24  heap_4.o(.data)
    xStart                                   0x2000010c   Data           8  heap_4.o(.data)
    pxEnd                                    0x20000114   Data           4  heap_4.o(.data)
    xFreeBytesRemaining                      0x20000118   Data           4  heap_4.o(.data)
    xMinimumEverFreeBytesRemaining           0x2000011c   Data           4  heap_4.o(.data)
    xBlockAllocatedBit                       0x20000120   Data           4  heap_4.o(.data)
    .data                                    0x20000124   Section       12  port.o(.data)
    uxCriticalNesting                        0x20000124   Data           4  port.o(.data)
    ucMaxSysCallPriority                     0x20000128   Data           1  port.o(.data)
    ulMaxPRIGROUPValue                       0x2000012c   Data           4  port.o(.data)
    .bss                                     0x20000130   Section      596  freertos.o(.bss)
    xIdleTaskTCBBuffer                       0x20000130   Data          84  freertos.o(.bss)
    xIdleStack                               0x20000184   Data         512  freertos.o(.bss)
    .bss                                     0x20000384   Section      200  spi.o(.bss)
    .bss                                     0x2000044c   Section      768  usart.o(.bss)
    .bss                                     0x2000074c   Section      628  usb.o(.bss)
    .bss                                     0x200009c0   Section       64  stm32l4xx_hal_timebase_tim.o(.bss)
    .bss                                     0x20000a00   Section      240  tasks.o(.bss)
    pxReadyTasksLists                        0x20000a00   Data         140  tasks.o(.bss)
    xDelayedTaskList1                        0x20000a8c   Data          20  tasks.o(.bss)
    xDelayedTaskList2                        0x20000aa0   Data          20  tasks.o(.bss)
    xPendingReadyList                        0x20000ab4   Data          20  tasks.o(.bss)
    xTasksWaitingTermination                 0x20000ac8   Data          20  tasks.o(.bss)
    xSuspendedTaskList                       0x20000adc   Data          20  tasks.o(.bss)
    .bss                                     0x20000af0   Section    30000  heap_4.o(.bss)
    ucHeap                                   0x20000af0   Data       30000  heap_4.o(.bss)
    STACK                                    0x20008020   Section     1024  startup_stm32l433xx.o(STACK)

    Global Symbols

    Symbol Name                              Value     Ov Type        Size  Object(Section)

    BuildAttributes$$THM_ISAv4$E$P$D$K$B$S$7EM$VFPi3$EXTD16$VFPS$VFMA$PE$A:L22UL41UL21$X:L11$S22US41US21$IEEE1$IW$USESV6$~STKCKD$USESV7$~SHL$OSPACE$ROPI$EBA8$MICROLIB$REQ8$PRES8$EABIv2 0x00000000   Number         0  anon$$obj.o ABSOLUTE
    __ARM_use_no_argv                        0x00000000   Number         0  main.o ABSOLUTE
    __cpp_initialize__aeabi_                  - Undefined Weak Reference
    __cxa_finalize                            - Undefined Weak Reference
    _clock_init                               - Undefined Weak Reference
    _microlib_exit                            - Undefined Weak Reference
    __Vectors_Size                           0x0000018c   Number         0  startup_stm32l433xx.o ABSOLUTE
    __Vectors                                0x08000000   Data           4  startup_stm32l433xx.o(RESET)
    __Vectors_End                            0x0800018c   Data           0  startup_stm32l433xx.o(RESET)
    __main                                   0x0800018d   Thumb Code     0  entry.o(.ARM.Collect$$$$00000000)
    _main_stk                                0x0800018d   Thumb Code     0  entry2.o(.ARM.Collect$$$$00000001)
    _main_scatterload                        0x08000191   Thumb Code     0  entry5.o(.ARM.Collect$$$$00000004)
    __main_after_scatterload                 0x08000195   Thumb Code     0  entry5.o(.ARM.Collect$$$$00000004)
    _main_clock                              0x08000195   Thumb Code     0  entry7b.o(.ARM.Collect$$$$00000008)
    _main_cpp_init                           0x08000195   Thumb Code     0  entry8b.o(.ARM.Collect$$$$0000000A)
    _main_init                               0x08000195   Thumb Code     0  entry9a.o(.ARM.Collect$$$$0000000B)
    __rt_final_cpp                           0x0800019d   Thumb Code     0  entry10a.o(.ARM.Collect$$$$0000000D)
    __rt_final_exit                          0x0800019d   Thumb Code     0  entry11a.o(.ARM.Collect$$$$0000000F)
    SVC_Handler                              0x080001a1   Thumb Code    28  port.o(.emb_text)
    __asm___6_port_c_39a90d8d__prvStartFirstTask 0x080001c1   Thumb Code    36  port.o(.emb_text)
    __asm___6_port_c_39a90d8d__prvEnableVFP  0x080001e9   Thumb Code    16  port.o(.emb_text)
    PendSV_Handler                           0x080001fd   Thumb Code    88  port.o(.emb_text)
    vPortGetIPSR                             0x08000259   Thumb Code     6  port.o(.emb_text)
    Reset_Handler                            0x08000281   Thumb Code     8  startup_stm32l433xx.o(.text)
    ADC1_IRQHandler                          0x0800029b   Thumb Code     0  startup_stm32l433xx.o(.text)
    CAN1_RX0_IRQHandler                      0x0800029b   Thumb Code     0  startup_stm32l433xx.o(.text)
    CAN1_RX1_IRQHandler                      0x0800029b   Thumb Code     0  startup_stm32l433xx.o(.text)
    CAN1_SCE_IRQHandler                      0x0800029b   Thumb Code     0  startup_stm32l433xx.o(.text)
    CAN1_TX_IRQHandler                       0x0800029b   Thumb Code     0  startup_stm32l433xx.o(.text)
    COMP_IRQHandler                          0x0800029b   Thumb Code     0  startup_stm32l433xx.o(.text)
    CRS_IRQHandler                           0x0800029b   Thumb Code     0  startup_stm32l433xx.o(.text)
    DMA1_Channel1_IRQHandler                 0x0800029b   Thumb Code     0  startup_stm32l433xx.o(.text)
    DMA1_Channel2_IRQHandler                 0x0800029b   Thumb Code     0  startup_stm32l433xx.o(.text)
    DMA1_Channel3_IRQHandler                 0x0800029b   Thumb Code     0  startup_stm32l433xx.o(.text)
    DMA1_Channel4_IRQHandler                 0x0800029b   Thumb Code     0  startup_stm32l433xx.o(.text)
    DMA1_Channel5_IRQHandler                 0x0800029b   Thumb Code     0  startup_stm32l433xx.o(.text)
    DMA1_Channel6_IRQHandler                 0x0800029b   Thumb Code     0  startup_stm32l433xx.o(.text)
    DMA1_Channel7_IRQHandler                 0x0800029b   Thumb Code     0  startup_stm32l433xx.o(.text)
    DMA2_Channel1_IRQHandler                 0x0800029b   Thumb Code     0  startup_stm32l433xx.o(.text)
    DMA2_Channel2_IRQHandler                 0x0800029b   Thumb Code     0  startup_stm32l433xx.o(.text)
    DMA2_Channel3_IRQHandler                 0x0800029b   Thumb Code     0  startup_stm32l433xx.o(.text)
    DMA2_Channel4_IRQHandler                 0x0800029b   Thumb Code     0  startup_stm32l433xx.o(.text)
    DMA2_Channel5_IRQHandler                 0x0800029b   Thumb Code     0  startup_stm32l433xx.o(.text)
    DMA2_Channel6_IRQHandler                 0x0800029b   Thumb Code     0  startup_stm32l433xx.o(.text)
    DMA2_Channel7_IRQHandler                 0x0800029b   Thumb Code     0  startup_stm32l433xx.o(.text)
    EXTI0_IRQHandler                         0x0800029b   Thumb Code     0  startup_stm32l433xx.o(.text)
    EXTI15_10_IRQHandler                     0x0800029b   Thumb Code     0  startup_stm32l433xx.o(.text)
    EXTI1_IRQHandler                         0x0800029b   Thumb Code     0  startup_stm32l433xx.o(.text)
    EXTI2_IRQHandler                         0x0800029b   Thumb Code     0  startup_stm32l433xx.o(.text)
    EXTI3_IRQHandler                         0x0800029b   Thumb Code     0  startup_stm32l433xx.o(.text)
    EXTI4_IRQHandler                         0x0800029b   Thumb Code     0  startup_stm32l433xx.o(.text)
    EXTI9_5_IRQHandler                       0x0800029b   Thumb Code     0  startup_stm32l433xx.o(.text)
    FLASH_IRQHandler                         0x0800029b   Thumb Code     0  startup_stm32l433xx.o(.text)
    FPU_IRQHandler                           0x0800029b   Thumb Code     0  startup_stm32l433xx.o(.text)
    I2C1_ER_IRQHandler                       0x0800029b   Thumb Code     0  startup_stm32l433xx.o(.text)
    I2C1_EV_IRQHandler                       0x0800029b   Thumb Code     0  startup_stm32l433xx.o(.text)
    I2C2_ER_IRQHandler                       0x0800029b   Thumb Code     0  startup_stm32l433xx.o(.text)
    I2C2_EV_IRQHandler                       0x0800029b   Thumb Code     0  startup_stm32l433xx.o(.text)
    I2C3_ER_IRQHandler                       0x0800029b   Thumb Code     0  startup_stm32l433xx.o(.text)
    I2C3_EV_IRQHandler                       0x0800029b   Thumb Code     0  startup_stm32l433xx.o(.text)
    LCD_IRQHandler                           0x0800029b   Thumb Code     0  startup_stm32l433xx.o(.text)
    LPTIM1_IRQHandler                        0x0800029b   Thumb Code     0  startup_stm32l433xx.o(.text)
    LPTIM2_IRQHandler                        0x0800029b   Thumb Code     0  startup_stm32l433xx.o(.text)
    LPUART1_IRQHandler                       0x0800029b   Thumb Code     0  startup_stm32l433xx.o(.text)
    PVD_PVM_IRQHandler                       0x0800029b   Thumb Code     0  startup_stm32l433xx.o(.text)
    QUADSPI_IRQHandler                       0x0800029b   Thumb Code     0  startup_stm32l433xx.o(.text)
    RCC_IRQHandler                           0x0800029b   Thumb Code     0  startup_stm32l433xx.o(.text)
    RNG_IRQHandler                           0x0800029b   Thumb Code     0  startup_stm32l433xx.o(.text)
    RTC_Alarm_IRQHandler                     0x0800029b   Thumb Code     0  startup_stm32l433xx.o(.text)
    RTC_WKUP_IRQHandler                      0x0800029b   Thumb Code     0  startup_stm32l433xx.o(.text)
    SAI1_IRQHandler                          0x0800029b   Thumb Code     0  startup_stm32l433xx.o(.text)
    SDMMC1_IRQHandler                        0x0800029b   Thumb Code     0  startup_stm32l433xx.o(.text)
    SPI1_IRQHandler                          0x0800029b   Thumb Code     0  startup_stm32l433xx.o(.text)
    SPI2_IRQHandler                          0x0800029b   Thumb Code     0  startup_stm32l433xx.o(.text)
    SPI3_IRQHandler                          0x0800029b   Thumb Code     0  startup_stm32l433xx.o(.text)
    SWPMI1_IRQHandler                        0x0800029b   Thumb Code     0  startup_stm32l433xx.o(.text)
    TAMP_STAMP_IRQHandler                    0x0800029b   Thumb Code     0  startup_stm32l433xx.o(.text)
    TIM1_BRK_TIM15_IRQHandler                0x0800029b   Thumb Code     0  startup_stm32l433xx.o(.text)
    TIM1_CC_IRQHandler                       0x0800029b   Thumb Code     0  startup_stm32l433xx.o(.text)
    TIM1_TRG_COM_IRQHandler                  0x0800029b   Thumb Code     0  startup_stm32l433xx.o(.text)
    TIM2_IRQHandler                          0x0800029b   Thumb Code     0  startup_stm32l433xx.o(.text)
    TIM6_DAC_IRQHandler                      0x0800029b   Thumb Code     0  startup_stm32l433xx.o(.text)
    TIM7_IRQHandler                          0x0800029b   Thumb Code     0  startup_stm32l433xx.o(.text)
    TSC_IRQHandler                           0x0800029b   Thumb Code     0  startup_stm32l433xx.o(.text)
    USART2_IRQHandler                        0x0800029b   Thumb Code     0  startup_stm32l433xx.o(.text)
    USB_IRQHandler                           0x0800029b   Thumb Code     0  startup_stm32l433xx.o(.text)
    WWDG_IRQHandler                          0x0800029b   Thumb Code     0  startup_stm32l433xx.o(.text)
    __aeabi_uldivmod                         0x080002a5   Thumb Code    98  uldiv.o(.text)
    __aeabi_memcpy                           0x0800030d   Thumb Code    36  memcpya.o(.text)
    __aeabi_memcpy4                          0x0800030d   Thumb Code     0  memcpya.o(.text)
    __aeabi_memcpy8                          0x0800030d   Thumb Code     0  memcpya.o(.text)
    __aeabi_memset                           0x08000331   Thumb Code    14  memseta.o(.text)
    __aeabi_memset4                          0x08000331   Thumb Code     0  memseta.o(.text)
    __aeabi_memset8                          0x08000331   Thumb Code     0  memseta.o(.text)
    __aeabi_memclr                           0x0800033f   Thumb Code     4  memseta.o(.text)
    __aeabi_memclr4                          0x0800033f   Thumb Code     0  memseta.o(.text)
    __aeabi_memclr8                          0x0800033f   Thumb Code     0  memseta.o(.text)
    memset                                   0x08000343   Thumb Code    18  memseta.o(.text)
    strlen                                   0x08000355   Thumb Code    14  strlen.o(.text)
    __aeabi_uidiv                            0x08000363   Thumb Code     0  uidiv.o(.text)
    __aeabi_uidivmod                         0x08000363   Thumb Code    44  uidiv.o(.text)
    __aeabi_llsl                             0x0800038f   Thumb Code    30  llshl.o(.text)
    _ll_shift_l                              0x0800038f   Thumb Code     0  llshl.o(.text)
    __aeabi_llsr                             0x080003ad   Thumb Code    32  llushr.o(.text)
    _ll_ushift_r                             0x080003ad   Thumb Code     0  llushr.o(.text)
    __I$use$fp                               0x080003cd   Thumb Code     0  iusefp.o(.text)
    __aeabi_dadd                             0x080003cd   Thumb Code   322  dadd.o(.text)
    __aeabi_dsub                             0x0800050f   Thumb Code     6  dadd.o(.text)
    __aeabi_drsub                            0x08000515   Thumb Code     6  dadd.o(.text)
    __aeabi_dmul                             0x0800052b   Thumb Code   228  dmul.o(.text)
    __aeabi_ddiv                             0x08000615   Thumb Code   222  ddiv.o(.text)
    __aeabi_d2ulz                            0x080006f3   Thumb Code    48  dfixul.o(.text)
    __aeabi_cdrcmple                         0x08000725   Thumb Code    48  cdrcmple.o(.text)
    __scatterload                            0x08000755   Thumb Code    28  init.o(.text)
    __scatterload_rt2                        0x08000755   Thumb Code     0  init.o(.text)
    __aeabi_lasr                             0x08000779   Thumb Code    36  llsshr.o(.text)
    _ll_sshift_r                             0x08000779   Thumb Code     0  llsshr.o(.text)
    _double_round                            0x0800079d   Thumb Code    30  depilogue.o(.text)
    _double_epilogue                         0x080007bb   Thumb Code   156  depilogue.o(.text)
    __decompress                             0x08000857   Thumb Code     0  __dczerorl.o(.text)
    __decompress0                            0x08000857   Thumb Code    58  __dczerorl.o(.text)
    BusFault_Handler                         0x08000891   Thumb Code     4  stm32l4xx_it.o(i.BusFault_Handler)
    DebugMon_Handler                         0x080008f9   Thumb Code     2  stm32l4xx_it.o(i.DebugMon_Handler)
    Error_Handler                            0x080008fb   Thumb Code     2  main.o(i.Error_Handler)
    HAL_DMA_Abort_IT                         0x080008fd   Thumb Code    92  stm32l4xx_hal_dma.o(i.HAL_DMA_Abort_IT)
    HAL_Delay                                0x08000959   Thumb Code    36  stm32l4xx_hal.o(i.HAL_Delay)
    HAL_GPIO_Init                            0x08000981   Thumb Code   428  stm32l4xx_hal_gpio.o(i.HAL_GPIO_Init)
    HAL_GPIO_WritePin                        0x08000b49   Thumb Code    10  stm32l4xx_hal_gpio.o(i.HAL_GPIO_WritePin)
    HAL_GetTick                              0x08000b55   Thumb Code     6  stm32l4xx_hal.o(i.HAL_GetTick)
    HAL_IncTick                              0x08000b61   Thumb Code    16  stm32l4xx_hal.o(i.HAL_IncTick)
    HAL_Init                                 0x08000b79   Thumb Code    30  stm32l4xx_hal.o(i.HAL_Init)
    HAL_InitTick                             0x08000b99   Thumb Code   118  stm32l4xx_hal_timebase_tim.o(i.HAL_InitTick)
    HAL_MspInit                              0x08000c21   Thumb Code    68  stm32l4xx_hal_msp.o(i.HAL_MspInit)
    HAL_NVIC_EnableIRQ                       0x08000c69   Thumb Code    32  stm32l4xx_hal_cortex.o(i.HAL_NVIC_EnableIRQ)
    HAL_NVIC_SetPriority                     0x08000c89   Thumb Code   124  stm32l4xx_hal_cortex.o(i.HAL_NVIC_SetPriority)
    HAL_NVIC_SetPriorityGrouping             0x08000d0d   Thumb Code    32  stm32l4xx_hal_cortex.o(i.HAL_NVIC_SetPriorityGrouping)
    HAL_PCDEx_ActivateLPM                    0x08000d35   Thumb Code    40  stm32l4xx_hal_pcd_ex.o(i.HAL_PCDEx_ActivateLPM)
    HAL_PCD_Init                             0x08000d5d   Thumb Code   314  stm32l4xx_hal_pcd.o(i.HAL_PCD_Init)
    HAL_PCD_MspInit                          0x08000e99   Thumb Code    40  usb.o(i.HAL_PCD_MspInit)
    HAL_PWREx_ControlVoltageScaling          0x08000ec9   Thumb Code   128  stm32l4xx_hal_pwr_ex.o(i.HAL_PWREx_ControlVoltageScaling)
    HAL_PWREx_GetVoltageRange                0x08000f55   Thumb Code    10  stm32l4xx_hal_pwr_ex.o(i.HAL_PWREx_GetVoltageRange)
    HAL_PWR_EnableBkUpAccess                 0x08000f65   Thumb Code    14  stm32l4xx_hal_pwr.o(i.HAL_PWR_EnableBkUpAccess)
    HAL_RCCEx_EnableMSIPLLMode               0x08000f79   Thumb Code    14  stm32l4xx_hal_rcc_ex.o(i.HAL_RCCEx_EnableMSIPLLMode)
    HAL_RCCEx_PeriphCLKConfig                0x08000f8d   Thumb Code   970  stm32l4xx_hal_rcc_ex.o(i.HAL_RCCEx_PeriphCLKConfig)
    HAL_RCC_ClockConfig                      0x08001361   Thumb Code   360  stm32l4xx_hal_rcc.o(i.HAL_RCC_ClockConfig)
    HAL_RCC_GetClockConfig                   0x080014dd   Thumb Code    58  stm32l4xx_hal_rcc.o(i.HAL_RCC_GetClockConfig)
    HAL_RCC_GetHCLKFreq                      0x08001521   Thumb Code     6  stm32l4xx_hal_rcc.o(i.HAL_RCC_GetHCLKFreq)
    HAL_RCC_GetPCLK1Freq                     0x0800152d   Thumb Code    26  stm32l4xx_hal_rcc.o(i.HAL_RCC_GetPCLK1Freq)
    HAL_RCC_GetPCLK2Freq                     0x08001551   Thumb Code    26  stm32l4xx_hal_rcc.o(i.HAL_RCC_GetPCLK2Freq)
    HAL_RCC_GetSysClockFreq                  0x08001575   Thumb Code   220  stm32l4xx_hal_rcc.o(i.HAL_RCC_GetSysClockFreq)
    HAL_RCC_OscConfig                        0x08001661   Thumb Code  1878  stm32l4xx_hal_rcc.o(i.HAL_RCC_OscConfig)
    HAL_SPI_Init                             0x08001dc9   Thumb Code   192  stm32l4xx_hal_spi.o(i.HAL_SPI_Init)
    HAL_SPI_MspInit                          0x08001e89   Thumb Code   202  spi.o(i.HAL_SPI_MspInit)
    HAL_TIMEx_Break2Callback                 0x08001f65   Thumb Code     2  stm32l4xx_hal_tim_ex.o(i.HAL_TIMEx_Break2Callback)
    HAL_TIMEx_BreakCallback                  0x08001f67   Thumb Code     2  stm32l4xx_hal_tim_ex.o(i.HAL_TIMEx_BreakCallback)
    HAL_TIMEx_CommutCallback                 0x08001f69   Thumb Code     2  stm32l4xx_hal_tim_ex.o(i.HAL_TIMEx_CommutCallback)
    HAL_TIM_Base_Init                        0x08001f6b   Thumb Code    52  stm32l4xx_hal_tim.o(i.HAL_TIM_Base_Init)
    HAL_TIM_Base_MspInit                     0x08001f9f   Thumb Code     2  stm32l4xx_hal_tim.o(i.HAL_TIM_Base_MspInit)
    HAL_TIM_Base_Start_IT                    0x08001fa1   Thumb Code    50  stm32l4xx_hal_tim.o(i.HAL_TIM_Base_Start_IT)
    HAL_TIM_IC_CaptureCallback               0x08001fd9   Thumb Code     2  stm32l4xx_hal_tim.o(i.HAL_TIM_IC_CaptureCallback)
    HAL_TIM_IRQHandler                       0x08001fdb   Thumb Code   440  stm32l4xx_hal_tim.o(i.HAL_TIM_IRQHandler)
    HAL_TIM_OC_DelayElapsedCallback          0x08002193   Thumb Code     2  stm32l4xx_hal_tim.o(i.HAL_TIM_OC_DelayElapsedCallback)
    HAL_TIM_PWM_PulseFinishedCallback        0x08002195   Thumb Code     2  stm32l4xx_hal_tim.o(i.HAL_TIM_PWM_PulseFinishedCallback)
    HAL_TIM_PeriodElapsedCallback            0x08002199   Thumb Code    18  main.o(i.HAL_TIM_PeriodElapsedCallback)
    HAL_TIM_TriggerCallback                  0x080021b1   Thumb Code     2  stm32l4xx_hal_tim.o(i.HAL_TIM_TriggerCallback)
    HAL_UARTEx_WakeupCallback                0x080021b3   Thumb Code     2  stm32l4xx_hal_uart_ex.o(i.HAL_UARTEx_WakeupCallback)
    HAL_UART_ErrorCallback                   0x080021b5   Thumb Code     2  stm32l4xx_hal_uart.o(i.HAL_UART_ErrorCallback)
    HAL_UART_IRQHandler                      0x080021b9   Thumb Code   430  stm32l4xx_hal_uart.o(i.HAL_UART_IRQHandler)
    HAL_UART_Init                            0x0800236d   Thumb Code   116  stm32l4xx_hal_uart.o(i.HAL_UART_Init)
    HAL_UART_MspInit                         0x080023e1   Thumb Code   238  usart.o(i.HAL_UART_MspInit)
    HAL_UART_Receive_IT                      0x080024e1   Thumb Code   218  stm32l4xx_hal_uart.o(i.HAL_UART_Receive_IT)
    HAL_UART_RxCpltCallback                  0x080025c5   Thumb Code    26  freertos.o(i.HAL_UART_RxCpltCallback)
    HAL_UART_SendBytes                       0x080025f1   Thumb Code    42  usart.o(i.HAL_UART_SendBytes)
    HAL_UART_Transmit                        0x0800261b   Thumb Code   210  stm32l4xx_hal_uart.o(i.HAL_UART_Transmit)
    HAL_UART_TxCpltCallback                  0x080026f5   Thumb Code    26  freertos.o(i.HAL_UART_TxCpltCallback)
    HAL_USART_GET_FLAG                       0x08002721   Thumb Code    18  usart.o(i.HAL_USART_GET_FLAG)
    HardFault_Handler                        0x08002733   Thumb Code     4  stm32l4xx_it.o(i.HardFault_Handler)
    MX_FREERTOS_Init                         0x08002739   Thumb Code   144  freertos.o(i.MX_FREERTOS_Init)
    MX_GPIO_Init                             0x080027e5   Thumb Code   338  gpio.o(i.MX_GPIO_Init)
    MX_SPI1_Init                             0x08002945   Thumb Code    72  spi.o(i.MX_SPI1_Init)
    MX_SPI2_Init                             0x08002995   Thumb Code    68  spi.o(i.MX_SPI2_Init)
    MX_USART1_UART_Init                      0x080029e1   Thumb Code    56  usart.o(i.MX_USART1_UART_Init)
    MX_USART3_UART_Init                      0x08002a21   Thumb Code    56  usart.o(i.MX_USART3_UART_Init)
    MX_USB_PCD_Init                          0x08002a61   Thumb Code    42  usb.o(i.MX_USB_PCD_Init)
    MemManage_Handler                        0x08002a95   Thumb Code     4  stm32l4xx_it.o(i.MemManage_Handler)
    NMI_Handler                              0x08002a99   Thumb Code     2  stm32l4xx_it.o(i.NMI_Handler)
    ReadMsgOnly                              0x08002cc1   Thumb Code   136  stpm32.o(i.ReadMsgOnly)
    STPM32_Init                              0x08002d51   Thumb Code   296  stpm32.o(i.STPM32_Init)
    SendMsgOnly                              0x08002e89   Thumb Code   144  stpm32.o(i.SendMsgOnly)
    StartDefaultTask                         0x08002f21   Thumb Code    10  freertos.o(i.StartDefaultTask)
    StartSPI2                                0x08002f2d   Thumb Code    20  freertos.o(i.StartSPI2)
    StartUSART1                              0x08002f45   Thumb Code   410  freertos.o(i.StartUSART1)
    StartUSART3                              0x08003159   Thumb Code   610  freertos.o(i.StartUSART3)
    SysTick_Handler                          0x080035d9   Thumb Code    46  port.o(i.SysTick_Handler)
    SystemClock_Config                       0x0800360d   Thumb Code   210  main.o(i.SystemClock_Config)
    SystemInit                               0x080036e5   Thumb Code    68  system_stm32l4xx.o(i.SystemInit)
    TIM1_UP_TIM16_IRQHandler                 0x08003735   Thumb Code    10  stm32l4xx_it.o(i.TIM1_UP_TIM16_IRQHandler)
    TIM_Base_SetConfig                       0x08003745   Thumb Code   104  stm32l4xx_hal_tim.o(i.TIM_Base_SetConfig)
    UART_AdvFeatureConfig                    0x080037b9   Thumb Code   248  stm32l4xx_hal_uart.o(i.UART_AdvFeatureConfig)
    UART_CheckIdleState                      0x080038b1   Thumb Code   110  stm32l4xx_hal_uart.o(i.UART_CheckIdleState)
    UART_SetConfig                           0x08003a49   Thumb Code   972  stm32l4xx_hal_uart.o(i.UART_SetConfig)
    UART_WaitOnFlagUntilTimeout              0x08003e3f   Thumb Code   180  stm32l4xx_hal_uart.o(i.UART_WaitOnFlagUntilTimeout)
    USART1_IRQHandler                        0x08003ef5   Thumb Code    10  stm32l4xx_it.o(i.USART1_IRQHandler)
    USART3_IRQHandler                        0x08003f05   Thumb Code    10  stm32l4xx_it.o(i.USART3_IRQHandler)
    USART3_PINSET_RX                         0x08003f15   Thumb Code    26  usart.o(i.USART3_PINSET_RX)
    USART3_PINSET_TX                         0x08003f35   Thumb Code    26  usart.o(i.USART3_PINSET_TX)
    USB_CoreInit                             0x08003f55   Thumb Code     8  stm32l4xx_ll_usb.o(i.USB_CoreInit)
    USB_DevDisconnect                        0x08003f5d   Thumb Code    18  stm32l4xx_ll_usb.o(i.USB_DevDisconnect)
    USB_DevInit                              0x08003f6f   Thumb Code    30  stm32l4xx_ll_usb.o(i.USB_DevInit)
    USB_DisableGlobalInt                     0x08003f8d   Thumb Code    20  stm32l4xx_ll_usb.o(i.USB_DisableGlobalInt)
    USB_EnableGlobalInt                      0x08003fa1   Thumb Code    20  stm32l4xx_ll_usb.o(i.USB_EnableGlobalInt)
    USB_SetCurrentMode                       0x08003fb5   Thumb Code     6  stm32l4xx_ll_usb.o(i.USB_SetCurrentMode)
    UsageFault_Handler                       0x08003fbb   Thumb Code     4  stm32l4xx_it.o(i.UsageFault_Handler)
    __0vsprintf                              0x08003fc1   Thumb Code    30  printfa.o(i.__0vsprintf)
    __1vsprintf                              0x08003fc1   Thumb Code     0  printfa.o(i.__0vsprintf)
    __2vsprintf                              0x08003fc1   Thumb Code     0  printfa.o(i.__0vsprintf)
    __c89vsprintf                            0x08003fc1   Thumb Code     0  printfa.o(i.__0vsprintf)
    vsprintf                                 0x08003fc1   Thumb Code     0  printfa.o(i.__0vsprintf)
    __scatterload_copy                       0x0800401d   Thumb Code    14  handlers.o(i.__scatterload_copy)
    __scatterload_null                       0x0800402b   Thumb Code     2  handlers.o(i.__scatterload_null)
    __scatterload_zeroinit                   0x0800402d   Thumb Code    14  handlers.o(i.__scatterload_zeroinit)
    defaultIDLE                              0x08004933   Thumb Code    10  freertos.o(i.defaultIDLE)
    main                                     0x0800493d   Thumb Code   118  main.o(i.main)
    myprintf                                 0x08004a01   Thumb Code    48  usart.o(i.myprintf)
    osDelay                                  0x08004a39   Thumb Code    24  cmsis_os.o(i.osDelay)
    osKernelStart                            0x08004a51   Thumb Code    10  cmsis_os.o(i.osKernelStart)
    osSemaphoreCreate                        0x08004a5b   Thumb Code    74  cmsis_os.o(i.osSemaphoreCreate)
    osThreadCreate                           0x08004aa5   Thumb Code    94  cmsis_os.o(i.osThreadCreate)
    pvPortMalloc                             0x080050d1   Thumb Code   296  heap_4.o(i.pvPortMalloc)
    pxPortInitialiseStack                    0x0800520d   Thumb Code    38  port.o(i.pxPortInitialiseStack)
    uint8_cpy                                0x08005239   Thumb Code    20  freertos.o(i.uint8_cpy)
    uxListRemove                             0x0800524d   Thumb Code    40  list.o(i.uxListRemove)
    uxTaskPriorityGet                        0x08005275   Thumb Code    30  tasks.o(i.uxTaskPriorityGet)
    vApplicationGetIdleTaskMemory            0x08005299   Thumb Code    14  freertos.o(i.vApplicationGetIdleTaskMemory)
    vListInitialise                          0x080052b1   Thumb Code    26  list.o(i.vListInitialise)
    vListInitialiseItem                      0x080052cb   Thumb Code     6  list.o(i.vListInitialiseItem)
    vListInsert                              0x080052d1   Thumb Code    52  list.o(i.vListInsert)
    vListInsertEnd                           0x08005305   Thumb Code    24  list.o(i.vListInsertEnd)
    vPortEnterCritical                       0x0800531d   Thumb Code    76  port.o(i.vPortEnterCritical)
    vPortExitCritical                        0x08005371   Thumb Code    56  port.o(i.vPortExitCritical)
    vPortFree                                0x080053ad   Thumb Code   140  heap_4.o(i.vPortFree)
    vPortSetupTimerInterrupt                 0x08005441   Thumb Code    36  port.o(i.vPortSetupTimerInterrupt)
    vTaskDelay                               0x08005469   Thumb Code    82  tasks.o(i.vTaskDelay)
    vTaskInternalSetTimeOutState             0x080054c5   Thumb Code    14  tasks.o(i.vTaskInternalSetTimeOutState)
    vTaskMissedYield                         0x080054dd   Thumb Code     8  tasks.o(i.vTaskMissedYield)
    vTaskPlaceOnEventList                    0x080054e9   Thumb Code    52  tasks.o(i.vTaskPlaceOnEventList)
    vTaskStartScheduler                      0x08005521   Thumb Code   146  tasks.o(i.vTaskStartScheduler)
    vTaskSuspendAll                          0x080055d1   Thumb Code    12  tasks.o(i.vTaskSuspendAll)
    vTaskSwitchContext                       0x080055e1   Thumb Code   118  tasks.o(i.vTaskSwitchContext)
    xPortStartScheduler                      0x0800566d   Thumb Code   330  port.o(i.xPortStartScheduler)
    xQueueGenericCreate                      0x080057d5   Thumb Code    96  queue.o(i.xQueueGenericCreate)
    xQueueGenericCreateStatic                0x08005835   Thumb Code   224  queue.o(i.xQueueGenericCreateStatic)
    xQueueGenericReset                       0x08005915   Thumb Code   146  queue.o(i.xQueueGenericReset)
    xQueueGenericSend                        0x080059ad   Thumb Code   420  queue.o(i.xQueueGenericSend)
    xTaskCheckForTimeOut                     0x08005b55   Thumb Code   132  tasks.o(i.xTaskCheckForTimeOut)
    xTaskCreate                              0x08005be1   Thumb Code   100  tasks.o(i.xTaskCreate)
    xTaskCreateStatic                        0x08005c4b   Thumb Code   186  tasks.o(i.xTaskCreateStatic)
    xTaskGetSchedulerState                   0x08005d0d   Thumb Code    24  tasks.o(i.xTaskGetSchedulerState)
    xTaskIncrementTick                       0x08005d2d   Thumb Code   282  tasks.o(i.xTaskIncrementTick)
    xTaskPriorityDisinherit                  0x08005e75   Thumb Code   188  tasks.o(i.xTaskPriorityDisinherit)
    xTaskRemoveFromEventList                 0x08005f3d   Thumb Code   128  tasks.o(i.xTaskRemoveFromEventList)
    xTaskResumeAll                           0x08005fd5   Thumb Code   224  tasks.o(i.xTaskResumeAll)
    AHBPrescTable                            0x08006164   Data          16  system_stm32l4xx.o(.constdata)
    APBPrescTable                            0x08006174   Data           8  system_stm32l4xx.o(.constdata)
    MSIRangeTable                            0x0800617c   Data          48  system_stm32l4xx.o(.constdata)
    Region$$Table$$Base                      0x080061d8   Number         0  anon$$obj.o(Region$$Table)
    Region$$Table$$Limit                     0x080061f8   Number         0  anon$$obj.o(Region$$Table)
    ReadBuffer                               0x2000004c   Data           5  freertos.o(.data)
    RxBuffer                                 0x20000051   Data           5  freertos.o(.data)
    i                                        0x20000056   Data           1  freertos.o(.data)
    CH1_RMS                                  0x20000057   Data           5  freertos.o(.data)
    PH1_Active_Energy                        0x2000005c   Data           5  freertos.o(.data)
    PH1_Fundamental_Energy                   0x20000061   Data           5  freertos.o(.data)
    PH1_Reactive_Energy                      0x20000066   Data           5  freertos.o(.data)
    PH1_Apparent_Energy                      0x2000006b   Data           5  freertos.o(.data)
    PH1_Active_Power                         0x20000070   Data           5  freertos.o(.data)
    PH1_Fundamental_Power                    0x20000075   Data           5  freertos.o(.data)
    PH1_Reactive_Power                       0x2000007a   Data           5  freertos.o(.data)
    PH1_Apparent_RMS_Power                   0x2000007f   Data           5  freertos.o(.data)
    Total_Active_Energy                      0x20000084   Data           5  freertos.o(.data)
    Total_Fundamental_Energy                 0x20000089   Data           5  freertos.o(.data)
    Total_Reactive_Energy                    0x2000008e   Data           5  freertos.o(.data)
    Total_Apparent_Energy                    0x20000093   Data           5  freertos.o(.data)
    USART1_Priority                          0x20000098   Data           4  freertos.o(.data)
    USART3_Priority                          0x2000009c   Data           4  freertos.o(.data)
    SPI1_Priority                            0x200000a0   Data           4  freertos.o(.data)
    SPI2_Priority                            0x200000a4   Data           4  freertos.o(.data)
    defaultTaskHandle                        0x200000a8   Data           4  freertos.o(.data)
    IDLEHandle                               0x200000ac   Data           4  freertos.o(.data)
    USART1Handle                             0x200000b0   Data           4  freertos.o(.data)
    USART3Handle                             0x200000b4   Data           4  freertos.o(.data)
    SPI2Handle                               0x200000b8   Data           4  freertos.o(.data)
    myBinarySem01Handle                      0x200000bc   Data           4  freertos.o(.data)
    uwTick                                   0x200000c0   Data           4  stm32l4xx_hal.o(.data)
    uwTickPrio                               0x200000c4   Data           4  stm32l4xx_hal.o(.data)
    uwTickFreq                               0x200000c8   Data           4  stm32l4xx_hal.o(.data)
    SystemCoreClock                          0x200000cc   Data           4  system_stm32l4xx.o(.data)
    pxCurrentTCB                             0x200000d0   Data           4  tasks.o(.data)
    hspi1                                    0x20000384   Data         100  spi.o(.bss)
    hspi2                                    0x200003e8   Data         100  spi.o(.bss)
    huart1                                   0x2000044c   Data         128  usart.o(.bss)
    huart3                                   0x200004cc   Data         128  usart.o(.bss)
    string                                   0x2000054c   Data         512  usart.o(.bss)
    hpcd_USB_FS                              0x2000074c   Data         628  usb.o(.bss)
    htim1                                    0x200009c0   Data          64  stm32l4xx_hal_timebase_tim.o(.bss)
    __initial_sp                             0x20008420   Data           0  startup_stm32l433xx.o(STACK)



==============================================================================

Memory Map of the image

  Image Entry point : 0x0800018d

  Load Region LR_IROM1 (Base: 0x08000000, Size: 0x00006328, Max: 0x00040000, ABSOLUTE, COMPRESSED[0x0000620c])

    Execution Region ER_IROM1 (Exec base: 0x08000000, Load base: 0x08000000, Size: 0x000061f8, Max: 0x00040000, ABSOLUTE)

    Exec Addr    Load Addr    Size         Type   Attr      Idx    E Section Name        Object

    0x08000000   0x08000000   0x0000018c   Data   RO            3    RESET               startup_stm32l433xx.o
    0x0800018c   0x0800018c   0x00000000   Code   RO         6653  * .ARM.Collect$$$$00000000  mc_w.l(entry.o)
    0x0800018c   0x0800018c   0x00000004   Code   RO         6701    .ARM.Collect$$$$00000001  mc_w.l(entry2.o)
    0x08000190   0x08000190   0x00000004   Code   RO         6704    .ARM.Collect$$$$00000004  mc_w.l(entry5.o)
    0x08000194   0x08000194   0x00000000   Code   RO         6706    .ARM.Collect$$$$00000008  mc_w.l(entry7b.o)
    0x08000194   0x08000194   0x00000000   Code   RO         6708    .ARM.Collect$$$$0000000A  mc_w.l(entry8b.o)
    0x08000194   0x08000194   0x00000008   Code   RO         6709    .ARM.Collect$$$$0000000B  mc_w.l(entry9a.o)
    0x0800019c   0x0800019c   0x00000000   Code   RO         6711    .ARM.Collect$$$$0000000D  mc_w.l(entry10a.o)
    0x0800019c   0x0800019c   0x00000000   Code   RO         6713    .ARM.Collect$$$$0000000F  mc_w.l(entry11a.o)
    0x0800019c   0x0800019c   0x00000004   Code   RO         6702    .ARM.Collect$$$$00002712  mc_w.l(entry2.o)
    0x080001a0   0x080001a0   0x000000de   Code   RO         6576    .emb_text           port.o
    0x0800027e   0x0800027e   0x00000002   PAD
    0x08000280   0x08000280   0x00000024   Code   RO            4    .text               startup_stm32l433xx.o
    0x080002a4   0x080002a4   0x00000068   Code   RO         6656    .text               mc_w.l(uldiv.o)
    0x0800030c   0x0800030c   0x00000024   Code   RO         6661    .text               mc_w.l(memcpya.o)
    0x08000330   0x08000330   0x00000024   Code   RO         6665    .text               mc_w.l(memseta.o)
    0x08000354   0x08000354   0x0000000e   Code   RO         6667    .text               mc_w.l(strlen.o)
    0x08000362   0x08000362   0x0000002c   Code   RO         6718    .text               mc_w.l(uidiv.o)
    0x0800038e   0x0800038e   0x0000001e   Code   RO         6720    .text               mc_w.l(llshl.o)
    0x080003ac   0x080003ac   0x00000020   Code   RO         6722    .text               mc_w.l(llushr.o)
    0x080003cc   0x080003cc   0x00000000   Code   RO         6724    .text               mc_w.l(iusefp.o)
    0x080003cc   0x080003cc   0x0000015e   Code   RO         6725    .text               mf_w.l(dadd.o)
    0x0800052a   0x0800052a   0x000000ea   Code   RO         6727    .text               mf_w.l(dmul.o)
    0x08000614   0x08000614   0x000000de   Code   RO         6729    .text               mf_w.l(ddiv.o)
    0x080006f2   0x080006f2   0x00000030   Code   RO         6731    .text               mf_w.l(dfixul.o)
    0x08000722   0x08000722   0x00000002   PAD
    0x08000724   0x08000724   0x00000030   Code   RO         6733    .text               mf_w.l(cdrcmple.o)
    0x08000754   0x08000754   0x00000024   Code   RO         6735    .text               mc_w.l(init.o)
    0x08000778   0x08000778   0x00000024   Code   RO         6738    .text               mc_w.l(llsshr.o)
    0x0800079c   0x0800079c   0x000000ba   Code   RO         6741    .text               mf_w.l(depilogue.o)
    0x08000856   0x08000856   0x0000003a   Code   RO         6751    .text               mc_w.l(__dczerorl.o)
    0x08000890   0x08000890   0x00000004   Code   RO          923    i.BusFault_Handler  stm32l4xx_it.o
    0x08000894   0x08000894   0x00000028   Code   RO          404    i.CalcCRC8          stpm32.o
    0x080008bc   0x080008bc   0x0000003c   Code   RO          405    i.Crc8Calc          stpm32.o
    0x080008f8   0x080008f8   0x00000002   Code   RO          924    i.DebugMon_Handler  stm32l4xx_it.o
    0x080008fa   0x080008fa   0x00000002   Code   RO          535    i.Error_Handler     main.o
    0x080008fc   0x080008fc   0x0000005c   Code   RO         2401    i.HAL_DMA_Abort_IT  stm32l4xx_hal_dma.o
    0x08000958   0x08000958   0x00000028   Code   RO         1073    i.HAL_Delay         stm32l4xx_hal.o
    0x08000980   0x08000980   0x000001c8   Code   RO         2336    i.HAL_GPIO_Init     stm32l4xx_hal_gpio.o
    0x08000b48   0x08000b48   0x0000000a   Code   RO         2340    i.HAL_GPIO_WritePin  stm32l4xx_hal_gpio.o
    0x08000b52   0x08000b52   0x00000002   PAD
    0x08000b54   0x08000b54   0x0000000c   Code   RO         1077    i.HAL_GetTick       stm32l4xx_hal.o
    0x08000b60   0x08000b60   0x00000018   Code   RO         1083    i.HAL_IncTick       stm32l4xx_hal.o
    0x08000b78   0x08000b78   0x0000001e   Code   RO         1084    i.HAL_Init          stm32l4xx_hal.o
    0x08000b96   0x08000b96   0x00000002   PAD
    0x08000b98   0x08000b98   0x00000088   Code   RO         1027    i.HAL_InitTick      stm32l4xx_hal_timebase_tim.o
    0x08000c20   0x08000c20   0x00000048   Code   RO         1001    i.HAL_MspInit       stm32l4xx_hal_msp.o
    0x08000c68   0x08000c68   0x00000020   Code   RO         2853    i.HAL_NVIC_EnableIRQ  stm32l4xx_hal_cortex.o
    0x08000c88   0x08000c88   0x00000082   Code   RO         2859    i.HAL_NVIC_SetPriority  stm32l4xx_hal_cortex.o
    0x08000d0a   0x08000d0a   0x00000002   PAD
    0x08000d0c   0x08000d0c   0x00000028   Code   RO         2860    i.HAL_NVIC_SetPriorityGrouping  stm32l4xx_hal_cortex.o
    0x08000d34   0x08000d34   0x00000028   Code   RO         5044    i.HAL_PCDEx_ActivateLPM  stm32l4xx_hal_pcd_ex.o
    0x08000d5c   0x08000d5c   0x0000013a   Code   RO         4849    i.HAL_PCD_Init      stm32l4xx_hal_pcd.o
    0x08000e96   0x08000e96   0x00000002   PAD
    0x08000e98   0x08000e98   0x00000030   Code   RO          881    i.HAL_PCD_MspInit   usb.o
    0x08000ec8   0x08000ec8   0x0000008c   Code   RO         2627    i.HAL_PWREx_ControlVoltageScaling  stm32l4xx_hal_pwr_ex.o
    0x08000f54   0x08000f54   0x00000010   Code   RO         2654    i.HAL_PWREx_GetVoltageRange  stm32l4xx_hal_pwr_ex.o
    0x08000f64   0x08000f64   0x00000014   Code   RO         2519    i.HAL_PWR_EnableBkUpAccess  stm32l4xx_hal_pwr.o
    0x08000f78   0x08000f78   0x00000014   Code   RO         1933    i.HAL_RCCEx_EnableMSIPLLMode  stm32l4xx_hal_rcc_ex.o
    0x08000f8c   0x08000f8c   0x000003d4   Code   RO         1939    i.HAL_RCCEx_PeriphCLKConfig  stm32l4xx_hal_rcc_ex.o
    0x08001360   0x08001360   0x0000017c   Code   RO         1817    i.HAL_RCC_ClockConfig  stm32l4xx_hal_rcc.o
    0x080014dc   0x080014dc   0x00000044   Code   RO         1820    i.HAL_RCC_GetClockConfig  stm32l4xx_hal_rcc.o
    0x08001520   0x08001520   0x0000000c   Code   RO         1821    i.HAL_RCC_GetHCLKFreq  stm32l4xx_hal_rcc.o
    0x0800152c   0x0800152c   0x00000024   Code   RO         1823    i.HAL_RCC_GetPCLK1Freq  stm32l4xx_hal_rcc.o
    0x08001550   0x08001550   0x00000024   Code   RO         1824    i.HAL_RCC_GetPCLK2Freq  stm32l4xx_hal_rcc.o
    0x08001574   0x08001574   0x000000ec   Code   RO         1825    i.HAL_RCC_GetSysClockFreq  stm32l4xx_hal_rcc.o
    0x08001660   0x08001660   0x00000768   Code   RO         1828    i.HAL_RCC_OscConfig  stm32l4xx_hal_rcc.o
    0x08001dc8   0x08001dc8   0x000000c0   Code   RO         3071    i.HAL_SPI_Init      stm32l4xx_hal_spi.o
    0x08001e88   0x08001e88   0x000000dc   Code   RO          721    i.HAL_SPI_MspInit   spi.o
    0x08001f64   0x08001f64   0x00000002   Code   RO         4109    i.HAL_TIMEx_Break2Callback  stm32l4xx_hal_tim_ex.o
    0x08001f66   0x08001f66   0x00000002   Code   RO         4110    i.HAL_TIMEx_BreakCallback  stm32l4xx_hal_tim_ex.o
    0x08001f68   0x08001f68   0x00000002   Code   RO         4111    i.HAL_TIMEx_CommutCallback  stm32l4xx_hal_tim_ex.o
    0x08001f6a   0x08001f6a   0x00000034   Code   RO         3413    i.HAL_TIM_Base_Init  stm32l4xx_hal_tim.o
    0x08001f9e   0x08001f9e   0x00000002   Code   RO         3415    i.HAL_TIM_Base_MspInit  stm32l4xx_hal_tim.o
    0x08001fa0   0x08001fa0   0x00000038   Code   RO         3418    i.HAL_TIM_Base_Start_IT  stm32l4xx_hal_tim.o
    0x08001fd8   0x08001fd8   0x00000002   Code   RO         3442    i.HAL_TIM_IC_CaptureCallback  stm32l4xx_hal_tim.o
    0x08001fda   0x08001fda   0x000001b8   Code   RO         3456    i.HAL_TIM_IRQHandler  stm32l4xx_hal_tim.o
    0x08002192   0x08002192   0x00000002   Code   RO         3459    i.HAL_TIM_OC_DelayElapsedCallback  stm32l4xx_hal_tim.o
    0x08002194   0x08002194   0x00000002   Code   RO         3486    i.HAL_TIM_PWM_PulseFinishedCallback  stm32l4xx_hal_tim.o
    0x08002196   0x08002196   0x00000002   PAD
    0x08002198   0x08002198   0x00000018   Code   RO          536    i.HAL_TIM_PeriodElapsedCallback  main.o
    0x080021b0   0x080021b0   0x00000002   Code   RO         3499    i.HAL_TIM_TriggerCallback  stm32l4xx_hal_tim.o
    0x080021b2   0x080021b2   0x00000002   Code   RO         4764    i.HAL_UARTEx_WakeupCallback  stm32l4xx_hal_uart_ex.o
    0x080021b4   0x080021b4   0x00000002   Code   RO         4402    i.HAL_UART_ErrorCallback  stm32l4xx_hal_uart.o
    0x080021b6   0x080021b6   0x00000002   PAD
    0x080021b8   0x080021b8   0x000001b4   Code   RO         4405    i.HAL_UART_IRQHandler  stm32l4xx_hal_uart.o
    0x0800236c   0x0800236c   0x00000074   Code   RO         4406    i.HAL_UART_Init     stm32l4xx_hal_uart.o
    0x080023e0   0x080023e0   0x00000100   Code   RO          770    i.HAL_UART_MspInit  usart.o
    0x080024e0   0x080024e0   0x000000e4   Code   RO         4411    i.HAL_UART_Receive_IT  stm32l4xx_hal_uart.o
    0x080025c4   0x080025c4   0x0000002c   Code   RO          626    i.HAL_UART_RxCpltCallback  freertos.o
    0x080025f0   0x080025f0   0x0000002a   Code   RO          771    i.HAL_UART_SendBytes  usart.o
    0x0800261a   0x0800261a   0x000000d8   Code   RO         4415    i.HAL_UART_Transmit  stm32l4xx_hal_uart.o
    0x080026f2   0x080026f2   0x00000002   PAD
    0x080026f4   0x080026f4   0x0000002c   Code   RO          627    i.HAL_UART_TxCpltCallback  freertos.o
    0x08002720   0x08002720   0x00000012   Code   RO          772    i.HAL_USART_GET_FLAG  usart.o
    0x08002732   0x08002732   0x00000004   Code   RO          925    i.HardFault_Handler  stm32l4xx_it.o
    0x08002736   0x08002736   0x00000002   PAD
    0x08002738   0x08002738   0x000000ac   Code   RO          628    i.MX_FREERTOS_Init  freertos.o
    0x080027e4   0x080027e4   0x00000160   Code   RO          598    i.MX_GPIO_Init      gpio.o
    0x08002944   0x08002944   0x00000050   Code   RO          722    i.MX_SPI1_Init      spi.o
    0x08002994   0x08002994   0x0000004c   Code   RO          723    i.MX_SPI2_Init      spi.o
    0x080029e0   0x080029e0   0x00000040   Code   RO          773    i.MX_USART1_UART_Init  usart.o
    0x08002a20   0x08002a20   0x00000040   Code   RO          774    i.MX_USART3_UART_Init  usart.o
    0x08002a60   0x08002a60   0x00000034   Code   RO          882    i.MX_USB_PCD_Init   usb.o
    0x08002a94   0x08002a94   0x00000004   Code   RO          926    i.MemManage_Handler  stm32l4xx_it.o
    0x08002a98   0x08002a98   0x00000002   Code   RO          927    i.NMI_Handler       stm32l4xx_it.o
    0x08002a9a   0x08002a9a   0x00000002   PAD
    0x08002a9c   0x08002a9c   0x00000188   Code   RO         1943    i.RCCEx_PLLSAI1_Config  stm32l4xx_hal_rcc_ex.o
    0x08002c24   0x08002c24   0x0000009c   Code   RO         1829    i.RCC_SetFlashLatencyFromMSIRange  stm32l4xx_hal_rcc.o
    0x08002cc0   0x08002cc0   0x00000090   Code   RO          407    i.ReadMsgOnly       stpm32.o
    0x08002d50   0x08002d50   0x00000138   Code   RO          409    i.STPM32_Init       stpm32.o
    0x08002e88   0x08002e88   0x00000098   Code   RO          411    i.SendMsgOnly       stpm32.o
    0x08002f20   0x08002f20   0x0000000a   Code   RO          629    i.StartDefaultTask  freertos.o
    0x08002f2a   0x08002f2a   0x00000002   PAD
    0x08002f2c   0x08002f2c   0x00000018   Code   RO          630    i.StartSPI2         freertos.o
    0x08002f44   0x08002f44   0x00000214   Code   RO          631    i.StartUSART1       freertos.o
    0x08003158   0x08003158   0x00000480   Code   RO          632    i.StartUSART3       freertos.o
    0x080035d8   0x080035d8   0x00000034   Code   RO         6577    i.SysTick_Handler   port.o
    0x0800360c   0x0800360c   0x000000d8   Code   RO          537    i.SystemClock_Config  main.o
    0x080036e4   0x080036e4   0x00000050   Code   RO         5308    i.SystemInit        system_stm32l4xx.o
    0x08003734   0x08003734   0x00000010   Code   RO          928    i.TIM1_UP_TIM16_IRQHandler  stm32l4xx_it.o
    0x08003744   0x08003744   0x00000074   Code   RO         3501    i.TIM_Base_SetConfig  stm32l4xx_hal_tim.o
    0x080037b8   0x080037b8   0x000000f8   Code   RO         4420    i.UART_AdvFeatureConfig  stm32l4xx_hal_uart.o
    0x080038b0   0x080038b0   0x0000006e   Code   RO         4421    i.UART_CheckIdleState  stm32l4xx_hal_uart.o
    0x0800391e   0x0800391e   0x00000018   Code   RO         4422    i.UART_DMAAbortOnError  stm32l4xx_hal_uart.o
    0x08003936   0x08003936   0x00000022   Code   RO         4432    i.UART_EndRxTransfer  stm32l4xx_hal_uart.o
    0x08003958   0x08003958   0x00000020   Code   RO         4433    i.UART_EndTransmit_IT  stm32l4xx_hal_uart.o
    0x08003978   0x08003978   0x0000006a   Code   RO         4435    i.UART_RxISR_16BIT  stm32l4xx_hal_uart.o
    0x080039e2   0x080039e2   0x00000066   Code   RO         4436    i.UART_RxISR_8BIT   stm32l4xx_hal_uart.o
    0x08003a48   0x08003a48   0x000003f6   Code   RO         4437    i.UART_SetConfig    stm32l4xx_hal_uart.o
    0x08003e3e   0x08003e3e   0x000000b4   Code   RO         4440    i.UART_WaitOnFlagUntilTimeout  stm32l4xx_hal_uart.o
    0x08003ef2   0x08003ef2   0x00000002   PAD
    0x08003ef4   0x08003ef4   0x00000010   Code   RO          929    i.USART1_IRQHandler  stm32l4xx_it.o
    0x08003f04   0x08003f04   0x00000010   Code   RO          930    i.USART3_IRQHandler  stm32l4xx_it.o
    0x08003f14   0x08003f14   0x00000020   Code   RO          775    i.USART3_PINSET_RX  usart.o
    0x08003f34   0x08003f34   0x00000020   Code   RO          780    i.USART3_PINSET_TX  usart.o
    0x08003f54   0x08003f54   0x00000008   Code   RO         5112    i.USB_CoreInit      stm32l4xx_ll_usb.o
    0x08003f5c   0x08003f5c   0x00000012   Code   RO         5116    i.USB_DevDisconnect  stm32l4xx_ll_usb.o
    0x08003f6e   0x08003f6e   0x0000001e   Code   RO         5117    i.USB_DevInit       stm32l4xx_ll_usb.o
    0x08003f8c   0x08003f8c   0x00000014   Code   RO         5118    i.USB_DisableGlobalInt  stm32l4xx_ll_usb.o
    0x08003fa0   0x08003fa0   0x00000014   Code   RO         5123    i.USB_EnableGlobalInt  stm32l4xx_ll_usb.o
    0x08003fb4   0x08003fb4   0x00000006   Code   RO         5133    i.USB_SetCurrentMode  stm32l4xx_ll_usb.o
    0x08003fba   0x08003fba   0x00000004   Code   RO          931    i.UsageFault_Handler  stm32l4xx_it.o
    0x08003fbe   0x08003fbe   0x00000002   PAD
    0x08003fc0   0x08003fc0   0x00000024   Code   RO         6680    i.__0vsprintf       mc_w.l(printfa.o)
    0x08003fe4   0x08003fe4   0x00000010   Code   RO         2866    i.__NVIC_GetPriorityGrouping  stm32l4xx_hal_cortex.o
    0x08003ff4   0x08003ff4   0x00000028   Code   RO         2867    i.__NVIC_SetPriority  stm32l4xx_hal_cortex.o
    0x0800401c   0x0800401c   0x0000000e   Code   RO         6745    i.__scatterload_copy  mc_w.l(handlers.o)
    0x0800402a   0x0800402a   0x00000002   Code   RO         6746    i.__scatterload_null  mc_w.l(handlers.o)
    0x0800402c   0x0800402c   0x0000000e   Code   RO         6747    i.__scatterload_zeroinit  mc_w.l(handlers.o)
    0x0800403a   0x0800403a   0x00000002   PAD
    0x0800403c   0x0800403c   0x0000018a   Code   RO         6681    i._fp_digits        mc_w.l(printfa.o)
    0x080041c6   0x080041c6   0x00000002   PAD
    0x080041c8   0x080041c8   0x000006e2   Code   RO         6682    i._printf_core      mc_w.l(printfa.o)
    0x080048aa   0x080048aa   0x00000024   Code   RO         6683    i._printf_post_padding  mc_w.l(printfa.o)
    0x080048ce   0x080048ce   0x0000002e   Code   RO         6684    i._printf_pre_padding  mc_w.l(printfa.o)
    0x080048fc   0x080048fc   0x0000000a   Code   RO         6686    i._sputc            mc_w.l(printfa.o)
    0x08004906   0x08004906   0x0000002c   Code   RO          412    i.byteReverse       stpm32.o
    0x08004932   0x08004932   0x0000000a   Code   RO          633    i.defaultIDLE       freertos.o
    0x0800493c   0x0800493c   0x000000b4   Code   RO          538    i.main              main.o
    0x080049f0   0x080049f0   0x0000000e   Code   RO         6148    i.makeFreeRtosPriority  cmsis_os.o
    0x080049fe   0x080049fe   0x00000002   PAD
    0x08004a00   0x08004a00   0x00000038   Code   RO          781    i.myprintf          usart.o
    0x08004a38   0x08004a38   0x00000018   Code   RO         6150    i.osDelay           cmsis_os.o
    0x08004a50   0x08004a50   0x0000000a   Code   RO         6153    i.osKernelStart     cmsis_os.o
    0x08004a5a   0x08004a5a   0x0000004a   Code   RO         6179    i.osSemaphoreCreate  cmsis_os.o
    0x08004aa4   0x08004aa4   0x0000005e   Code   RO         6187    i.osThreadCreate    cmsis_os.o
    0x08004b02   0x08004b02   0x00000002   PAD
    0x08004b04   0x08004b04   0x00000098   Code   RO         5831    i.prvAddCurrentTaskToDelayedList  tasks.o
    0x08004b9c   0x08004b9c   0x000000b4   Code   RO         5832    i.prvAddNewTaskToReadyList  tasks.o
    0x08004c50   0x08004c50   0x00000048   Code   RO         5833    i.prvCheckTasksWaitingTermination  tasks.o
    0x08004c98   0x08004c98   0x0000007e   Code   RO         5486    i.prvCopyDataToQueue  queue.o
    0x08004d16   0x08004d16   0x00000050   Code   RO         5834    i.prvDeleteTCB      tasks.o
    0x08004d66   0x08004d66   0x00000002   PAD
    0x08004d68   0x08004d68   0x0000007c   Code   RO         6515    i.prvHeapInit       heap_4.o
    0x08004de4   0x08004de4   0x00000028   Code   RO         5835    i.prvIdleTask       tasks.o
    0x08004e0c   0x08004e0c   0x00000026   Code   RO         5489    i.prvInitialiseNewQueue  queue.o
    0x08004e32   0x08004e32   0x000000ba   Code   RO         5836    i.prvInitialiseNewTask  tasks.o
    0x08004eec   0x08004eec   0x00000068   Code   RO         5837    i.prvInitialiseTaskLists  tasks.o
    0x08004f54   0x08004f54   0x00000068   Code   RO         6516    i.prvInsertBlockIntoFreeList  heap_4.o
    0x08004fbc   0x08004fbc   0x0000001e   Code   RO         5491    i.prvIsQueueFull    queue.o
    0x08004fda   0x08004fda   0x00000002   PAD
    0x08004fdc   0x08004fdc   0x00000034   Code   RO         5838    i.prvResetNextTaskUnblockTime  tasks.o
    0x08005010   0x08005010   0x00000040   Code   RO         6578    i.prvTaskExitError  port.o
    0x08005050   0x08005050   0x0000007e   Code   RO         5492    i.prvUnlockQueue    queue.o
    0x080050ce   0x080050ce   0x00000002   PAD
    0x080050d0   0x080050d0   0x0000013c   Code   RO         6517    i.pvPortMalloc      heap_4.o
    0x0800520c   0x0800520c   0x0000002c   Code   RO         6579    i.pxPortInitialiseStack  port.o
    0x08005238   0x08005238   0x00000014   Code   RO          634    i.uint8_cpy         freertos.o
    0x0800524c   0x0800524c   0x00000028   Code   RO         5445    i.uxListRemove      list.o
    0x08005274   0x08005274   0x00000024   Code   RO         5843    i.uxTaskPriorityGet  tasks.o
    0x08005298   0x08005298   0x00000018   Code   RO          635    i.vApplicationGetIdleTaskMemory  freertos.o
    0x080052b0   0x080052b0   0x0000001a   Code   RO         5446    i.vListInitialise   list.o
    0x080052ca   0x080052ca   0x00000006   Code   RO         5447    i.vListInitialiseItem  list.o
    0x080052d0   0x080052d0   0x00000034   Code   RO         5448    i.vListInsert       list.o
    0x08005304   0x08005304   0x00000018   Code   RO         5449    i.vListInsertEnd    list.o
    0x0800531c   0x0800531c   0x00000054   Code   RO         6581    i.vPortEnterCritical  port.o
    0x08005370   0x08005370   0x0000003c   Code   RO         6582    i.vPortExitCritical  port.o
    0x080053ac   0x080053ac   0x00000094   Code   RO         6518    i.vPortFree         heap_4.o
    0x08005440   0x08005440   0x00000028   Code   RO         6583    i.vPortSetupTimerInterrupt  port.o
    0x08005468   0x08005468   0x0000005c   Code   RO         5846    i.vTaskDelay        tasks.o
    0x080054c4   0x080054c4   0x00000018   Code   RO         5849    i.vTaskInternalSetTimeOutState  tasks.o
    0x080054dc   0x080054dc   0x0000000c   Code   RO         5850    i.vTaskMissedYield  tasks.o
    0x080054e8   0x080054e8   0x00000038   Code   RO         5852    i.vTaskPlaceOnEventList  tasks.o
    0x08005520   0x08005520   0x000000b0   Code   RO         5859    i.vTaskStartScheduler  tasks.o
    0x080055d0   0x080055d0   0x00000010   Code   RO         5861    i.vTaskSuspendAll   tasks.o
    0x080055e0   0x080055e0   0x0000008c   Code   RO         5862    i.vTaskSwitchContext  tasks.o
    0x0800566c   0x0800566c   0x00000168   Code   RO         6585    i.xPortStartScheduler  port.o
    0x080057d4   0x080057d4   0x00000060   Code   RO         5501    i.xQueueGenericCreate  queue.o
    0x08005834   0x08005834   0x000000e0   Code   RO         5502    i.xQueueGenericCreateStatic  queue.o
    0x08005914   0x08005914   0x00000098   Code   RO         5503    i.xQueueGenericReset  queue.o
    0x080059ac   0x080059ac   0x000001a8   Code   RO         5504    i.xQueueGenericSend  queue.o
    0x08005b54   0x08005b54   0x0000008c   Code   RO         5863    i.xTaskCheckForTimeOut  tasks.o
    0x08005be0   0x08005be0   0x0000006a   Code   RO         5864    i.xTaskCreate       tasks.o
    0x08005c4a   0x08005c4a   0x000000c0   Code   RO         5865    i.xTaskCreateStatic  tasks.o
    0x08005d0a   0x08005d0a   0x00000002   PAD
    0x08005d0c   0x08005d0c   0x00000020   Code   RO         5869    i.xTaskGetSchedulerState  tasks.o
    0x08005d2c   0x08005d2c   0x00000148   Code   RO         5872    i.xTaskIncrementTick  tasks.o
    0x08005e74   0x08005e74   0x000000c8   Code   RO         5875    i.xTaskPriorityDisinherit  tasks.o
    0x08005f3c   0x08005f3c   0x00000098   Code   RO         5877    i.xTaskRemoveFromEventList  tasks.o
    0x08005fd4   0x08005fd4   0x00000104   Code   RO         5878    i.xTaskResumeAll    tasks.o
    0x080060d8   0x080060d8   0x0000008c   Data   RO          637    .constdata          freertos.o
    0x08006164   0x08006164   0x00000048   Data   RO         5309    .constdata          system_stm32l4xx.o
    0x080061ac   0x080061ac   0x0000002c   Data   RO          638    .conststring        freertos.o
    0x080061d8   0x080061d8   0x00000020   Data   RO         6743    Region$$Table       anon$$obj.o


    Execution Region RW_IRAM1 (Exec base: 0x20000000, Load base: 0x080061f8, Size: 0x00008420, Max: 0x00010000, ABSOLUTE, COMPRESSED[0x00000014])

    Exec Addr    Load Addr    Size         Type   Attr      Idx    E Section Name        Object

    0x20000000   COMPRESSED   0x00000025   Data   RW          413    .data               stpm32.o
    0x20000025   COMPRESSED   0x00000003   PAD
    0x20000028   COMPRESSED   0x00000098   Data   RW          639    .data               freertos.o
    0x200000c0   COMPRESSED   0x0000000c   Data   RW         1101    .data               stm32l4xx_hal.o
    0x200000cc   COMPRESSED   0x00000004   Data   RW         5310    .data               system_stm32l4xx.o
    0x200000d0   COMPRESSED   0x0000003c   Data   RW         5881    .data               tasks.o
    0x2000010c   COMPRESSED   0x00000018   Data   RW         6523    .data               heap_4.o
    0x20000124   COMPRESSED   0x0000000c   Data   RW         6586    .data               port.o
    0x20000130        -       0x00000254   Zero   RW          636    .bss                freertos.o
    0x20000384        -       0x000000c8   Zero   RW          724    .bss                spi.o
    0x2000044c        -       0x00000300   Zero   RW          782    .bss                usart.o
    0x2000074c        -       0x00000274   Zero   RW          883    .bss                usb.o
    0x200009c0        -       0x00000040   Zero   RW         1030    .bss                stm32l4xx_hal_timebase_tim.o
    0x20000a00        -       0x000000f0   Zero   RW         5880    .bss                tasks.o
    0x20000af0        -       0x00007530   Zero   RW         6522    .bss                heap_4.o
    0x20008020        -       0x00000400   Zero   RW            1    STACK               startup_stm32l433xx.o


==============================================================================

Image component sizes


      Code (inc. data)   RO Data    RW Data    ZI Data      Debug   Object Name

       216          0          0          0          0      23707   cmsis_os.o
         0          0          0          0          0      18872   event_groups.o
         0          0          0          0          0     751840   ext_flash.o
      2032        742        184        152        596       8741   freertos.o
       352         14          0          0          0       1047   gpio.o
       692         62          0         24      30000       7379   heap_4.o
       148          0          0          0          0       3614   list.o
       422         74          0          0          0       9752   main.o
       926         78          0         12          0      11220   port.o
      1216         10          0          0          0      12379   queue.o
       376         34          0          0        200       2530   spi.o
        36          8        396          0       1024        844   startup_stm32l433xx.o
       106         18          0         12          0       3642   stm32l4xx_hal.o
       258         22          0          0          0      33722   stm32l4xx_hal_cortex.o
        92          0          0          0          0       1071   stm32l4xx_hal_dma.o
       466         28          0          0          0       2304   stm32l4xx_hal_gpio.o
        72          4          0          0          0        838   stm32l4xx_hal_msp.o
       314          0          0          0          0       1395   stm32l4xx_hal_pcd.o
        40          0          0          0          0       1044   stm32l4xx_hal_pcd_ex.o
        20          6          0          0          0        551   stm32l4xx_hal_pwr.o
       156         18          0          0          0       1366   stm32l4xx_hal_pwr_ex.o
      2820        118          0          0          0       8101   stm32l4xx_hal_rcc.o
      1392         32          0          0          0       3489   stm32l4xx_hal_rcc_ex.o
       192          0          0          0          0       1231   stm32l4xx_hal_spi.o
       674         18          0          0          0       6366   stm32l4xx_hal_tim.o
         6          0          0          0          0       2180   stm32l4xx_hal_tim_ex.o
       136         18          0          0         64       1463   stm32l4xx_hal_timebase_tim.o
      2848         72          0          0          0      12034   stm32l4xx_hal_uart.o
         2          0          0          0          0        972   stm32l4xx_hal_uart_ex.o
        68         18          0          0          0       4268   stm32l4xx_it.o
       102          0          0          0          0       4231   stm32l4xx_ll_usb.o
       752         42          0         37          0       4970   stpm32.o
         0          0          0          0          0        408   stream_buffer.o
        80         12         72          4          0       1233   system_stm32l4xx.o
      2828        346          0         60        240      26748   tasks.o
       564         54          0          0        768       6112   usart.o
       100         18          0          0        628       1726   usb.o

    ----------------------------------------------------------------------
     20542       1866        684        304      33520     983390   Object Totals
         0          0         32          0          0          0   (incl. Generated)
        38          0          0          3          0          0   (incl. Padding)

    ----------------------------------------------------------------------

      Code (inc. data)   RO Data    RW Data    ZI Data      Debug   Library Member Name

        58          0          0          0          0          0   __dczerorl.o
         0          0          0          0          0          0   entry.o
         0          0          0          0          0          0   entry10a.o
         0          0          0          0          0          0   entry11a.o
         8          4          0          0          0          0   entry2.o
         4          0          0          0          0          0   entry5.o
         0          0          0          0          0          0   entry7b.o
         0          0          0          0          0          0   entry8b.o
         8          4          0          0          0          0   entry9a.o
        30          0          0          0          0          0   handlers.o
        36          8          0          0          0         68   init.o
         0          0          0          0          0          0   iusefp.o
        30          0          0          0          0         68   llshl.o
        36          0          0          0          0         68   llsshr.o
        32          0          0          0          0         68   llushr.o
        36          0          0          0          0         68   memcpya.o
        36          0          0          0          0        108   memseta.o
      2284         86          0          0          0        516   printfa.o
        14          0          0          0          0         68   strlen.o
        44          0          0          0          0         80   uidiv.o
       104          0          0          0          0         92   uldiv.o
        48          0          0          0          0         68   cdrcmple.o
       350          0          0          0          0        148   dadd.o
       222          0          0          0          0        100   ddiv.o
       186          0          0          0          0        176   depilogue.o
        48          0          0          0          0         68   dfixul.o
       234          0          0          0          0         96   dmul.o

    ----------------------------------------------------------------------
      3854        102          0          0          0       1860   Library Totals
         6          0          0          0          0          0   (incl. Padding)

    ----------------------------------------------------------------------

      Code (inc. data)   RO Data    RW Data    ZI Data      Debug   Library Name

      2760        102          0          0          0       1204   mc_w.l
      1088          0          0          0          0        656   mf_w.l

    ----------------------------------------------------------------------
      3854        102          0          0          0       1860   Library Totals

    ----------------------------------------------------------------------

==============================================================================


      Code (inc. data)   RO Data    RW Data    ZI Data      Debug   

     24396       1968        684        304      33520     968998   Grand Totals
     24396       1968        684         20      33520     968998   ELF Image Totals (compressed)
     24396       1968        684         20          0          0   ROM Totals

==============================================================================

    Total RO  Size (Code + RO Data)                25080 (  24.49kB)
    Total RW  Size (RW Data + ZI Data)             33824 (  33.03kB)
    Total ROM Size (Code + RO Data + RW Data)      25100 (  24.51kB)

==============================================================================

